ARM GAS  C:\Users\ADMINI~1\AppData\Local\Temp\cctLRtXR.s 			page 1


   1              		.syntax unified
   2              		.cpu cortex-m0
   3              		.fpu softvfp
   4              		.eabi_attribute 20, 1
   5              		.eabi_attribute 21, 1
   6              		.eabi_attribute 23, 3
   7              		.eabi_attribute 24, 1
   8              		.eabi_attribute 25, 1
   9              		.eabi_attribute 26, 1
  10              		.eabi_attribute 30, 6
  11              		.eabi_attribute 34, 0
  12              		.eabi_attribute 18, 4
  13              		.thumb
  14              		.syntax unified
  15              		.file	"lib_math.c"
  16              		.text
  17              	.Ltext0:
  18              		.cfi_sections	.debug_frame
  19              		.comm	Math_RandSeedCur,4,4
  20              		.section	.text.Math_Init,"ax",%progbits
  21              		.align	2
  22              		.global	Math_Init
  23              		.code	16
  24              		.thumb_func
  25              		.type	Math_Init, %function
  26              	Math_Init:
  27              	.LFB0:
  28              		.file 1 "..\\..\\..\\..\\..\\..\\Software\\uC-LIB\\lib_math.c"
   1:..\..\..\..\..\..\Software\uC-LIB/lib_math.c **** /*
   2:..\..\..\..\..\..\Software\uC-LIB/lib_math.c **** ***************************************************************************************************
   3:..\..\..\..\..\..\Software\uC-LIB/lib_math.c **** *                                                uC/LIB
   4:..\..\..\..\..\..\Software\uC-LIB/lib_math.c **** *                                        CUSTOM LIBRARY MODULES
   5:..\..\..\..\..\..\Software\uC-LIB/lib_math.c **** *
   6:..\..\..\..\..\..\Software\uC-LIB/lib_math.c **** *                         (c) Copyright 2004-2014; Micrium, Inc.; Weston, FL
   7:..\..\..\..\..\..\Software\uC-LIB/lib_math.c **** *
   8:..\..\..\..\..\..\Software\uC-LIB/lib_math.c **** *                  All rights reserved.  Protected by international copyright laws.
   9:..\..\..\..\..\..\Software\uC-LIB/lib_math.c **** *
  10:..\..\..\..\..\..\Software\uC-LIB/lib_math.c **** *                  uC/LIB is provided in source form to registered licensees ONLY.  It is
  11:..\..\..\..\..\..\Software\uC-LIB/lib_math.c **** *                  illegal to distribute this source code to any third party unless you receive
  12:..\..\..\..\..\..\Software\uC-LIB/lib_math.c **** *                  written permission by an authorized Micrium representative.  Knowledge of
  13:..\..\..\..\..\..\Software\uC-LIB/lib_math.c **** *                  the source code may NOT be used to develop a similar product.
  14:..\..\..\..\..\..\Software\uC-LIB/lib_math.c **** *
  15:..\..\..\..\..\..\Software\uC-LIB/lib_math.c **** *                  Please help us continue to provide the Embedded community with the finest
  16:..\..\..\..\..\..\Software\uC-LIB/lib_math.c **** *                  software available.  Your honesty is greatly appreciated.
  17:..\..\..\..\..\..\Software\uC-LIB/lib_math.c **** *
  18:..\..\..\..\..\..\Software\uC-LIB/lib_math.c **** *                  You can find our product's user manual, API reference, release notes and
  19:..\..\..\..\..\..\Software\uC-LIB/lib_math.c **** *                  more information at: https://doc.micrium.com
  20:..\..\..\..\..\..\Software\uC-LIB/lib_math.c **** *
  21:..\..\..\..\..\..\Software\uC-LIB/lib_math.c **** *                  You can contact us at: http://www.micrium.com
  22:..\..\..\..\..\..\Software\uC-LIB/lib_math.c **** ***************************************************************************************************
  23:..\..\..\..\..\..\Software\uC-LIB/lib_math.c **** */
  24:..\..\..\..\..\..\Software\uC-LIB/lib_math.c **** 
  25:..\..\..\..\..\..\Software\uC-LIB/lib_math.c **** /*
  26:..\..\..\..\..\..\Software\uC-LIB/lib_math.c **** ***************************************************************************************************
  27:..\..\..\..\..\..\Software\uC-LIB/lib_math.c **** *
  28:..\..\..\..\..\..\Software\uC-LIB/lib_math.c **** *                                        MATHEMATIC OPERATIONS
  29:..\..\..\..\..\..\Software\uC-LIB/lib_math.c **** *
ARM GAS  C:\Users\ADMINI~1\AppData\Local\Temp\cctLRtXR.s 			page 2


  30:..\..\..\..\..\..\Software\uC-LIB/lib_math.c **** * Filename      : lib_math.c
  31:..\..\..\..\..\..\Software\uC-LIB/lib_math.c **** * Version       : V1.38.01
  32:..\..\..\..\..\..\Software\uC-LIB/lib_math.c **** * Programmer(s) : SR
  33:..\..\..\..\..\..\Software\uC-LIB/lib_math.c **** *                 ITJ
  34:..\..\..\..\..\..\Software\uC-LIB/lib_math.c **** ***************************************************************************************************
  35:..\..\..\..\..\..\Software\uC-LIB/lib_math.c **** * Note(s)       : (1) NO compiler-supplied standard library functions are used in library or produc
  36:..\..\..\..\..\..\Software\uC-LIB/lib_math.c **** *
  37:..\..\..\..\..\..\Software\uC-LIB/lib_math.c **** *                     (a) ALL standard library functions are implemented in the custom library modu
  38:..\..\..\..\..\..\Software\uC-LIB/lib_math.c **** *
  39:..\..\..\..\..\..\Software\uC-LIB/lib_math.c **** *                         (1) \<Custom Library Directory>\lib_*.*
  40:..\..\..\..\..\..\Software\uC-LIB/lib_math.c **** *
  41:..\..\..\..\..\..\Software\uC-LIB/lib_math.c **** *                         (2) \<Custom Library Directory>\Ports\<cpu>\<compiler>\lib*_a.*
  42:..\..\..\..\..\..\Software\uC-LIB/lib_math.c **** *
  43:..\..\..\..\..\..\Software\uC-LIB/lib_math.c **** *                               where
  44:..\..\..\..\..\..\Software\uC-LIB/lib_math.c **** *                                       <Custom Library Directory>      directory path for custom l
  45:..\..\..\..\..\..\Software\uC-LIB/lib_math.c **** *                                       <cpu>                           directory name for specific
  46:..\..\..\..\..\..\Software\uC-LIB/lib_math.c **** *                                       <compiler>                      directory name for specific
  47:..\..\..\..\..\..\Software\uC-LIB/lib_math.c **** *
  48:..\..\..\..\..\..\Software\uC-LIB/lib_math.c **** *                     (b) Product-specific library functions are implemented in individual products
  49:..\..\..\..\..\..\Software\uC-LIB/lib_math.c **** *
  50:..\..\..\..\..\..\Software\uC-LIB/lib_math.c **** ***************************************************************************************************
  51:..\..\..\..\..\..\Software\uC-LIB/lib_math.c **** * Notice(s)     : (1) The Institute of Electrical and Electronics Engineers and The Open Group, hav
  52:..\..\..\..\..\..\Software\uC-LIB/lib_math.c **** *                     us permission to reprint portions of their documentation.  Portions of this t
  53:..\..\..\..\..\..\Software\uC-LIB/lib_math.c **** *                     reprinted and reproduced in electronic form from the IEEE Std 1003.1, 2004 Ed
  54:..\..\..\..\..\..\Software\uC-LIB/lib_math.c **** *                     Standard for Information Technology -- Portable Operating System Interface (P
  55:..\..\..\..\..\..\Software\uC-LIB/lib_math.c **** *                     The Open Group Base Specifications Issue 6, Copyright (C) 2001-2004 by the In
  56:..\..\..\..\..\..\Software\uC-LIB/lib_math.c **** *                     of Electrical and Electronics Engineers, Inc and The Open Group.  In the even
  57:..\..\..\..\..\..\Software\uC-LIB/lib_math.c **** *                     discrepancy between these versions and the original IEEE and The Open Group S
  58:..\..\..\..\..\..\Software\uC-LIB/lib_math.c **** *                     the original IEEE and The Open Group Standard is the referee document.  The o
  59:..\..\..\..\..\..\Software\uC-LIB/lib_math.c **** *                     Standard can be obtained online at http://www.opengroup.org/unix/online.html.
  60:..\..\..\..\..\..\Software\uC-LIB/lib_math.c **** ***************************************************************************************************
  61:..\..\..\..\..\..\Software\uC-LIB/lib_math.c **** */
  62:..\..\..\..\..\..\Software\uC-LIB/lib_math.c **** 
  63:..\..\..\..\..\..\Software\uC-LIB/lib_math.c **** 
  64:..\..\..\..\..\..\Software\uC-LIB/lib_math.c **** /*
  65:..\..\..\..\..\..\Software\uC-LIB/lib_math.c **** ***************************************************************************************************
  66:..\..\..\..\..\..\Software\uC-LIB/lib_math.c **** *                                            INCLUDE FILES
  67:..\..\..\..\..\..\Software\uC-LIB/lib_math.c **** ***************************************************************************************************
  68:..\..\..\..\..\..\Software\uC-LIB/lib_math.c **** */
  69:..\..\..\..\..\..\Software\uC-LIB/lib_math.c **** 
  70:..\..\..\..\..\..\Software\uC-LIB/lib_math.c **** #define    MICRIUM_SOURCE
  71:..\..\..\..\..\..\Software\uC-LIB/lib_math.c **** #define    LIB_MATH_MODULE
  72:..\..\..\..\..\..\Software\uC-LIB/lib_math.c **** #include  <lib_math.h>
  73:..\..\..\..\..\..\Software\uC-LIB/lib_math.c **** 
  74:..\..\..\..\..\..\Software\uC-LIB/lib_math.c **** 
  75:..\..\..\..\..\..\Software\uC-LIB/lib_math.c **** /*
  76:..\..\..\..\..\..\Software\uC-LIB/lib_math.c **** ***************************************************************************************************
  77:..\..\..\..\..\..\Software\uC-LIB/lib_math.c **** *                                            LOCAL DEFINES
  78:..\..\..\..\..\..\Software\uC-LIB/lib_math.c **** ***************************************************************************************************
  79:..\..\..\..\..\..\Software\uC-LIB/lib_math.c **** */
  80:..\..\..\..\..\..\Software\uC-LIB/lib_math.c **** 
  81:..\..\..\..\..\..\Software\uC-LIB/lib_math.c **** 
  82:..\..\..\..\..\..\Software\uC-LIB/lib_math.c **** /*
  83:..\..\..\..\..\..\Software\uC-LIB/lib_math.c **** ***************************************************************************************************
  84:..\..\..\..\..\..\Software\uC-LIB/lib_math.c **** *                                           LOCAL CONSTANTS
  85:..\..\..\..\..\..\Software\uC-LIB/lib_math.c **** ***************************************************************************************************
  86:..\..\..\..\..\..\Software\uC-LIB/lib_math.c **** */
ARM GAS  C:\Users\ADMINI~1\AppData\Local\Temp\cctLRtXR.s 			page 3


  87:..\..\..\..\..\..\Software\uC-LIB/lib_math.c **** 
  88:..\..\..\..\..\..\Software\uC-LIB/lib_math.c **** 
  89:..\..\..\..\..\..\Software\uC-LIB/lib_math.c **** /*
  90:..\..\..\..\..\..\Software\uC-LIB/lib_math.c **** ***************************************************************************************************
  91:..\..\..\..\..\..\Software\uC-LIB/lib_math.c **** *                                          LOCAL DATA TYPES
  92:..\..\..\..\..\..\Software\uC-LIB/lib_math.c **** ***************************************************************************************************
  93:..\..\..\..\..\..\Software\uC-LIB/lib_math.c **** */
  94:..\..\..\..\..\..\Software\uC-LIB/lib_math.c **** 
  95:..\..\..\..\..\..\Software\uC-LIB/lib_math.c **** 
  96:..\..\..\..\..\..\Software\uC-LIB/lib_math.c **** /*
  97:..\..\..\..\..\..\Software\uC-LIB/lib_math.c **** ***************************************************************************************************
  98:..\..\..\..\..\..\Software\uC-LIB/lib_math.c **** *                                            LOCAL TABLES
  99:..\..\..\..\..\..\Software\uC-LIB/lib_math.c **** ***************************************************************************************************
 100:..\..\..\..\..\..\Software\uC-LIB/lib_math.c **** */
 101:..\..\..\..\..\..\Software\uC-LIB/lib_math.c **** 
 102:..\..\..\..\..\..\Software\uC-LIB/lib_math.c **** 
 103:..\..\..\..\..\..\Software\uC-LIB/lib_math.c **** /*
 104:..\..\..\..\..\..\Software\uC-LIB/lib_math.c **** ***************************************************************************************************
 105:..\..\..\..\..\..\Software\uC-LIB/lib_math.c **** *                                       LOCAL GLOBAL VARIABLES
 106:..\..\..\..\..\..\Software\uC-LIB/lib_math.c **** ***************************************************************************************************
 107:..\..\..\..\..\..\Software\uC-LIB/lib_math.c **** */
 108:..\..\..\..\..\..\Software\uC-LIB/lib_math.c **** 
 109:..\..\..\..\..\..\Software\uC-LIB/lib_math.c **** RAND_NBR  Math_RandSeedCur;                                     /* Cur rand nbr seed.              
 110:..\..\..\..\..\..\Software\uC-LIB/lib_math.c **** 
 111:..\..\..\..\..\..\Software\uC-LIB/lib_math.c **** 
 112:..\..\..\..\..\..\Software\uC-LIB/lib_math.c **** /*
 113:..\..\..\..\..\..\Software\uC-LIB/lib_math.c **** ***************************************************************************************************
 114:..\..\..\..\..\..\Software\uC-LIB/lib_math.c **** *                                      LOCAL FUNCTION PROTOTYPES
 115:..\..\..\..\..\..\Software\uC-LIB/lib_math.c **** ***************************************************************************************************
 116:..\..\..\..\..\..\Software\uC-LIB/lib_math.c **** */
 117:..\..\..\..\..\..\Software\uC-LIB/lib_math.c **** 
 118:..\..\..\..\..\..\Software\uC-LIB/lib_math.c **** 
 119:..\..\..\..\..\..\Software\uC-LIB/lib_math.c **** /*
 120:..\..\..\..\..\..\Software\uC-LIB/lib_math.c **** ***************************************************************************************************
 121:..\..\..\..\..\..\Software\uC-LIB/lib_math.c **** *                                     LOCAL CONFIGURATION ERRORS
 122:..\..\..\..\..\..\Software\uC-LIB/lib_math.c **** ***************************************************************************************************
 123:..\..\..\..\..\..\Software\uC-LIB/lib_math.c **** */
 124:..\..\..\..\..\..\Software\uC-LIB/lib_math.c **** 
 125:..\..\..\..\..\..\Software\uC-LIB/lib_math.c **** 
 126:..\..\..\..\..\..\Software\uC-LIB/lib_math.c **** /*
 127:..\..\..\..\..\..\Software\uC-LIB/lib_math.c **** ***************************************************************************************************
 128:..\..\..\..\..\..\Software\uC-LIB/lib_math.c **** *                                             Math_Init()
 129:..\..\..\..\..\..\Software\uC-LIB/lib_math.c **** *
 130:..\..\..\..\..\..\Software\uC-LIB/lib_math.c **** * Description : (1) Initialize Mathematic Module :
 131:..\..\..\..\..\..\Software\uC-LIB/lib_math.c **** *
 132:..\..\..\..\..\..\Software\uC-LIB/lib_math.c **** *                   (a) Initialize random number seed value
 133:..\..\..\..\..\..\Software\uC-LIB/lib_math.c **** *
 134:..\..\..\..\..\..\Software\uC-LIB/lib_math.c **** *
 135:..\..\..\..\..\..\Software\uC-LIB/lib_math.c **** * Argument(s) : none.
 136:..\..\..\..\..\..\Software\uC-LIB/lib_math.c **** *
 137:..\..\..\..\..\..\Software\uC-LIB/lib_math.c **** * Return(s)   : none.
 138:..\..\..\..\..\..\Software\uC-LIB/lib_math.c **** *
 139:..\..\..\..\..\..\Software\uC-LIB/lib_math.c **** * Caller(s)   : Application.
 140:..\..\..\..\..\..\Software\uC-LIB/lib_math.c **** *
 141:..\..\..\..\..\..\Software\uC-LIB/lib_math.c **** * Note(s)     : (2) IEEE Std 1003.1, 2004 Edition, Section 'rand() : DESCRIPTION' states that "if r
 142:..\..\..\..\..\..\Software\uC-LIB/lib_math.c **** *                   is called before any calls to srand() are made, the same sequence shall be gene
 143:..\..\..\..\..\..\Software\uC-LIB/lib_math.c **** *                   as when srand() is first called with a seed value of 1".
ARM GAS  C:\Users\ADMINI~1\AppData\Local\Temp\cctLRtXR.s 			page 4


 144:..\..\..\..\..\..\Software\uC-LIB/lib_math.c **** ***************************************************************************************************
 145:..\..\..\..\..\..\Software\uC-LIB/lib_math.c **** */
 146:..\..\..\..\..\..\Software\uC-LIB/lib_math.c **** 
 147:..\..\..\..\..\..\Software\uC-LIB/lib_math.c **** void  Math_Init (void)
 148:..\..\..\..\..\..\Software\uC-LIB/lib_math.c **** {
  29              		.loc 1 148 0
  30              		.cfi_startproc
  31              		@ args = 0, pretend = 0, frame = 0
  32              		@ frame_needed = 1, uses_anonymous_args = 0
  33 0000 80B5     		push	{r7, lr}
  34              		.cfi_def_cfa_offset 8
  35              		.cfi_offset 7, -8
  36              		.cfi_offset 14, -4
  37 0002 00AF     		add	r7, sp, #0
  38              		.cfi_def_cfa_register 7
 149:..\..\..\..\..\..\Software\uC-LIB/lib_math.c ****     Math_RandSetSeed((RAND_NBR)RAND_SEED_INIT_VAL);             /* See Note #2.                    
  39              		.loc 1 149 0
  40 0004 0120     		movs	r0, #1
  41 0006 FFF7FEFF 		bl	Math_RandSetSeed
 150:..\..\..\..\..\..\Software\uC-LIB/lib_math.c **** }
  42              		.loc 1 150 0
  43 000a C046     		nop
  44 000c BD46     		mov	sp, r7
  45              		@ sp needed
  46 000e 80BD     		pop	{r7, pc}
  47              		.cfi_endproc
  48              	.LFE0:
  49              		.size	Math_Init, .-Math_Init
  50              		.section	.text.Math_RandSetSeed,"ax",%progbits
  51              		.align	2
  52              		.global	Math_RandSetSeed
  53              		.code	16
  54              		.thumb_func
  55              		.type	Math_RandSetSeed, %function
  56              	Math_RandSetSeed:
  57              	.LFB1:
 151:..\..\..\..\..\..\Software\uC-LIB/lib_math.c **** 
 152:..\..\..\..\..\..\Software\uC-LIB/lib_math.c **** 
 153:..\..\..\..\..\..\Software\uC-LIB/lib_math.c **** /*
 154:..\..\..\..\..\..\Software\uC-LIB/lib_math.c **** ***************************************************************************************************
 155:..\..\..\..\..\..\Software\uC-LIB/lib_math.c **** *                                         Math_RandSetSeed()
 156:..\..\..\..\..\..\Software\uC-LIB/lib_math.c **** *
 157:..\..\..\..\..\..\Software\uC-LIB/lib_math.c **** * Description : Set the current pseudo-random number generator seed.
 158:..\..\..\..\..\..\Software\uC-LIB/lib_math.c **** *
 159:..\..\..\..\..\..\Software\uC-LIB/lib_math.c **** * Argument(s) : seed        Initial (or current) value to set for the pseudo-random number sequence
 160:..\..\..\..\..\..\Software\uC-LIB/lib_math.c **** *
 161:..\..\..\..\..\..\Software\uC-LIB/lib_math.c **** * Return(s)   : none.
 162:..\..\..\..\..\..\Software\uC-LIB/lib_math.c **** *
 163:..\..\..\..\..\..\Software\uC-LIB/lib_math.c **** * Caller(s)   : Application.
 164:..\..\..\..\..\..\Software\uC-LIB/lib_math.c **** *
 165:..\..\..\..\..\..\Software\uC-LIB/lib_math.c **** * Note(s)     : (1) IEEE Std 1003.1, 2004 Edition, Section 'rand() : DESCRIPTION' states that "sran
 166:..\..\..\..\..\..\Software\uC-LIB/lib_math.c **** *                   ... uses the argument as a seed for a new sequence of pseudo-random numbers to 
 167:..\..\..\..\..\..\Software\uC-LIB/lib_math.c **** *                   returned by subsequent calls to rand()".
 168:..\..\..\..\..\..\Software\uC-LIB/lib_math.c **** *
 169:..\..\..\..\..\..\Software\uC-LIB/lib_math.c **** *               (2) 'Math_RandSeedCur' MUST always be accessed exclusively in critical sections.
 170:..\..\..\..\..\..\Software\uC-LIB/lib_math.c **** *
 171:..\..\..\..\..\..\Software\uC-LIB/lib_math.c **** *                   See also 'Math_Rand()  Note #1b'.
ARM GAS  C:\Users\ADMINI~1\AppData\Local\Temp\cctLRtXR.s 			page 5


 172:..\..\..\..\..\..\Software\uC-LIB/lib_math.c **** ***************************************************************************************************
 173:..\..\..\..\..\..\Software\uC-LIB/lib_math.c **** */
 174:..\..\..\..\..\..\Software\uC-LIB/lib_math.c **** 
 175:..\..\..\..\..\..\Software\uC-LIB/lib_math.c **** void  Math_RandSetSeed (RAND_NBR  seed)
 176:..\..\..\..\..\..\Software\uC-LIB/lib_math.c **** {
  58              		.loc 1 176 0
  59              		.cfi_startproc
  60              		@ args = 0, pretend = 0, frame = 16
  61              		@ frame_needed = 1, uses_anonymous_args = 0
  62 0000 80B5     		push	{r7, lr}
  63              		.cfi_def_cfa_offset 8
  64              		.cfi_offset 7, -8
  65              		.cfi_offset 14, -4
  66 0002 84B0     		sub	sp, sp, #16
  67              		.cfi_def_cfa_offset 24
  68 0004 00AF     		add	r7, sp, #0
  69              		.cfi_def_cfa_register 7
  70 0006 7860     		str	r0, [r7, #4]
 177:..\..\..\..\..\..\Software\uC-LIB/lib_math.c ****     CPU_SR_ALLOC();
  71              		.loc 1 177 0
  72 0008 0023     		movs	r3, #0
  73 000a FB60     		str	r3, [r7, #12]
 178:..\..\..\..\..\..\Software\uC-LIB/lib_math.c **** 
 179:..\..\..\..\..\..\Software\uC-LIB/lib_math.c **** 
 180:..\..\..\..\..\..\Software\uC-LIB/lib_math.c ****     CPU_CRITICAL_ENTER();
  74              		.loc 1 180 0
  75 000c FFF7FEFF 		bl	CPU_SR_Save
  76 0010 0300     		movs	r3, r0
  77 0012 FB60     		str	r3, [r7, #12]
  78 0014 FFF7FEFF 		bl	CPU_IntDisMeasStart
 181:..\..\..\..\..\..\Software\uC-LIB/lib_math.c ****     Math_RandSeedCur = seed;
  79              		.loc 1 181 0
  80 0018 064B     		ldr	r3, .L3
  81 001a 7A68     		ldr	r2, [r7, #4]
  82 001c 1A60     		str	r2, [r3]
 182:..\..\..\..\..\..\Software\uC-LIB/lib_math.c ****     CPU_CRITICAL_EXIT();
  83              		.loc 1 182 0
  84 001e FFF7FEFF 		bl	CPU_IntDisMeasStop
  85 0022 FB68     		ldr	r3, [r7, #12]
  86 0024 1800     		movs	r0, r3
  87 0026 FFF7FEFF 		bl	CPU_SR_Restore
 183:..\..\..\..\..\..\Software\uC-LIB/lib_math.c **** }
  88              		.loc 1 183 0
  89 002a C046     		nop
  90 002c BD46     		mov	sp, r7
  91 002e 04B0     		add	sp, sp, #16
  92              		@ sp needed
  93 0030 80BD     		pop	{r7, pc}
  94              	.L4:
  95 0032 C046     		.align	2
  96              	.L3:
  97 0034 00000000 		.word	Math_RandSeedCur
  98              		.cfi_endproc
  99              	.LFE1:
 100              		.size	Math_RandSetSeed, .-Math_RandSetSeed
 101              		.section	.text.Math_Rand,"ax",%progbits
 102              		.align	2
ARM GAS  C:\Users\ADMINI~1\AppData\Local\Temp\cctLRtXR.s 			page 6


 103              		.global	Math_Rand
 104              		.code	16
 105              		.thumb_func
 106              		.type	Math_Rand, %function
 107              	Math_Rand:
 108              	.LFB2:
 184:..\..\..\..\..\..\Software\uC-LIB/lib_math.c **** 
 185:..\..\..\..\..\..\Software\uC-LIB/lib_math.c **** 
 186:..\..\..\..\..\..\Software\uC-LIB/lib_math.c **** /*
 187:..\..\..\..\..\..\Software\uC-LIB/lib_math.c **** ***************************************************************************************************
 188:..\..\..\..\..\..\Software\uC-LIB/lib_math.c **** *                                             Math_Rand()
 189:..\..\..\..\..\..\Software\uC-LIB/lib_math.c **** *
 190:..\..\..\..\..\..\Software\uC-LIB/lib_math.c **** * Description : Calculate the next pseudo-random number.
 191:..\..\..\..\..\..\Software\uC-LIB/lib_math.c **** *
 192:..\..\..\..\..\..\Software\uC-LIB/lib_math.c **** * Argument(s) : none.
 193:..\..\..\..\..\..\Software\uC-LIB/lib_math.c **** *
 194:..\..\..\..\..\..\Software\uC-LIB/lib_math.c **** * Return(s)   : Next pseudo-random number in the sequence after 'Math_RandSeedCur'.
 195:..\..\..\..\..\..\Software\uC-LIB/lib_math.c **** *
 196:..\..\..\..\..\..\Software\uC-LIB/lib_math.c **** * Caller(s)   : Application.
 197:..\..\..\..\..\..\Software\uC-LIB/lib_math.c **** *
 198:..\..\..\..\..\..\Software\uC-LIB/lib_math.c **** * Note(s)     : (1) (a) The pseudo-random number generator is implemented as a Linear Congruential
 199:..\..\..\..\..\..\Software\uC-LIB/lib_math.c **** *                       Generator (LCG).
 200:..\..\..\..\..\..\Software\uC-LIB/lib_math.c **** *
 201:..\..\..\..\..\..\Software\uC-LIB/lib_math.c **** *                   (b) The pseudo-random number generated is in the range [0, RAND_LCG_PARAM_M].
 202:..\..\..\..\..\..\Software\uC-LIB/lib_math.c **** *
 203:..\..\..\..\..\..\Software\uC-LIB/lib_math.c **** *                   See also 'Math_RandSeed()  Note #1'.
 204:..\..\..\..\..\..\Software\uC-LIB/lib_math.c **** *
 205:..\..\..\..\..\..\Software\uC-LIB/lib_math.c **** *               (2) (a) IEEE Std 1003.1, 2004 Edition, Section 'rand() : DESCRIPTION' states that "
 206:..\..\..\..\..\..\Software\uC-LIB/lib_math.c **** *                       ... need not be reentrant ... [and] is not required to be thread-safe".
 207:..\..\..\..\..\..\Software\uC-LIB/lib_math.c **** *
 208:..\..\..\..\..\..\Software\uC-LIB/lib_math.c **** *                   (b) However, in order to implement Math_Rand() as re-entrant; 'Math_RandSeedCur
 209:..\..\..\..\..\..\Software\uC-LIB/lib_math.c **** *                       always be accessed & updated exclusively in critical sections.
 210:..\..\..\..\..\..\Software\uC-LIB/lib_math.c **** *
 211:..\..\..\..\..\..\Software\uC-LIB/lib_math.c **** *                   See also 'Math_RandSeed()  Note #2'.
 212:..\..\..\..\..\..\Software\uC-LIB/lib_math.c **** ***************************************************************************************************
 213:..\..\..\..\..\..\Software\uC-LIB/lib_math.c **** */
 214:..\..\..\..\..\..\Software\uC-LIB/lib_math.c **** 
 215:..\..\..\..\..\..\Software\uC-LIB/lib_math.c **** RAND_NBR  Math_Rand (void)
 216:..\..\..\..\..\..\Software\uC-LIB/lib_math.c **** {
 109              		.loc 1 216 0
 110              		.cfi_startproc
 111              		@ args = 0, pretend = 0, frame = 16
 112              		@ frame_needed = 1, uses_anonymous_args = 0
 113 0000 80B5     		push	{r7, lr}
 114              		.cfi_def_cfa_offset 8
 115              		.cfi_offset 7, -8
 116              		.cfi_offset 14, -4
 117 0002 84B0     		sub	sp, sp, #16
 118              		.cfi_def_cfa_offset 24
 119 0004 00AF     		add	r7, sp, #0
 120              		.cfi_def_cfa_register 7
 217:..\..\..\..\..\..\Software\uC-LIB/lib_math.c ****     RAND_NBR  seed;
 218:..\..\..\..\..\..\Software\uC-LIB/lib_math.c ****     RAND_NBR  rand_nbr;
 219:..\..\..\..\..\..\Software\uC-LIB/lib_math.c ****     CPU_SR_ALLOC();
 121              		.loc 1 219 0
 122 0006 0023     		movs	r3, #0
 123 0008 FB60     		str	r3, [r7, #12]
ARM GAS  C:\Users\ADMINI~1\AppData\Local\Temp\cctLRtXR.s 			page 7


 220:..\..\..\..\..\..\Software\uC-LIB/lib_math.c **** 
 221:..\..\..\..\..\..\Software\uC-LIB/lib_math.c **** 
 222:..\..\..\..\..\..\Software\uC-LIB/lib_math.c ****     CPU_CRITICAL_ENTER();
 124              		.loc 1 222 0
 125 000a FFF7FEFF 		bl	CPU_SR_Save
 126 000e 0300     		movs	r3, r0
 127 0010 FB60     		str	r3, [r7, #12]
 128 0012 FFF7FEFF 		bl	CPU_IntDisMeasStart
 223:..\..\..\..\..\..\Software\uC-LIB/lib_math.c ****     seed             = Math_RandSeedCur;
 129              		.loc 1 223 0
 130 0016 0B4B     		ldr	r3, .L7
 131 0018 1B68     		ldr	r3, [r3]
 132 001a BB60     		str	r3, [r7, #8]
 224:..\..\..\..\..\..\Software\uC-LIB/lib_math.c ****     rand_nbr         = Math_RandSeed(seed);
 133              		.loc 1 224 0
 134 001c BB68     		ldr	r3, [r7, #8]
 135 001e 1800     		movs	r0, r3
 136 0020 FFF7FEFF 		bl	Math_RandSeed
 137 0024 0300     		movs	r3, r0
 138 0026 7B60     		str	r3, [r7, #4]
 225:..\..\..\..\..\..\Software\uC-LIB/lib_math.c ****     Math_RandSeedCur = rand_nbr;
 139              		.loc 1 225 0
 140 0028 064B     		ldr	r3, .L7
 141 002a 7A68     		ldr	r2, [r7, #4]
 142 002c 1A60     		str	r2, [r3]
 226:..\..\..\..\..\..\Software\uC-LIB/lib_math.c ****     CPU_CRITICAL_EXIT();
 143              		.loc 1 226 0
 144 002e FFF7FEFF 		bl	CPU_IntDisMeasStop
 145 0032 FB68     		ldr	r3, [r7, #12]
 146 0034 1800     		movs	r0, r3
 147 0036 FFF7FEFF 		bl	CPU_SR_Restore
 227:..\..\..\..\..\..\Software\uC-LIB/lib_math.c **** 
 228:..\..\..\..\..\..\Software\uC-LIB/lib_math.c ****     return (rand_nbr);
 148              		.loc 1 228 0
 149 003a 7B68     		ldr	r3, [r7, #4]
 229:..\..\..\..\..\..\Software\uC-LIB/lib_math.c **** }
 150              		.loc 1 229 0
 151 003c 1800     		movs	r0, r3
 152 003e BD46     		mov	sp, r7
 153 0040 04B0     		add	sp, sp, #16
 154              		@ sp needed
 155 0042 80BD     		pop	{r7, pc}
 156              	.L8:
 157              		.align	2
 158              	.L7:
 159 0044 00000000 		.word	Math_RandSeedCur
 160              		.cfi_endproc
 161              	.LFE2:
 162              		.size	Math_Rand, .-Math_Rand
 163              		.section	.text.Math_RandSeed,"ax",%progbits
 164              		.align	2
 165              		.global	Math_RandSeed
 166              		.code	16
 167              		.thumb_func
 168              		.type	Math_RandSeed, %function
 169              	Math_RandSeed:
 170              	.LFB3:
ARM GAS  C:\Users\ADMINI~1\AppData\Local\Temp\cctLRtXR.s 			page 8


 230:..\..\..\..\..\..\Software\uC-LIB/lib_math.c **** 
 231:..\..\..\..\..\..\Software\uC-LIB/lib_math.c **** 
 232:..\..\..\..\..\..\Software\uC-LIB/lib_math.c **** /*
 233:..\..\..\..\..\..\Software\uC-LIB/lib_math.c **** ***************************************************************************************************
 234:..\..\..\..\..\..\Software\uC-LIB/lib_math.c **** *                                           Math_RandSeed()
 235:..\..\..\..\..\..\Software\uC-LIB/lib_math.c **** *
 236:..\..\..\..\..\..\Software\uC-LIB/lib_math.c **** * Description : Calculate the next pseudo-random number.
 237:..\..\..\..\..\..\Software\uC-LIB/lib_math.c **** *
 238:..\..\..\..\..\..\Software\uC-LIB/lib_math.c **** * Argument(s) : seed        Initial (or current) value for the pseudo-random number sequence.
 239:..\..\..\..\..\..\Software\uC-LIB/lib_math.c **** *
 240:..\..\..\..\..\..\Software\uC-LIB/lib_math.c **** * Return(s)   : Next pseudo-random number in the sequence after 'seed'.
 241:..\..\..\..\..\..\Software\uC-LIB/lib_math.c **** *
 242:..\..\..\..\..\..\Software\uC-LIB/lib_math.c **** * Caller(s)   : Math_Rand(),
 243:..\..\..\..\..\..\Software\uC-LIB/lib_math.c **** *               Application.
 244:..\..\..\..\..\..\Software\uC-LIB/lib_math.c **** *
 245:..\..\..\..\..\..\Software\uC-LIB/lib_math.c **** * Note(s)     : (1) (a) BSD/ANSI-C implements rand() as a Linear Congruential Generator (LCG) :
 246:..\..\..\..\..\..\Software\uC-LIB/lib_math.c **** *
 247:..\..\..\..\..\..\Software\uC-LIB/lib_math.c **** *                       (A) random_number       =  [(a * random_number ) + b]  modulo m
 248:..\..\..\..\..\..\Software\uC-LIB/lib_math.c **** *                                        n + 1                        n
 249:..\..\..\..\..\..\Software\uC-LIB/lib_math.c **** *
 250:..\..\..\..\..\..\Software\uC-LIB/lib_math.c **** *                               where
 251:..\..\..\..\..\..\Software\uC-LIB/lib_math.c **** *                                       (1) (a) random_number           Next     random number to g
 252:..\..\..\..\..\..\Software\uC-LIB/lib_math.c **** *                                                            n+1
 253:..\..\..\..\..\..\Software\uC-LIB/lib_math.c **** *                                           (b) random_number           Previous random number    g
 254:..\..\..\..\..\..\Software\uC-LIB/lib_math.c **** *                                                            n
 255:..\..\..\..\..\..\Software\uC-LIB/lib_math.c **** *
 256:..\..\..\..\..\..\Software\uC-LIB/lib_math.c **** *                                       (2) a = RAND_LCG_PARAM_A        LCG multiplier
 257:..\..\..\..\..\..\Software\uC-LIB/lib_math.c **** *                                       (3) b = RAND_LCG_PARAM_B        LCG incrementor
 258:..\..\..\..\..\..\Software\uC-LIB/lib_math.c **** *                                       (4) m = RAND_LCG_PARAM_M + 1    LCG modulus
 259:..\..\..\..\..\..\Software\uC-LIB/lib_math.c **** *
 260:..\..\..\..\..\..\Software\uC-LIB/lib_math.c **** *                   (b) The pseudo-random number generated is in the range [0, RAND_LCG_PARAM_M].
 261:..\..\..\..\..\..\Software\uC-LIB/lib_math.c **** *
 262:..\..\..\..\..\..\Software\uC-LIB/lib_math.c ****                     See also 'lib_math.h  RANDOM NUMBER DEFINES  Note #1b'.
 263:..\..\..\..\..\..\Software\uC-LIB/lib_math.c **** *
 264:..\..\..\..\..\..\Software\uC-LIB/lib_math.c **** *               (2) (a) IEEE Std 1003.1, 2004 Edition, Section 'rand() : DESCRIPTION' states that "
 265:..\..\..\..\..\..\Software\uC-LIB/lib_math.c **** *                       ... need not be reentrant ... [and] is not required to be thread-safe".
 266:..\..\..\..\..\..\Software\uC-LIB/lib_math.c **** *
 267:..\..\..\..\..\..\Software\uC-LIB/lib_math.c **** *                   (b) However, Math_RandSeed() is re-entrant since it calculates the next random 
 268:..\..\..\..\..\..\Software\uC-LIB/lib_math.c **** *                       using ONLY local variables.
 269:..\..\..\..\..\..\Software\uC-LIB/lib_math.c **** ***************************************************************************************************
 270:..\..\..\..\..\..\Software\uC-LIB/lib_math.c **** */
 271:..\..\..\..\..\..\Software\uC-LIB/lib_math.c **** 
 272:..\..\..\..\..\..\Software\uC-LIB/lib_math.c **** RAND_NBR  Math_RandSeed (RAND_NBR  seed)
 273:..\..\..\..\..\..\Software\uC-LIB/lib_math.c **** {
 171              		.loc 1 273 0
 172              		.cfi_startproc
 173              		@ args = 0, pretend = 0, frame = 16
 174              		@ frame_needed = 1, uses_anonymous_args = 0
 175 0000 80B5     		push	{r7, lr}
 176              		.cfi_def_cfa_offset 8
 177              		.cfi_offset 7, -8
 178              		.cfi_offset 14, -4
 179 0002 84B0     		sub	sp, sp, #16
 180              		.cfi_def_cfa_offset 24
 181 0004 00AF     		add	r7, sp, #0
 182              		.cfi_def_cfa_register 7
 183 0006 7860     		str	r0, [r7, #4]
ARM GAS  C:\Users\ADMINI~1\AppData\Local\Temp\cctLRtXR.s 			page 9


 274:..\..\..\..\..\..\Software\uC-LIB/lib_math.c ****     RAND_NBR  rand_nbr;
 275:..\..\..\..\..\..\Software\uC-LIB/lib_math.c **** 
 276:..\..\..\..\..\..\Software\uC-LIB/lib_math.c **** 
 277:..\..\..\..\..\..\Software\uC-LIB/lib_math.c ****     rand_nbr = (((RAND_NBR)RAND_LCG_PARAM_A * seed) + (RAND_NBR)RAND_LCG_PARAM_B)  %  ((RAND_NBR)RA
 184              		.loc 1 277 0
 185 0008 7B68     		ldr	r3, [r7, #4]
 186 000a 064A     		ldr	r2, .L11
 187 000c 5343     		muls	r3, r2
 188 000e 064A     		ldr	r2, .L11+4
 189 0010 9446     		mov	ip, r2
 190 0012 6344     		add	r3, r3, ip
 191 0014 5B00     		lsls	r3, r3, #1
 192 0016 5B08     		lsrs	r3, r3, #1
 193 0018 FB60     		str	r3, [r7, #12]
 278:..\..\..\..\..\..\Software\uC-LIB/lib_math.c **** 
 279:..\..\..\..\..\..\Software\uC-LIB/lib_math.c ****     return (rand_nbr);
 194              		.loc 1 279 0
 195 001a FB68     		ldr	r3, [r7, #12]
 280:..\..\..\..\..\..\Software\uC-LIB/lib_math.c **** }
 196              		.loc 1 280 0
 197 001c 1800     		movs	r0, r3
 198 001e BD46     		mov	sp, r7
 199 0020 04B0     		add	sp, sp, #16
 200              		@ sp needed
 201 0022 80BD     		pop	{r7, pc}
 202              	.L12:
 203              		.align	2
 204              	.L11:
 205 0024 6D4EC641 		.word	1103515245
 206 0028 39300000 		.word	12345
 207              		.cfi_endproc
 208              	.LFE3:
 209              		.size	Math_RandSeed, .-Math_RandSeed
 210              		.text
 211              	.Letext0:
 212              		.file 2 "..\\..\\..\\..\\..\\..\\Software\\uC-CPU\\ARM-Cortex-M0\\GNU/cpu.h"
 213              		.file 3 "..\\..\\..\\..\\..\\..\\Software\\uC-LIB/lib_math.h"
 214              		.section	.debug_info,"",%progbits
 215              	.Ldebug_info0:
 216 0000 62010000 		.4byte	0x162
 217 0004 0400     		.2byte	0x4
 218 0006 00000000 		.4byte	.Ldebug_abbrev0
 219 000a 04       		.byte	0x4
 220 000b 01       		.uleb128 0x1
 221 000c 62010000 		.4byte	.LASF18
 222 0010 0C       		.byte	0xc
 223 0011 7B000000 		.4byte	.LASF19
 224 0015 29000000 		.4byte	.LASF20
 225 0019 00000000 		.4byte	.Ldebug_ranges0+0
 226 001d 00000000 		.4byte	0
 227 0021 00000000 		.4byte	.Ldebug_line0
 228 0025 02       		.uleb128 0x2
 229 0026 01       		.byte	0x1
 230 0027 08       		.byte	0x8
 231 0028 E0000000 		.4byte	.LASF0
 232 002c 02       		.uleb128 0x2
 233 002d 01       		.byte	0x1
ARM GAS  C:\Users\ADMINI~1\AppData\Local\Temp\cctLRtXR.s 			page 10


 234 002e 08       		.byte	0x8
 235 002f D2000000 		.4byte	.LASF1
 236 0033 02       		.uleb128 0x2
 237 0034 01       		.byte	0x1
 238 0035 06       		.byte	0x6
 239 0036 F0010000 		.4byte	.LASF2
 240 003a 02       		.uleb128 0x2
 241 003b 02       		.byte	0x2
 242 003c 07       		.byte	0x7
 243 003d 09010000 		.4byte	.LASF3
 244 0041 02       		.uleb128 0x2
 245 0042 02       		.byte	0x2
 246 0043 05       		.byte	0x5
 247 0044 58010000 		.4byte	.LASF4
 248 0048 03       		.uleb128 0x3
 249 0049 4D010000 		.4byte	.LASF10
 250 004d 02       		.byte	0x2
 251 004e 82       		.byte	0x82
 252 004f 53000000 		.4byte	0x53
 253 0053 02       		.uleb128 0x2
 254 0054 04       		.byte	0x4
 255 0055 07       		.byte	0x7
 256 0056 0E000000 		.4byte	.LASF5
 257 005a 04       		.uleb128 0x4
 258 005b 04       		.byte	0x4
 259 005c 05       		.byte	0x5
 260 005d 696E7400 		.ascii	"int\000"
 261 0061 02       		.uleb128 0x2
 262 0062 08       		.byte	0x8
 263 0063 07       		.byte	0x7
 264 0064 BB000000 		.4byte	.LASF6
 265 0068 02       		.uleb128 0x2
 266 0069 08       		.byte	0x8
 267 006a 05       		.byte	0x5
 268 006b 00000000 		.4byte	.LASF7
 269 006f 02       		.uleb128 0x2
 270 0070 04       		.byte	0x4
 271 0071 04       		.byte	0x4
 272 0072 36010000 		.4byte	.LASF8
 273 0076 02       		.uleb128 0x2
 274 0077 08       		.byte	0x8
 275 0078 04       		.byte	0x4
 276 0079 02010000 		.4byte	.LASF9
 277 007d 05       		.uleb128 0x5
 278 007e 2F010000 		.4byte	.LASF11
 279 0082 02       		.byte	0x2
 280 0083 3301     		.2byte	0x133
 281 0085 48000000 		.4byte	0x48
 282 0089 03       		.uleb128 0x3
 283 008a 26010000 		.4byte	.LASF12
 284 008e 03       		.byte	0x3
 285 008f BB       		.byte	0xbb
 286 0090 48000000 		.4byte	0x48
 287 0094 06       		.uleb128 0x6
 288 0095 B1000000 		.4byte	.LASF21
 289 0099 01       		.byte	0x1
 290 009a 93       		.byte	0x93
ARM GAS  C:\Users\ADMINI~1\AppData\Local\Temp\cctLRtXR.s 			page 11


 291 009b 00000000 		.4byte	.LFB0
 292 009f 10000000 		.4byte	.LFE0-.LFB0
 293 00a3 01       		.uleb128 0x1
 294 00a4 9C       		.byte	0x9c
 295 00a5 07       		.uleb128 0x7
 296 00a6 EC000000 		.4byte	.LASF22
 297 00aa 01       		.byte	0x1
 298 00ab AF       		.byte	0xaf
 299 00ac 00000000 		.4byte	.LFB1
 300 00b0 38000000 		.4byte	.LFE1-.LFB1
 301 00b4 01       		.uleb128 0x1
 302 00b5 9C       		.byte	0x9c
 303 00b6 D7000000 		.4byte	0xd7
 304 00ba 08       		.uleb128 0x8
 305 00bb FD000000 		.4byte	.LASF14
 306 00bf 01       		.byte	0x1
 307 00c0 AF       		.byte	0xaf
 308 00c1 89000000 		.4byte	0x89
 309 00c5 02       		.uleb128 0x2
 310 00c6 91       		.byte	0x91
 311 00c7 6C       		.sleb128 -20
 312 00c8 09       		.uleb128 0x9
 313 00c9 E5000000 		.4byte	.LASF13
 314 00cd 01       		.byte	0x1
 315 00ce B1       		.byte	0xb1
 316 00cf 7D000000 		.4byte	0x7d
 317 00d3 02       		.uleb128 0x2
 318 00d4 91       		.byte	0x91
 319 00d5 74       		.sleb128 -12
 320 00d6 00       		.byte	0
 321 00d7 0A       		.uleb128 0xa
 322 00d8 1C010000 		.4byte	.LASF16
 323 00dc 01       		.byte	0x1
 324 00dd D7       		.byte	0xd7
 325 00de 89000000 		.4byte	0x89
 326 00e2 00000000 		.4byte	.LFB2
 327 00e6 48000000 		.4byte	.LFE2-.LFB2
 328 00ea 01       		.uleb128 0x1
 329 00eb 9C       		.byte	0x9c
 330 00ec 1B010000 		.4byte	0x11b
 331 00f0 09       		.uleb128 0x9
 332 00f1 FD000000 		.4byte	.LASF14
 333 00f5 01       		.byte	0x1
 334 00f6 D9       		.byte	0xd9
 335 00f7 89000000 		.4byte	0x89
 336 00fb 02       		.uleb128 0x2
 337 00fc 91       		.byte	0x91
 338 00fd 70       		.sleb128 -16
 339 00fe 09       		.uleb128 0x9
 340 00ff A8000000 		.4byte	.LASF15
 341 0103 01       		.byte	0x1
 342 0104 DA       		.byte	0xda
 343 0105 89000000 		.4byte	0x89
 344 0109 02       		.uleb128 0x2
 345 010a 91       		.byte	0x91
 346 010b 6C       		.sleb128 -20
 347 010c 09       		.uleb128 0x9
ARM GAS  C:\Users\ADMINI~1\AppData\Local\Temp\cctLRtXR.s 			page 12


 348 010d E5000000 		.4byte	.LASF13
 349 0111 01       		.byte	0x1
 350 0112 DB       		.byte	0xdb
 351 0113 7D000000 		.4byte	0x7d
 352 0117 02       		.uleb128 0x2
 353 0118 91       		.byte	0x91
 354 0119 74       		.sleb128 -12
 355 011a 00       		.byte	0
 356 011b 0B       		.uleb128 0xb
 357 011c 1B000000 		.4byte	.LASF17
 358 0120 01       		.byte	0x1
 359 0121 1001     		.2byte	0x110
 360 0123 89000000 		.4byte	0x89
 361 0127 00000000 		.4byte	.LFB3
 362 012b 2C000000 		.4byte	.LFE3-.LFB3
 363 012f 01       		.uleb128 0x1
 364 0130 9C       		.byte	0x9c
 365 0131 54010000 		.4byte	0x154
 366 0135 0C       		.uleb128 0xc
 367 0136 FD000000 		.4byte	.LASF14
 368 013a 01       		.byte	0x1
 369 013b 1001     		.2byte	0x110
 370 013d 89000000 		.4byte	0x89
 371 0141 02       		.uleb128 0x2
 372 0142 91       		.byte	0x91
 373 0143 6C       		.sleb128 -20
 374 0144 0D       		.uleb128 0xd
 375 0145 A8000000 		.4byte	.LASF15
 376 0149 01       		.byte	0x1
 377 014a 1201     		.2byte	0x112
 378 014c 89000000 		.4byte	0x89
 379 0150 02       		.uleb128 0x2
 380 0151 91       		.byte	0x91
 381 0152 74       		.sleb128 -12
 382 0153 00       		.byte	0
 383 0154 0E       		.uleb128 0xe
 384 0155 3C010000 		.4byte	.LASF23
 385 0159 01       		.byte	0x1
 386 015a 6D       		.byte	0x6d
 387 015b 89000000 		.4byte	0x89
 388 015f 05       		.uleb128 0x5
 389 0160 03       		.byte	0x3
 390 0161 00000000 		.4byte	Math_RandSeedCur
 391 0165 00       		.byte	0
 392              		.section	.debug_abbrev,"",%progbits
 393              	.Ldebug_abbrev0:
 394 0000 01       		.uleb128 0x1
 395 0001 11       		.uleb128 0x11
 396 0002 01       		.byte	0x1
 397 0003 25       		.uleb128 0x25
 398 0004 0E       		.uleb128 0xe
 399 0005 13       		.uleb128 0x13
 400 0006 0B       		.uleb128 0xb
 401 0007 03       		.uleb128 0x3
 402 0008 0E       		.uleb128 0xe
 403 0009 1B       		.uleb128 0x1b
 404 000a 0E       		.uleb128 0xe
ARM GAS  C:\Users\ADMINI~1\AppData\Local\Temp\cctLRtXR.s 			page 13


 405 000b 55       		.uleb128 0x55
 406 000c 17       		.uleb128 0x17
 407 000d 11       		.uleb128 0x11
 408 000e 01       		.uleb128 0x1
 409 000f 10       		.uleb128 0x10
 410 0010 17       		.uleb128 0x17
 411 0011 00       		.byte	0
 412 0012 00       		.byte	0
 413 0013 02       		.uleb128 0x2
 414 0014 24       		.uleb128 0x24
 415 0015 00       		.byte	0
 416 0016 0B       		.uleb128 0xb
 417 0017 0B       		.uleb128 0xb
 418 0018 3E       		.uleb128 0x3e
 419 0019 0B       		.uleb128 0xb
 420 001a 03       		.uleb128 0x3
 421 001b 0E       		.uleb128 0xe
 422 001c 00       		.byte	0
 423 001d 00       		.byte	0
 424 001e 03       		.uleb128 0x3
 425 001f 16       		.uleb128 0x16
 426 0020 00       		.byte	0
 427 0021 03       		.uleb128 0x3
 428 0022 0E       		.uleb128 0xe
 429 0023 3A       		.uleb128 0x3a
 430 0024 0B       		.uleb128 0xb
 431 0025 3B       		.uleb128 0x3b
 432 0026 0B       		.uleb128 0xb
 433 0027 49       		.uleb128 0x49
 434 0028 13       		.uleb128 0x13
 435 0029 00       		.byte	0
 436 002a 00       		.byte	0
 437 002b 04       		.uleb128 0x4
 438 002c 24       		.uleb128 0x24
 439 002d 00       		.byte	0
 440 002e 0B       		.uleb128 0xb
 441 002f 0B       		.uleb128 0xb
 442 0030 3E       		.uleb128 0x3e
 443 0031 0B       		.uleb128 0xb
 444 0032 03       		.uleb128 0x3
 445 0033 08       		.uleb128 0x8
 446 0034 00       		.byte	0
 447 0035 00       		.byte	0
 448 0036 05       		.uleb128 0x5
 449 0037 16       		.uleb128 0x16
 450 0038 00       		.byte	0
 451 0039 03       		.uleb128 0x3
 452 003a 0E       		.uleb128 0xe
 453 003b 3A       		.uleb128 0x3a
 454 003c 0B       		.uleb128 0xb
 455 003d 3B       		.uleb128 0x3b
 456 003e 05       		.uleb128 0x5
 457 003f 49       		.uleb128 0x49
 458 0040 13       		.uleb128 0x13
 459 0041 00       		.byte	0
 460 0042 00       		.byte	0
 461 0043 06       		.uleb128 0x6
ARM GAS  C:\Users\ADMINI~1\AppData\Local\Temp\cctLRtXR.s 			page 14


 462 0044 2E       		.uleb128 0x2e
 463 0045 00       		.byte	0
 464 0046 3F       		.uleb128 0x3f
 465 0047 19       		.uleb128 0x19
 466 0048 03       		.uleb128 0x3
 467 0049 0E       		.uleb128 0xe
 468 004a 3A       		.uleb128 0x3a
 469 004b 0B       		.uleb128 0xb
 470 004c 3B       		.uleb128 0x3b
 471 004d 0B       		.uleb128 0xb
 472 004e 27       		.uleb128 0x27
 473 004f 19       		.uleb128 0x19
 474 0050 11       		.uleb128 0x11
 475 0051 01       		.uleb128 0x1
 476 0052 12       		.uleb128 0x12
 477 0053 06       		.uleb128 0x6
 478 0054 40       		.uleb128 0x40
 479 0055 18       		.uleb128 0x18
 480 0056 9642     		.uleb128 0x2116
 481 0058 19       		.uleb128 0x19
 482 0059 00       		.byte	0
 483 005a 00       		.byte	0
 484 005b 07       		.uleb128 0x7
 485 005c 2E       		.uleb128 0x2e
 486 005d 01       		.byte	0x1
 487 005e 3F       		.uleb128 0x3f
 488 005f 19       		.uleb128 0x19
 489 0060 03       		.uleb128 0x3
 490 0061 0E       		.uleb128 0xe
 491 0062 3A       		.uleb128 0x3a
 492 0063 0B       		.uleb128 0xb
 493 0064 3B       		.uleb128 0x3b
 494 0065 0B       		.uleb128 0xb
 495 0066 27       		.uleb128 0x27
 496 0067 19       		.uleb128 0x19
 497 0068 11       		.uleb128 0x11
 498 0069 01       		.uleb128 0x1
 499 006a 12       		.uleb128 0x12
 500 006b 06       		.uleb128 0x6
 501 006c 40       		.uleb128 0x40
 502 006d 18       		.uleb128 0x18
 503 006e 9642     		.uleb128 0x2116
 504 0070 19       		.uleb128 0x19
 505 0071 01       		.uleb128 0x1
 506 0072 13       		.uleb128 0x13
 507 0073 00       		.byte	0
 508 0074 00       		.byte	0
 509 0075 08       		.uleb128 0x8
 510 0076 05       		.uleb128 0x5
 511 0077 00       		.byte	0
 512 0078 03       		.uleb128 0x3
 513 0079 0E       		.uleb128 0xe
 514 007a 3A       		.uleb128 0x3a
 515 007b 0B       		.uleb128 0xb
 516 007c 3B       		.uleb128 0x3b
 517 007d 0B       		.uleb128 0xb
 518 007e 49       		.uleb128 0x49
ARM GAS  C:\Users\ADMINI~1\AppData\Local\Temp\cctLRtXR.s 			page 15


 519 007f 13       		.uleb128 0x13
 520 0080 02       		.uleb128 0x2
 521 0081 18       		.uleb128 0x18
 522 0082 00       		.byte	0
 523 0083 00       		.byte	0
 524 0084 09       		.uleb128 0x9
 525 0085 34       		.uleb128 0x34
 526 0086 00       		.byte	0
 527 0087 03       		.uleb128 0x3
 528 0088 0E       		.uleb128 0xe
 529 0089 3A       		.uleb128 0x3a
 530 008a 0B       		.uleb128 0xb
 531 008b 3B       		.uleb128 0x3b
 532 008c 0B       		.uleb128 0xb
 533 008d 49       		.uleb128 0x49
 534 008e 13       		.uleb128 0x13
 535 008f 02       		.uleb128 0x2
 536 0090 18       		.uleb128 0x18
 537 0091 00       		.byte	0
 538 0092 00       		.byte	0
 539 0093 0A       		.uleb128 0xa
 540 0094 2E       		.uleb128 0x2e
 541 0095 01       		.byte	0x1
 542 0096 3F       		.uleb128 0x3f
 543 0097 19       		.uleb128 0x19
 544 0098 03       		.uleb128 0x3
 545 0099 0E       		.uleb128 0xe
 546 009a 3A       		.uleb128 0x3a
 547 009b 0B       		.uleb128 0xb
 548 009c 3B       		.uleb128 0x3b
 549 009d 0B       		.uleb128 0xb
 550 009e 27       		.uleb128 0x27
 551 009f 19       		.uleb128 0x19
 552 00a0 49       		.uleb128 0x49
 553 00a1 13       		.uleb128 0x13
 554 00a2 11       		.uleb128 0x11
 555 00a3 01       		.uleb128 0x1
 556 00a4 12       		.uleb128 0x12
 557 00a5 06       		.uleb128 0x6
 558 00a6 40       		.uleb128 0x40
 559 00a7 18       		.uleb128 0x18
 560 00a8 9642     		.uleb128 0x2116
 561 00aa 19       		.uleb128 0x19
 562 00ab 01       		.uleb128 0x1
 563 00ac 13       		.uleb128 0x13
 564 00ad 00       		.byte	0
 565 00ae 00       		.byte	0
 566 00af 0B       		.uleb128 0xb
 567 00b0 2E       		.uleb128 0x2e
 568 00b1 01       		.byte	0x1
 569 00b2 3F       		.uleb128 0x3f
 570 00b3 19       		.uleb128 0x19
 571 00b4 03       		.uleb128 0x3
 572 00b5 0E       		.uleb128 0xe
 573 00b6 3A       		.uleb128 0x3a
 574 00b7 0B       		.uleb128 0xb
 575 00b8 3B       		.uleb128 0x3b
ARM GAS  C:\Users\ADMINI~1\AppData\Local\Temp\cctLRtXR.s 			page 16


 576 00b9 05       		.uleb128 0x5
 577 00ba 27       		.uleb128 0x27
 578 00bb 19       		.uleb128 0x19
 579 00bc 49       		.uleb128 0x49
 580 00bd 13       		.uleb128 0x13
 581 00be 11       		.uleb128 0x11
 582 00bf 01       		.uleb128 0x1
 583 00c0 12       		.uleb128 0x12
 584 00c1 06       		.uleb128 0x6
 585 00c2 40       		.uleb128 0x40
 586 00c3 18       		.uleb128 0x18
 587 00c4 9742     		.uleb128 0x2117
 588 00c6 19       		.uleb128 0x19
 589 00c7 01       		.uleb128 0x1
 590 00c8 13       		.uleb128 0x13
 591 00c9 00       		.byte	0
 592 00ca 00       		.byte	0
 593 00cb 0C       		.uleb128 0xc
 594 00cc 05       		.uleb128 0x5
 595 00cd 00       		.byte	0
 596 00ce 03       		.uleb128 0x3
 597 00cf 0E       		.uleb128 0xe
 598 00d0 3A       		.uleb128 0x3a
 599 00d1 0B       		.uleb128 0xb
 600 00d2 3B       		.uleb128 0x3b
 601 00d3 05       		.uleb128 0x5
 602 00d4 49       		.uleb128 0x49
 603 00d5 13       		.uleb128 0x13
 604 00d6 02       		.uleb128 0x2
 605 00d7 18       		.uleb128 0x18
 606 00d8 00       		.byte	0
 607 00d9 00       		.byte	0
 608 00da 0D       		.uleb128 0xd
 609 00db 34       		.uleb128 0x34
 610 00dc 00       		.byte	0
 611 00dd 03       		.uleb128 0x3
 612 00de 0E       		.uleb128 0xe
 613 00df 3A       		.uleb128 0x3a
 614 00e0 0B       		.uleb128 0xb
 615 00e1 3B       		.uleb128 0x3b
 616 00e2 05       		.uleb128 0x5
 617 00e3 49       		.uleb128 0x49
 618 00e4 13       		.uleb128 0x13
 619 00e5 02       		.uleb128 0x2
 620 00e6 18       		.uleb128 0x18
 621 00e7 00       		.byte	0
 622 00e8 00       		.byte	0
 623 00e9 0E       		.uleb128 0xe
 624 00ea 34       		.uleb128 0x34
 625 00eb 00       		.byte	0
 626 00ec 03       		.uleb128 0x3
 627 00ed 0E       		.uleb128 0xe
 628 00ee 3A       		.uleb128 0x3a
 629 00ef 0B       		.uleb128 0xb
 630 00f0 3B       		.uleb128 0x3b
 631 00f1 0B       		.uleb128 0xb
 632 00f2 49       		.uleb128 0x49
ARM GAS  C:\Users\ADMINI~1\AppData\Local\Temp\cctLRtXR.s 			page 17


 633 00f3 13       		.uleb128 0x13
 634 00f4 3F       		.uleb128 0x3f
 635 00f5 19       		.uleb128 0x19
 636 00f6 02       		.uleb128 0x2
 637 00f7 18       		.uleb128 0x18
 638 00f8 00       		.byte	0
 639 00f9 00       		.byte	0
 640 00fa 00       		.byte	0
 641              		.section	.debug_aranges,"",%progbits
 642 0000 34000000 		.4byte	0x34
 643 0004 0200     		.2byte	0x2
 644 0006 00000000 		.4byte	.Ldebug_info0
 645 000a 04       		.byte	0x4
 646 000b 00       		.byte	0
 647 000c 0000     		.2byte	0
 648 000e 0000     		.2byte	0
 649 0010 00000000 		.4byte	.LFB0
 650 0014 10000000 		.4byte	.LFE0-.LFB0
 651 0018 00000000 		.4byte	.LFB1
 652 001c 38000000 		.4byte	.LFE1-.LFB1
 653 0020 00000000 		.4byte	.LFB2
 654 0024 48000000 		.4byte	.LFE2-.LFB2
 655 0028 00000000 		.4byte	.LFB3
 656 002c 2C000000 		.4byte	.LFE3-.LFB3
 657 0030 00000000 		.4byte	0
 658 0034 00000000 		.4byte	0
 659              		.section	.debug_ranges,"",%progbits
 660              	.Ldebug_ranges0:
 661 0000 00000000 		.4byte	.LFB0
 662 0004 10000000 		.4byte	.LFE0
 663 0008 00000000 		.4byte	.LFB1
 664 000c 38000000 		.4byte	.LFE1
 665 0010 00000000 		.4byte	.LFB2
 666 0014 48000000 		.4byte	.LFE2
 667 0018 00000000 		.4byte	.LFB3
 668 001c 2C000000 		.4byte	.LFE3
 669 0020 00000000 		.4byte	0
 670 0024 00000000 		.4byte	0
 671              		.section	.debug_line,"",%progbits
 672              	.Ldebug_line0:
 673 0000 E6000000 		.section	.debug_str,"MS",%progbits,1
 673      02008E00 
 673      00000201 
 673      FB0E0D00 
 673      01010101 
 674              	.LASF7:
 675 0000 6C6F6E67 		.ascii	"long long int\000"
 675      206C6F6E 
 675      6720696E 
 675      7400
 676              	.LASF5:
 677 000e 756E7369 		.ascii	"unsigned int\000"
 677      676E6564 
 677      20696E74 
 677      00
 678              	.LASF17:
 679 001b 4D617468 		.ascii	"Math_RandSeed\000"
ARM GAS  C:\Users\ADMINI~1\AppData\Local\Temp\cctLRtXR.s 			page 18


 679      5F52616E 
 679      64536565 
 679      6400
 680              	.LASF20:
 681 0029 443A5C43 		.ascii	"D:\\CYTEST\\Micrium_CY8CKIT-044_OS3\\Examples\\Cypr"
 681      59544553 
 681      545C4D69 
 681      63726975 
 681      6D5F4359 
 682 0058 6573735C 		.ascii	"ess\\CY8CKIT-044\\OS3\\PSoC\\OS3.cydsn\000"
 682      43593843 
 682      4B49542D 
 682      3034345C 
 682      4F53335C 
 683              	.LASF19:
 684 007b 2E2E5C2E 		.ascii	"..\\..\\..\\..\\..\\..\\Software\\uC-LIB\\lib_math."
 684      2E5C2E2E 
 684      5C2E2E5C 
 684      2E2E5C2E 
 684      2E5C536F 
 685 00a6 6300     		.ascii	"c\000"
 686              	.LASF15:
 687 00a8 72616E64 		.ascii	"rand_nbr\000"
 687      5F6E6272 
 687      00
 688              	.LASF21:
 689 00b1 4D617468 		.ascii	"Math_Init\000"
 689      5F496E69 
 689      7400
 690              	.LASF6:
 691 00bb 6C6F6E67 		.ascii	"long long unsigned int\000"
 691      206C6F6E 
 691      6720756E 
 691      7369676E 
 691      65642069 
 692              	.LASF1:
 693 00d2 756E7369 		.ascii	"unsigned char\000"
 693      676E6564 
 693      20636861 
 693      7200
 694              	.LASF0:
 695 00e0 63686172 		.ascii	"char\000"
 695      00
 696              	.LASF13:
 697 00e5 6370755F 		.ascii	"cpu_sr\000"
 697      737200
 698              	.LASF22:
 699 00ec 4D617468 		.ascii	"Math_RandSetSeed\000"
 699      5F52616E 
 699      64536574 
 699      53656564 
 699      00
 700              	.LASF14:
 701 00fd 73656564 		.ascii	"seed\000"
 701      00
 702              	.LASF9:
 703 0102 646F7562 		.ascii	"double\000"
ARM GAS  C:\Users\ADMINI~1\AppData\Local\Temp\cctLRtXR.s 			page 19


 703      6C6500
 704              	.LASF3:
 705 0109 73686F72 		.ascii	"short unsigned int\000"
 705      7420756E 
 705      7369676E 
 705      65642069 
 705      6E7400
 706              	.LASF16:
 707 011c 4D617468 		.ascii	"Math_Rand\000"
 707      5F52616E 
 707      6400
 708              	.LASF12:
 709 0126 52414E44 		.ascii	"RAND_NBR\000"
 709      5F4E4252 
 709      00
 710              	.LASF11:
 711 012f 4350555F 		.ascii	"CPU_SR\000"
 711      535200
 712              	.LASF8:
 713 0136 666C6F61 		.ascii	"float\000"
 713      7400
 714              	.LASF23:
 715 013c 4D617468 		.ascii	"Math_RandSeedCur\000"
 715      5F52616E 
 715      64536565 
 715      64437572 
 715      00
 716              	.LASF10:
 717 014d 4350555F 		.ascii	"CPU_INT32U\000"
 717      494E5433 
 717      325500
 718              	.LASF4:
 719 0158 73686F72 		.ascii	"short int\000"
 719      7420696E 
 719      7400
 720              	.LASF18:
 721 0162 474E5520 		.ascii	"GNU C11 5.4.1 20160609 (release) [ARM/embedded-5-br"
 721      43313120 
 721      352E342E 
 721      31203230 
 721      31363036 
 722 0195 616E6368 		.ascii	"anch revision 237715] -mcpu=cortex-m0 -mthumb -g -O"
 722      20726576 
 722      6973696F 
 722      6E203233 
 722      37373135 
 723 01c8 30202D66 		.ascii	"0 -ffunction-sections -ffat-lto-objects\000"
 723      66756E63 
 723      74696F6E 
 723      2D736563 
 723      74696F6E 
 724              	.LASF2:
 725 01f0 7369676E 		.ascii	"signed char\000"
 725      65642063 
 725      68617200 
 726              		.ident	"GCC: (GNU Tools for ARM Embedded Processors) 5.4.1 20160609 (release) [ARM/embedded-5-bran
