Archive member included to satisfy reference by file (symbol)

.\CortexM0\ARM_GCC_541\Debug\OS3.a(PWM_Blue.o)
                              .\CortexM0\ARM_GCC_541\Debug\bsp.o (PWM_Blue_WriteCompare)
.\CortexM0\ARM_GCC_541\Debug\OS3.a(PWM_Green.o)
                              .\CortexM0\ARM_GCC_541\Debug\bsp.o (PWM_Green_WriteCompare)
.\CortexM0\ARM_GCC_541\Debug\OS3.a(PWM_Red.o)
                              .\CortexM0\ARM_GCC_541\Debug\bsp.o (PWM_Red_WriteCompare)
.\CortexM0\ARM_GCC_541\Debug\OS3.a(Accel_Pin.o)
                              .\CortexM0\ARM_GCC_541\Debug\bsp.o (Accel_Pin_ClearInterrupt)
.\CortexM0\ARM_GCC_541\Debug\OS3.a(I2C.o)
                              .\CortexM0\ARM_GCC_541\Debug\bsp.o (I2C_Start)
.\CortexM0\ARM_GCC_541\Debug\OS3.a(I2C_I2C.o)
                              .\CortexM0\ARM_GCC_541\Debug\OS3.a(I2C.o) (I2C_I2CInit)
.\CortexM0\ARM_GCC_541\Debug\OS3.a(I2C_I2C_MASTER.o)
                              .\CortexM0\ARM_GCC_541\Debug\OS3.a(I2C_I2C.o) (I2C_mstrStatus)
.\CortexM0\ARM_GCC_541\Debug\OS3.a(SW2.o)
                              .\CortexM0\ARM_GCC_541\Debug\bsp.o (SW2_Read)
.\CortexM0\ARM_GCC_541\Debug\OS3.a(Accel_ISR.o)
                              .\CortexM0\ARM_GCC_541\Debug\bsp.o (Accel_ISR_StartEx)
.\CortexM0\ARM_GCC_541\Debug\OS3.a(Temp_Sensor.o)
                              .\CortexM0\ARM_GCC_541\Debug\bsp.o (Temp_Sensor_Start)
.\CortexM0\ARM_GCC_541\Debug\OS3.a(Temp_Sensor_INT.o)
                              .\CortexM0\ARM_GCC_541\Debug\OS3.a(Temp_Sensor.o) (Temp_Sensor_EOC_ISR_Int)
.\CortexM0\ARM_GCC_541\Debug\OS3.a(DMA.o)
                              .\CortexM0\ARM_GCC_541\Debug\app.o (DMA_Start)
.\CortexM0\ARM_GCC_541\Debug\OS3.a(Opamp.o)
                              .\CortexM0\ARM_GCC_541\Debug\bsp.o (Opamp_Start)
.\CortexM0\ARM_GCC_541\Debug\OS3.a(ADC.o)
                              .\CortexM0\ARM_GCC_541\Debug\bsp.o (ADC_Start)
.\CortexM0\ARM_GCC_541\Debug\OS3.a(ADC_INT.o)
                              .\CortexM0\ARM_GCC_541\Debug\OS3.a(ADC.o) (ADC_ISR)
.\CortexM0\ARM_GCC_541\Debug\OS3.a(Temp_Sensor_EOC_ISR.o)
                              .\CortexM0\ARM_GCC_541\Debug\OS3.a(Temp_Sensor.o) (Temp_Sensor_EOC_ISR_Disable)
.\CortexM0\ARM_GCC_541\Debug\OS3.a(CyLib.o)
                              .\CortexM0\ARM_GCC_541\Debug\cyfitter_cfg.o (CySysClkWriteImoFreq)
.\CortexM0\ARM_GCC_541\Debug\OS3.a(CyDMA.o)
                              .\CortexM0\ARM_GCC_541\Debug\OS3.a(DMA.o) (CyDmaEnable)
.\CortexM0\ARM_GCC_541\Debug\OS3.a(CyLFClk.o)
                              .\CortexM0\ARM_GCC_541\Debug\OS3.a(CyLib.o) (CySysClkWcoEnabled)
.\CortexM0\ARM_GCC_541\Debug\OS3.a(CyBootAsmGnu.o)
                              .\CortexM0\ARM_GCC_541\Debug\OS3.a(CyLib.o) (CyDelayCycles)
.\CortexM0\ARM_GCC_541\Debug\OS3.a(I2C_I2C_INT.o)
                              .\CortexM0\ARM_GCC_541\Debug\OS3.a(I2C_I2C.o) (I2C_I2C_ISR)
.\CortexM0\ARM_GCC_541\Debug\OS3.a(CyFlash.o)
                              .\CortexM0\ARM_GCC_541\Debug\OS3.a(CyLib.o) (CySysFlashSetWaitCycles)
c:/program files (x86)/cypress/psoc creator/4.2/psoc creator/import/gnu/arm/5.4.1/bin/../lib/gcc/arm-none-eabi/5.4.1/armv6-m\libgcc.a(_udivsi3.o)
                              .\CortexM0\ARM_GCC_541\Debug\app.o (__aeabi_uidiv)
c:/program files (x86)/cypress/psoc creator/4.2/psoc creator/import/gnu/arm/5.4.1/bin/../lib/gcc/arm-none-eabi/5.4.1/armv6-m\libgcc.a(_divsi3.o)
                              .\CortexM0\ARM_GCC_541\Debug\OS3.a(Temp_Sensor.o) (__aeabi_idiv)
c:/program files (x86)/cypress/psoc creator/4.2/psoc creator/import/gnu/arm/5.4.1/bin/../lib/gcc/arm-none-eabi/5.4.1/armv6-m\libgcc.a(_dvmd_tls.o)
                              c:/program files (x86)/cypress/psoc creator/4.2/psoc creator/import/gnu/arm/5.4.1/bin/../lib/gcc/arm-none-eabi/5.4.1/armv6-m\libgcc.a(_udivsi3.o) (__aeabi_idiv0)
c:/program files (x86)/cypress/psoc creator/4.2/psoc creator/import/gnu/arm/5.4.1/bin/../lib/gcc/arm-none-eabi/5.4.1/armv6-m\libgcc.a(_aeabi_ldivmod.o)
                              .\CortexM0\ARM_GCC_541\Debug\OS3.a(ADC.o) (__aeabi_ldivmod)
c:/program files (x86)/cypress/psoc creator/4.2/psoc creator/import/gnu/arm/5.4.1/bin/../lib/gcc/arm-none-eabi/5.4.1/armv6-m\libgcc.a(_aeabi_uldivmod.o)
                              .\CortexM0\ARM_GCC_541\Debug\cpu_bsp.o (__aeabi_uldivmod)
c:/program files (x86)/cypress/psoc creator/4.2/psoc creator/import/gnu/arm/5.4.1/bin/../lib/gcc/arm-none-eabi/5.4.1/armv6-m\libgcc.a(_muldi3.o)
                              .\CortexM0\ARM_GCC_541\Debug\OS3.a(ADC.o) (__aeabi_lmul)
c:/program files (x86)/cypress/psoc creator/4.2/psoc creator/import/gnu/arm/5.4.1/bin/../lib/gcc/arm-none-eabi/5.4.1/armv6-m\libgcc.a(_udivmoddi4.o)
                              c:/program files (x86)/cypress/psoc creator/4.2/psoc creator/import/gnu/arm/5.4.1/bin/../lib/gcc/arm-none-eabi/5.4.1/armv6-m\libgcc.a(_aeabi_uldivmod.o) (__udivmoddi4)
[...]
Memory Configuration

Name             Origin             Length             Attributes
rom              0x00000000         0x00020000         xr
ram              0x20000000         0x00004000         xrw
*default*        0x00000000         0xffffffff

Linker script and memory map

LOAD c:/program files (x86)/cypress/psoc creator/4.2/psoc creator/import/gnu/arm/5.4.1/bin/../lib/gcc/arm-none-eabi/5.4.1/armv6-m/crti.o
LOAD c:/program files (x86)/cypress/psoc creator/4.2/psoc creator/import/gnu/arm/5.4.1/bin/../lib/gcc/arm-none-eabi/5.4.1/armv6-m/crtbegin.o
LOAD c:/program files (x86)/cypress/psoc creator/4.2/psoc creator/import/gnu/arm/5.4.1/bin/../lib/gcc/arm-none-eabi/5.4.1/../../../../arm-none-eabi/lib/armv6-m/crt0.o
START GROUP
LOAD .\CortexM0\ARM_GCC_541\Debug\app.o
LOAD .\CortexM0\ARM_GCC_541\Debug\os_app_hooks.o
LOAD .\CortexM0\ARM_GCC_541\Debug\bsp_os.o
LOAD .\CortexM0\ARM_GCC_541\Debug\cpu_bsp.o
LOAD .\CortexM0\ARM_GCC_541\Debug\bsp.o
LOAD .\CortexM0\ARM_GCC_541\Debug\cpu_c.o
LOAD .\CortexM0\ARM_GCC_541\Debug\cpu_core.o
LOAD .\CortexM0\ARM_GCC_541\Debug\os_cpu_c.o
LOAD .\CortexM0\ARM_GCC_541\Debug\os_cfg_app.o
LOAD .\CortexM0\ARM_GCC_541\Debug\os_core.o
LOAD .\CortexM0\ARM_GCC_541\Debug\os_dbg.o
LOAD .\CortexM0\ARM_GCC_541\Debug\os_flag.o
LOAD .\CortexM0\ARM_GCC_541\Debug\os_int.o
LOAD .\CortexM0\ARM_GCC_541\Debug\os_mem.o
LOAD .\CortexM0\ARM_GCC_541\Debug\os_mon.o
LOAD .\CortexM0\ARM_GCC_541\Debug\os_msg.o
LOAD .\CortexM0\ARM_GCC_541\Debug\os_mutex.o
LOAD .\CortexM0\ARM_GCC_541\Debug\os_pend_multi.o
LOAD .\CortexM0\ARM_GCC_541\Debug\os_prio.o
LOAD .\CortexM0\ARM_GCC_541\Debug\os_q.o
LOAD .\CortexM0\ARM_GCC_541\Debug\os_sem.o
LOAD .\CortexM0\ARM_GCC_541\Debug\os_stat.o
LOAD .\CortexM0\ARM_GCC_541\Debug\os_task.o
LOAD .\CortexM0\ARM_GCC_541\Debug\os_tick.o
LOAD .\CortexM0\ARM_GCC_541\Debug\os_time.o
LOAD .\CortexM0\ARM_GCC_541\Debug\os_tmr.o
LOAD .\CortexM0\ARM_GCC_541\Debug\os_var.o
LOAD .\CortexM0\ARM_GCC_541\Debug\lib_ascii.o
LOAD .\CortexM0\ARM_GCC_541\Debug\lib_math.o
LOAD .\CortexM0\ARM_GCC_541\Debug\lib_mem.o
LOAD .\CortexM0\ARM_GCC_541\Debug\lib_str.o
LOAD .\CortexM0\ARM_GCC_541\Debug\cyfitter_cfg.o
LOAD .\CortexM0\ARM_GCC_541\Debug\cymetadata.o
LOAD .\CortexM0\ARM_GCC_541\Debug\Cm0Start.o
LOAD .\CortexM0\ARM_GCC_541\Debug\cpu_a.o
LOAD .\CortexM0\ARM_GCC_541\Debug\os_cpu_a.o
LOAD .\CortexM0\ARM_GCC_541\Debug\OS3.a
END GROUP
START GROUP
LOAD c:/program files (x86)/cypress/psoc creator/4.2/psoc creator/import/gnu/arm/5.4.1/bin/../lib/gcc/arm-none-eabi/5.4.1/armv6-m\libgcc.a
LOAD c:/program files (x86)/cypress/psoc creator/4.2/psoc creator/import/gnu/arm/5.4.1/bin/../lib/gcc/arm-none-eabi/5.4.1/../../../../arm-none-eabi/lib/armv6-m\libg_nano.a
LOAD c:/program files (x86)/cypress/psoc creator/4.2/psoc creator/import/gnu/arm/5.4.1/bin/../lib/gcc/arm-none-eabi/5.4.1/../../../../arm-none-eabi/lib/armv6-m\libc_nano.a
END GROUP
START GROUP
LOAD c:/program files (x86)/cypress/psoc creator/4.2/psoc creator/import/gnu/arm/5.4.1/bin/../lib/gcc/arm-none-eabi/5.4.1/armv6-m\libgcc.a
LOAD c:/program files (x86)/cypress/psoc creator/4.2/psoc creator/import/gnu/arm/5.4.1/bin/../lib/gcc/arm-none-eabi/5.4.1/../../../../arm-none-eabi/lib/armv6-m\libc_nano.a
END GROUP
LOAD c:/program files (x86)/cypress/psoc creator/4.2/psoc creator/import/gnu/arm/5.4.1/bin/../lib/gcc/arm-none-eabi/5.4.1/armv6-m/crtend.o
LOAD c:/program files (x86)/cypress/psoc creator/4.2/psoc creator/import/gnu/arm/5.4.1/bin/../lib/gcc/arm-none-eabi/5.4.1/armv6-m/crtn.o
START GROUP
LOAD c:/program files (x86)/cypress/psoc creator/4.2/psoc creator/import/gnu/arm/5.4.1/bin/../lib/gcc/arm-none-eabi/5.4.1/armv6-m\libgcc.a
LOAD c:/program files (x86)/cypress/psoc creator/4.2/psoc creator/import/gnu/arm/5.4.1/bin/../lib/gcc/arm-none-eabi/5.4.1/../../../../arm-none-eabi/lib/armv6-m\libc.a
LOAD c:/program files (x86)/cypress/psoc creator/4.2/psoc creator/import/gnu/arm/5.4.1/bin/../lib/gcc/arm-none-eabi/5.4.1/../../../../arm-none-eabi/lib/armv6-m\libnosys.a
END GROUP
                0x00000000                CY_APPL_ORIGIN = 0x0
                0x00000080                CY_FLASH_ROW_SIZE = 0x80
                0x00000001                CY_APPL_NUM = 0x1
                0x00000001                CY_APPL_MAX = 0x1
                0x00000040                CY_METADATA_SIZE = 0x40
                0x00000000                CY_APPL_LOADABLE = 0x0
                0x00000000                CY_CHECKSUM_EXCLUDE_SIZE = ALIGN (0x0, CY_FLASH_ROW_SIZE)
                0x00000000                CY_APP_FOR_STACK_AND_COPIER = 0x0
                [!provide]                PROVIDE (__cy_heap_start, _end)
                0x00000001                PROVIDE (__cy_region_num, ((__cy_regions_end - __cy_regions) / 0x10))
                0x20004000                PROVIDE (__cy_stack, (ORIGIN (ram) + LENGTH (ram)))
                [!provide]                PROVIDE (__cy_heap_end, (__cy_stack - 0x800))

.cybootloader   0x00000000        0x0
 *(.cybootloader)
                0x00000000                appl1_start = CY_APPL_ORIGIN?CY_APPL_ORIGIN:ALIGN (CY_FLASH_ROW_SIZE)
                0x0000ff80                appl2_start = (appl1_start + ALIGN ((((LENGTH (rom) - appl1_start) - (0x2 * CY_FLASH_ROW_SIZE)) / 0x2), CY_FLASH_ROW_SIZE))
                0x00000000                appl_start = (CY_APPL_NUM == 0x1)?appl1_start:appl2_start
                0x00000001                cy_project_type_bootloader = (appl_start == 0x0)?0x1:0x0
                0x00000000                cy_project_type_app_for_stack_and_copier = (CY_APP_FOR_STACK_AND_COPIER == 0x1)?0x1:0x0

.text           0x00000000    0x140e2
 CREATE_OBJECT_SYMBOLS
                0x00000000                PROVIDE (__cy_interrupt_vector, RomVectors)
 *(.romvectors)
 .romvectors    0x00000000       0x10 .\CortexM0\ARM_GCC_541\Debug\Cm0Start.o
                0x00000000                RomVectors
                0x00000001                ASSERT ((. != __cy_interrupt_vector), No interrupt vector)
                0x00000001                ASSERT (CY_APPL_ORIGIN?(SIZEOF (.cybootloader) <= CY_APPL_ORIGIN):0x1, Wrong image location)
                0x00000010                PROVIDE (__cy_reset, Reset)
 *(.text.Reset)
 .text.Reset    0x00000010        0x8 .\CortexM0\ARM_GCC_541\Debug\Cm0Start.o
                0x00000010                Reset
                0x00000001                ASSERT ((. != __cy_reset), No reset code)
 *(.psocinit)
 .psocinit      0x00000018      0x340 .\CortexM0\ARM_GCC_541\Debug\cyfitter_cfg.o
                0x00000110                cyfitter_cfg
                0x00000358                . = MAX (., 0x100)
 *(.text .text.* .gnu.linkonce.t.*)
 .text          0x00000358        0x0 c:/program files (x86)/cypress/psoc creator/4.2/psoc creator/import/gnu/arm/5.4.1/bin/../lib/gcc/arm-none-eabi/5.4.1/armv6-m/crti.o
 .text          0x00000358       0x60 c:/program files (x86)/cypress/psoc creator/4.2/psoc creator/import/gnu/arm/5.4.1/bin/../lib/gcc/arm-none-eabi/5.4.1/armv6-m/crtbegin.o
 .text          0x000003b8       0x78 c:/program files (x86)/cypress/psoc creator/4.2/psoc creator/import/gnu/arm/5.4.1/bin/../lib/gcc/arm-none-eabi/5.4.1/../../../../arm-none-eabi/lib/armv6-m/crt0.o
                0x000003b8                _start
                0x000003b8                _mainCRTStartup
 .text          0x00000430        0x0 .\CortexM0\ARM_GCC_541\Debug\app.o
 .text.main     0x00000430       0x6c .\CortexM0\ARM_GCC_541\Debug\app.o
                0x00000430                main
 .text.App_TaskStart
                0x0000049c       0xe0 .\CortexM0\ARM_GCC_541\Debug\app.o
 .text.App_TaskCreate
                0x0000057c       0x50 .\CortexM0\ARM_GCC_541\Debug\app.o
 .text.App_ObjCreate
                0x000005cc        0xc .\CortexM0\ARM_GCC_541\Debug\app.o
 .text.App_Demo_SensorTask
                0x000005d8       0xf4 .\CortexM0\ARM_GCC_541\Debug\app.o
 .text          0x000006cc        0x0 .\CortexM0\ARM_GCC_541\Debug\os_app_hooks.o
 .text.App_OS_SetAllHooks
                0x000006cc        0xc .\CortexM0\ARM_GCC_541\Debug\os_app_hooks.o
                0x000006cc                App_OS_SetAllHooks
 .text.App_OS_ClrAllHooks
                0x000006d8        0xc .\CortexM0\ARM_GCC_541\Debug\os_app_hooks.o
                0x000006d8                App_OS_ClrAllHooks
 .text.App_OS_IdleTaskHook
                0x000006e4        0xc .\CortexM0\ARM_GCC_541\Debug\os_app_hooks.o
                0x000006e4                App_OS_IdleTaskHook
 .text.App_OS_StatTaskHook
                0x000006f0        0xc .\CortexM0\ARM_GCC_541\Debug\os_app_hooks.o
                0x000006f0                App_OS_StatTaskHook
 .text.App_OS_TaskCreateHook
                0x000006fc       0x10 .\CortexM0\ARM_GCC_541\Debug\os_app_hooks.o
                0x000006fc                App_OS_TaskCreateHook
 .text.App_OS_TaskDelHook
                0x0000070c       0x10 .\CortexM0\ARM_GCC_541\Debug\os_app_hooks.o
                0x0000070c                App_OS_TaskDelHook
 .text.App_OS_TaskReturnHook
                0x0000071c       0x10 .\CortexM0\ARM_GCC_541\Debug\os_app_hooks.o
                0x0000071c                App_OS_TaskReturnHook
 .text.App_OS_TaskSwHook
                0x0000072c        0xc .\CortexM0\ARM_GCC_541\Debug\os_app_hooks.o
                0x0000072c                App_OS_TaskSwHook
 .text.App_OS_TimeTickHook
                0x00000738        0xc .\CortexM0\ARM_GCC_541\Debug\os_app_hooks.o
                0x00000738                App_OS_TimeTickHook
 .text          0x00000744        0x0 .\CortexM0\ARM_GCC_541\Debug\bsp_os.o
 .text.BSP_OS_SemCreate
                0x00000744       0x34 .\CortexM0\ARM_GCC_541\Debug\bsp_os.o
                0x00000744                BSP_OS_SemCreate
 .text.BSP_OS_SemWait
                0x00000778       0x50 .\CortexM0\ARM_GCC_541\Debug\bsp_os.o
                0x00000778                BSP_OS_SemWait
 .text.BSP_OS_SemPost
                0x000007c8       0x30 .\CortexM0\ARM_GCC_541\Debug\bsp_os.o
                0x000007c8                BSP_OS_SemPost
 .text.BSP_OS_TimeDlyMs
                0x000007f8       0x8c .\CortexM0\ARM_GCC_541\Debug\bsp_os.o
                0x000007f8                BSP_OS_TimeDlyMs
 .text.BSP_OS_TimeDly
                0x00000884       0x20 .\CortexM0\ARM_GCC_541\Debug\bsp_os.o
                0x00000884                BSP_OS_TimeDly
 .text          0x000008a4        0x0 .\CortexM0\ARM_GCC_541\Debug\cpu_bsp.o
 .text.CPU_TS_TmrInit
                0x000008a4       0x40 .\CortexM0\ARM_GCC_541\Debug\cpu_bsp.o
                0x000008a4                CPU_TS_TmrInit
 .text.CPU_TS_TmrRd
                0x000008e4       0x1c .\CortexM0\ARM_GCC_541\Debug\cpu_bsp.o
                0x000008e4                CPU_TS_TmrRd
 .text.CPU_TS32_to_uSec
                0x00000900       0x50 .\CortexM0\ARM_GCC_541\Debug\cpu_bsp.o
                0x00000900                CPU_TS32_to_uSec
 .text          0x00000950        0x0 .\CortexM0\ARM_GCC_541\Debug\bsp.o
 .text.BSP_Init
                0x00000950       0x5c .\CortexM0\ARM_GCC_541\Debug\bsp.o
                0x00000950                BSP_Init
 .text.BSP_CPU_TickInit
                0x000009ac       0x20 .\CortexM0\ARM_GCC_541\Debug\bsp.o
                0x000009ac                BSP_CPU_TickInit
 .text.BSP_CPU_ClkFreq
                0x000009cc       0x10 .\CortexM0\ARM_GCC_541\Debug\bsp.o
                0x000009cc                BSP_CPU_ClkFreq
 .text.BSP_RGB_On
                0x000009dc       0x18 .\CortexM0\ARM_GCC_541\Debug\bsp.o
                0x000009dc                BSP_RGB_On
 .text.BSP_RGB_Off
                0x000009f4       0x24 .\CortexM0\ARM_GCC_541\Debug\bsp.o
                0x000009f4                BSP_RGB_Off
 .text.BSP_RGB_ColorSet
                0x00000a18       0xe0 .\CortexM0\ARM_GCC_541\Debug\bsp.o
                0x00000a18                BSP_RGB_ColorSet
 .text.BSP_RGB_ColorRead
                0x00000af8       0x9c .\CortexM0\ARM_GCC_541\Debug\bsp.o
                0x00000af8                BSP_RGB_ColorRead
 .text.BSP_PB_StatusGet
                0x00000b94       0x30 .\CortexM0\ARM_GCC_541\Debug\bsp.o
                0x00000b94                BSP_PB_StatusGet
 .text.BSP_Accel_Init
                0x00000bc4       0xec .\CortexM0\ARM_GCC_541\Debug\bsp.o
                0x00000bc4                BSP_Accel_Init
 .text.BSP_Accel_InitSelfTst
                0x00000cb0       0xd0 .\CortexM0\ARM_GCC_541\Debug\bsp.o
 .text.BSP_Accel_RegRdWr
                0x00000d80       0xf4 .\CortexM0\ARM_GCC_541\Debug\bsp.o
 .text.BSP_Accel_Rd
                0x00000e74      0x1b8 .\CortexM0\ARM_GCC_541\Debug\bsp.o
                0x00000e74                BSP_Accel_Rd
 .text.BSP_Accel_ISR_Handler
                0x0000102c       0x20 .\CortexM0\ARM_GCC_541\Debug\bsp.o
                0x0000102c                BSP_Accel_ISR_Handler
 .text          0x0000104c        0x0 .\CortexM0\ARM_GCC_541\Debug\cpu_c.o
 .text.CPU_BitBandClr
                0x0000104c       0x88 .\CortexM0\ARM_GCC_541\Debug\cpu_c.o
                0x0000104c                CPU_BitBandClr
 .text.CPU_BitBandSet
                0x000010d4       0x88 .\CortexM0\ARM_GCC_541\Debug\cpu_c.o
                0x000010d4                CPU_BitBandSet
 .text.CPU_IntSrcDis
                0x0000115c       0xfc .\CortexM0\ARM_GCC_541\Debug\cpu_c.o
                0x0000115c                CPU_IntSrcDis
 .text.CPU_IntSrcEn
                0x00001258       0xfc .\CortexM0\ARM_GCC_541\Debug\cpu_c.o
                0x00001258                CPU_IntSrcEn
 .text.CPU_IntSrcPendClr
                0x00001354       0xd4 .\CortexM0\ARM_GCC_541\Debug\cpu_c.o
                0x00001354                CPU_IntSrcPendClr
 .text.CPU_IntSrcPrioSet
                0x00001428      0x1d0 .\CortexM0\ARM_GCC_541\Debug\cpu_c.o
                0x00001428                CPU_IntSrcPrioSet
 .text.CPU_IntSrcPrioGet
                0x000015f8      0x1ac .\CortexM0\ARM_GCC_541\Debug\cpu_c.o
                0x000015f8                CPU_IntSrcPrioGet
 .text.CPU_RevBits
                0x000017a4       0x68 .\CortexM0\ARM_GCC_541\Debug\cpu_c.o
                0x000017a4                CPU_RevBits
 .text          0x0000180c        0x0 .\CortexM0\ARM_GCC_541\Debug\cpu_core.o
 .text.CPU_Init
                0x0000180c       0x18 .\CortexM0\ARM_GCC_541\Debug\cpu_core.o
                0x0000180c                CPU_Init
 .text.CPU_SW_Exception
                0x00001824        0x8 .\CortexM0\ARM_GCC_541\Debug\cpu_core.o
                0x00001824                CPU_SW_Exception
 .text.CPU_NameClr
                0x0000182c       0x38 .\CortexM0\ARM_GCC_541\Debug\cpu_core.o
                0x0000182c                CPU_NameClr
 .text.CPU_NameGet
                0x00001864       0x5c .\CortexM0\ARM_GCC_541\Debug\cpu_core.o
                0x00001864                CPU_NameGet
 .text.CPU_NameSet
                0x000018c0       0x78 .\CortexM0\ARM_GCC_541\Debug\cpu_core.o
                0x000018c0                CPU_NameSet
 .text.CPU_TS_Get32
                0x00001938       0x18 .\CortexM0\ARM_GCC_541\Debug\cpu_core.o
                0x00001938                CPU_TS_Get32
 .text.CPU_TS_Update
                0x00001950        0xc .\CortexM0\ARM_GCC_541\Debug\cpu_core.o
                0x00001950                CPU_TS_Update
 .text.CPU_TS_TmrFreqGet
                0x0000195c       0x38 .\CortexM0\ARM_GCC_541\Debug\cpu_core.o
                0x0000195c                CPU_TS_TmrFreqGet
 .text.CPU_TS_TmrFreqSet
                0x00001994       0x1c .\CortexM0\ARM_GCC_541\Debug\cpu_core.o
                0x00001994                CPU_TS_TmrFreqSet
 .text.CPU_IntDisMeasMaxCurReset
                0x000019b0       0x38 .\CortexM0\ARM_GCC_541\Debug\cpu_core.o
                0x000019b0                CPU_IntDisMeasMaxCurReset
 .text.CPU_IntDisMeasMaxCurGet
                0x000019e8       0x3c .\CortexM0\ARM_GCC_541\Debug\cpu_core.o
                0x000019e8                CPU_IntDisMeasMaxCurGet
 .text.CPU_IntDisMeasMaxGet
                0x00001a24       0x3c .\CortexM0\ARM_GCC_541\Debug\cpu_core.o
                0x00001a24                CPU_IntDisMeasMaxGet
 .text.CPU_IntDisMeasStart
                0x00001a60       0x40 .\CortexM0\ARM_GCC_541\Debug\cpu_core.o
                0x00001a60                CPU_IntDisMeasStart
 .text.CPU_IntDisMeasStop
                0x00001aa0       0x6c .\CortexM0\ARM_GCC_541\Debug\cpu_core.o
                0x00001aa0                CPU_IntDisMeasStop
 .text.CPU_CntLeadZeros
                0x00001b0c       0x20 .\CortexM0\ARM_GCC_541\Debug\cpu_core.o
                0x00001b0c                CPU_CntLeadZeros
 .text.CPU_CntLeadZeros08
                0x00001b2c       0x2c .\CortexM0\ARM_GCC_541\Debug\cpu_core.o
                0x00001b2c                CPU_CntLeadZeros08
 .text.CPU_CntLeadZeros16
                0x00001b58       0x4c .\CortexM0\ARM_GCC_541\Debug\cpu_core.o
                0x00001b58                CPU_CntLeadZeros16
 .text.CPU_CntLeadZeros32
                0x00001ba4       0x80 .\CortexM0\ARM_GCC_541\Debug\cpu_core.o
                0x00001ba4                CPU_CntLeadZeros32
 .text.CPU_CntLeadZeros64
                0x00001c24      0x168 .\CortexM0\ARM_GCC_541\Debug\cpu_core.o
                0x00001c24                CPU_CntLeadZeros64
 .text.CPU_CntTrailZeros
                0x00001d8c       0x3c .\CortexM0\ARM_GCC_541\Debug\cpu_core.o
                0x00001d8c                CPU_CntTrailZeros
 .text.CPU_CntTrailZeros08
                0x00001dc8       0x50 .\CortexM0\ARM_GCC_541\Debug\cpu_core.o
                0x00001dc8                CPU_CntTrailZeros08
 .text.CPU_CntTrailZeros16
                0x00001e18       0x50 .\CortexM0\ARM_GCC_541\Debug\cpu_core.o
                0x00001e18                CPU_CntTrailZeros16
 .text.CPU_CntTrailZeros32
                0x00001e68       0x3c .\CortexM0\ARM_GCC_541\Debug\cpu_core.o
                0x00001e68                CPU_CntTrailZeros32
 .text.CPU_CntTrailZeros64
                0x00001ea4       0x50 .\CortexM0\ARM_GCC_541\Debug\cpu_core.o
                0x00001ea4                CPU_CntTrailZeros64
 .text.CPU_PopCnt32
                0x00001ef4       0x78 .\CortexM0\ARM_GCC_541\Debug\cpu_core.o
                0x00001ef4                CPU_PopCnt32
 .text.CPU_NameInit
                0x00001f6c       0x10 .\CortexM0\ARM_GCC_541\Debug\cpu_core.o
 .text.CPU_TS_Init
                0x00001f7c       0x18 .\CortexM0\ARM_GCC_541\Debug\cpu_core.o
 .text.CPU_IntDisMeasInit
                0x00001f94       0xb8 .\CortexM0\ARM_GCC_541\Debug\cpu_core.o
 .text.CPU_IntDisMeasMaxCalc
                0x0000204c       0x34 .\CortexM0\ARM_GCC_541\Debug\cpu_core.o
 .text          0x00002080        0x0 .\CortexM0\ARM_GCC_541\Debug\os_cpu_c.o
 .text.OSIdleTaskHook
                0x00002080        0xc .\CortexM0\ARM_GCC_541\Debug\os_cpu_c.o
                0x00002080                OSIdleTaskHook
 .text.OSInitHook
                0x0000208c       0x38 .\CortexM0\ARM_GCC_541\Debug\os_cpu_c.o
                0x0000208c                OSInitHook
 .text.OSStatTaskHook
                0x000020c4        0xc .\CortexM0\ARM_GCC_541\Debug\os_cpu_c.o
                0x000020c4                OSStatTaskHook
 .text.OSTaskCreateHook
                0x000020d0       0x10 .\CortexM0\ARM_GCC_541\Debug\os_cpu_c.o
                0x000020d0                OSTaskCreateHook
 .text.OSTaskDelHook
                0x000020e0       0x10 .\CortexM0\ARM_GCC_541\Debug\os_cpu_c.o
                0x000020e0                OSTaskDelHook
 .text.OSTaskReturnHook
                0x000020f0       0x10 .\CortexM0\ARM_GCC_541\Debug\os_cpu_c.o
                0x000020f0                OSTaskReturnHook
 .text.OSTaskStkInit
                0x00002100      0x12c .\CortexM0\ARM_GCC_541\Debug\os_cpu_c.o
                0x00002100                OSTaskStkInit
 .text.OSTaskSwHook
                0x0000222c       0xa8 .\CortexM0\ARM_GCC_541\Debug\os_cpu_c.o
                0x0000222c                OSTaskSwHook
 .text.OSTimeTickHook
                0x000022d4        0xc .\CortexM0\ARM_GCC_541\Debug\os_cpu_c.o
                0x000022d4                OSTimeTickHook
 .text.SysTick_Handler
                0x000022e0       0x38 .\CortexM0\ARM_GCC_541\Debug\os_cpu_c.o
                0x000022e0                SysTick_Handler
 .text.OS_CPU_SysTickInit
                0x00002318       0x64 .\CortexM0\ARM_GCC_541\Debug\os_cpu_c.o
                0x00002318                OS_CPU_SysTickInit
 .text          0x0000237c        0x0 .\CortexM0\ARM_GCC_541\Debug\os_cfg_app.o
 .text.OSCfg_Init
                0x0000237c        0xc .\CortexM0\ARM_GCC_541\Debug\os_cfg_app.o
                0x0000237c                OSCfg_Init
 .text          0x00002388        0x0 .\CortexM0\ARM_GCC_541\Debug\os_core.o
 .text.OSInit   0x00002388      0x1ac .\CortexM0\ARM_GCC_541\Debug\os_core.o
                0x00002388                OSInit
 .text.OSIntEnter
                0x00002534       0x34 .\CortexM0\ARM_GCC_541\Debug\os_core.o
                0x00002534                OSIntEnter
 .text.OSIntExit
                0x00002568       0xe4 .\CortexM0\ARM_GCC_541\Debug\os_core.o
                0x00002568                OSIntExit
 .text.OSSched  0x0000264c       0xac .\CortexM0\ARM_GCC_541\Debug\os_core.o
                0x0000264c                OSSched
 .text.OSSchedLock
                0x000026f8       0x88 .\CortexM0\ARM_GCC_541\Debug\os_core.o
                0x000026f8                OSSchedLock
 .text.OSSchedUnlock
                0x00002780       0xac .\CortexM0\ARM_GCC_541\Debug\os_core.o
                0x00002780                OSSchedUnlock
 .text.OSStart  0x0000282c       0xf8 .\CortexM0\ARM_GCC_541\Debug\os_core.o
                0x0000282c                OSStart
 .text.OSVersion
                0x00002924       0x1c .\CortexM0\ARM_GCC_541\Debug\os_core.o
                0x00002924                OSVersion
 .text.OS_IdleTask
                0x00002940       0x44 .\CortexM0\ARM_GCC_541\Debug\os_core.o
                0x00002940                OS_IdleTask
 .text.OS_IdleTaskInit
                0x00002984       0x70 .\CortexM0\ARM_GCC_541\Debug\os_core.o
                0x00002984                OS_IdleTaskInit
 .text.OS_Pend  0x000029f4       0x84 .\CortexM0\ARM_GCC_541\Debug\os_core.o
                0x000029f4                OS_Pend
 .text.OS_PendAbort
                0x00002a78       0xd0 .\CortexM0\ARM_GCC_541\Debug\os_core.o
                0x00002a78                OS_PendAbort
 .text.OS_PendDataInit
                0x00002b48       0x48 .\CortexM0\ARM_GCC_541\Debug\os_core.o
                0x00002b48                OS_PendDataInit
 .text.OS_PendDbgNameAdd
                0x00002b90       0x78 .\CortexM0\ARM_GCC_541\Debug\os_core.o
                0x00002b90                OS_PendDbgNameAdd
 .text.OS_PendDbgNameRemove
                0x00002c08       0x48 .\CortexM0\ARM_GCC_541\Debug\os_core.o
                0x00002c08                OS_PendDbgNameRemove
 .text.OS_PendListChangePrio
                0x00002c50       0x6c .\CortexM0\ARM_GCC_541\Debug\os_core.o
                0x00002c50                OS_PendListChangePrio
 .text.OS_PendListInit
                0x00002cbc       0x24 .\CortexM0\ARM_GCC_541\Debug\os_core.o
                0x00002cbc                OS_PendListInit
 .text.OS_PendListInsertPrio
                0x00002ce0       0xec .\CortexM0\ARM_GCC_541\Debug\os_core.o
                0x00002ce0                OS_PendListInsertPrio
 .text.OS_PendListRemove
                0x00002dcc       0x64 .\CortexM0\ARM_GCC_541\Debug\os_core.o
                0x00002dcc                OS_PendListRemove
 .text.OS_PendListRemove1
                0x00002e30       0x94 .\CortexM0\ARM_GCC_541\Debug\os_core.o
                0x00002e30                OS_PendListRemove1
 .text.OS_PendObjDel
                0x00002ec4       0xcc .\CortexM0\ARM_GCC_541\Debug\os_core.o
                0x00002ec4                OS_PendObjDel
 .text.OS_Post  0x00002f90       0xf8 .\CortexM0\ARM_GCC_541\Debug\os_core.o
                0x00002f90                OS_Post
 .text.OS_RdyListInit
                0x00003088       0x48 .\CortexM0\ARM_GCC_541\Debug\os_core.o
                0x00003088                OS_RdyListInit
 .text.OS_RdyListInsert
                0x000030d0       0x40 .\CortexM0\ARM_GCC_541\Debug\os_core.o
                0x000030d0                OS_RdyListInsert
 .text.OS_RdyListInsertHead
                0x00003110       0x80 .\CortexM0\ARM_GCC_541\Debug\os_core.o
                0x00003110                OS_RdyListInsertHead
 .text.OS_RdyListInsertTail
                0x00003190       0x7c .\CortexM0\ARM_GCC_541\Debug\os_core.o
                0x00003190                OS_RdyListInsertTail
 .text.OS_RdyListMoveHeadToTail
                0x0000320c       0x94 .\CortexM0\ARM_GCC_541\Debug\os_core.o
                0x0000320c                OS_RdyListMoveHeadToTail
 .text.OS_RdyListRemove
                0x000032a0       0xb0 .\CortexM0\ARM_GCC_541\Debug\os_core.o
                0x000032a0                OS_RdyListRemove
 .text.OS_SchedLockTimeMeasStart
                0x00003350       0x24 .\CortexM0\ARM_GCC_541\Debug\os_core.o
                0x00003350                OS_SchedLockTimeMeasStart
 .text.OS_SchedLockTimeMeasStop
                0x00003374       0x54 .\CortexM0\ARM_GCC_541\Debug\os_core.o
                0x00003374                OS_SchedLockTimeMeasStop
 .text.OS_TaskBlock
                0x000033c8       0x44 .\CortexM0\ARM_GCC_541\Debug\os_core.o
                0x000033c8                OS_TaskBlock
 .text          0x0000340c        0x0 .\CortexM0\ARM_GCC_541\Debug\os_dbg.o
 .text.OS_Dbg_Init
                0x0000340c      0x238 .\CortexM0\ARM_GCC_541\Debug\os_dbg.o
                0x0000340c                OS_Dbg_Init
 .text          0x00003644        0x0 .\CortexM0\ARM_GCC_541\Debug\os_flag.o
 .text.OSFlagCreate
                0x00003644       0xa0 .\CortexM0\ARM_GCC_541\Debug\os_flag.o
                0x00003644                OSFlagCreate
 .text.OSFlagPend
                0x000036e4      0x428 .\CortexM0\ARM_GCC_541\Debug\os_flag.o
                0x000036e4                OSFlagPend
 .text.OSFlagPendGetFlagsRdy
                0x00003b0c       0x5c .\CortexM0\ARM_GCC_541\Debug\os_flag.o
                0x00003b0c                OSFlagPendGetFlagsRdy
 .text.OSFlagPost
                0x00003b68       0x78 .\CortexM0\ARM_GCC_541\Debug\os_flag.o
                0x00003b68                OSFlagPost
 .text.OS_FlagBlock
                0x00003be0       0x48 .\CortexM0\ARM_GCC_541\Debug\os_flag.o
                0x00003be0                OS_FlagBlock
 .text.OS_FlagClr
                0x00003c28       0x38 .\CortexM0\ARM_GCC_541\Debug\os_flag.o
                0x00003c28                OS_FlagClr
 .text.OS_FlagDbgListAdd
                0x00003c60       0x4c .\CortexM0\ARM_GCC_541\Debug\os_flag.o
                0x00003c60                OS_FlagDbgListAdd
 .text.OS_FlagDbgListRemove
                0x00003cac       0x6c .\CortexM0\ARM_GCC_541\Debug\os_flag.o
                0x00003cac                OS_FlagDbgListRemove
 .text.OS_FlagPost
                0x00003d18      0x1a4 .\CortexM0\ARM_GCC_541\Debug\os_flag.o
                0x00003d18                OS_FlagPost
 .text.OS_FlagTaskRdy
                0x00003ebc       0x80 .\CortexM0\ARM_GCC_541\Debug\os_flag.o
                0x00003ebc                OS_FlagTaskRdy
 .text          0x00003f3c        0x0 .\CortexM0\ARM_GCC_541\Debug\os_int.o
 .text          0x00003f3c        0x0 .\CortexM0\ARM_GCC_541\Debug\os_mem.o
 .text.OSMemCreate
                0x00003f3c      0x164 .\CortexM0\ARM_GCC_541\Debug\os_mem.o
                0x00003f3c                OSMemCreate
 .text.OSMemGet
                0x000040a0       0x88 .\CortexM0\ARM_GCC_541\Debug\os_mem.o
                0x000040a0                OSMemGet
 .text.OSMemPut
                0x00004128       0x98 .\CortexM0\ARM_GCC_541\Debug\os_mem.o
                0x00004128                OSMemPut
 .text.OS_MemDbgListAdd
                0x000041c0       0x40 .\CortexM0\ARM_GCC_541\Debug\os_mem.o
                0x000041c0                OS_MemDbgListAdd
 .text.OS_MemInit
                0x00004200       0x2c .\CortexM0\ARM_GCC_541\Debug\os_mem.o
                0x00004200                OS_MemInit
 .text          0x0000422c        0x0 .\CortexM0\ARM_GCC_541\Debug\os_mon.o
 .text.OSMonCreate
                0x0000422c       0xa0 .\CortexM0\ARM_GCC_541\Debug\os_mon.o
                0x0000422c                OSMonCreate
 .text.OSMonOp  0x000042cc      0x1c0 .\CortexM0\ARM_GCC_541\Debug\os_mon.o
                0x000042cc                OSMonOp
 .text.OS_MonClr
                0x0000448c       0x34 .\CortexM0\ARM_GCC_541\Debug\os_mon.o
                0x0000448c                OS_MonClr
 .text.OS_MonDbgListAdd
                0x000044c0       0x4c .\CortexM0\ARM_GCC_541\Debug\os_mon.o
                0x000044c0                OS_MonDbgListAdd
 .text.OS_MonDbgListRemove
                0x0000450c       0x6c .\CortexM0\ARM_GCC_541\Debug\os_mon.o
                0x0000450c                OS_MonDbgListRemove
 .text          0x00004578        0x0 .\CortexM0\ARM_GCC_541\Debug\os_msg.o
 .text.OS_MsgPoolInit
                0x00004578       0xe8 .\CortexM0\ARM_GCC_541\Debug\os_msg.o
                0x00004578                OS_MsgPoolInit
 .text.OS_MsgQFreeAll
                0x00004660       0x7c .\CortexM0\ARM_GCC_541\Debug\os_msg.o
                0x00004660                OS_MsgQFreeAll
 .text.OS_MsgQInit
                0x000046dc       0x38 .\CortexM0\ARM_GCC_541\Debug\os_msg.o
                0x000046dc                OS_MsgQInit
 .text.OS_MsgQGet
                0x00004714       0xbc .\CortexM0\ARM_GCC_541\Debug\os_msg.o
                0x00004714                OS_MsgQGet
 .text.OS_MsgQPut
                0x000047d0      0x114 .\CortexM0\ARM_GCC_541\Debug\os_msg.o
                0x000047d0                OS_MsgQPut
 .text          0x000048e4        0x0 .\CortexM0\ARM_GCC_541\Debug\os_mutex.o
 .text.OSMutexCreate
                0x000048e4       0xac .\CortexM0\ARM_GCC_541\Debug\os_mutex.o
                0x000048e4                OSMutexCreate
 .text.OSMutexPend
                0x00004990      0x270 .\CortexM0\ARM_GCC_541\Debug\os_mutex.o
                0x00004990                OSMutexPend
 .text.OSMutexPost
                0x00004c00      0x200 .\CortexM0\ARM_GCC_541\Debug\os_mutex.o
                0x00004c00                OSMutexPost
 .text.OS_MutexClr
                0x00004e00       0x48 .\CortexM0\ARM_GCC_541\Debug\os_mutex.o
                0x00004e00                OS_MutexClr
 .text.OS_MutexDbgListAdd
                0x00004e48       0x4c .\CortexM0\ARM_GCC_541\Debug\os_mutex.o
                0x00004e48                OS_MutexDbgListAdd
 .text.OS_MutexDbgListRemove
                0x00004e94       0x6c .\CortexM0\ARM_GCC_541\Debug\os_mutex.o
                0x00004e94                OS_MutexDbgListRemove
 .text.OS_MutexGrpAdd
                0x00004f00       0x20 .\CortexM0\ARM_GCC_541\Debug\os_mutex.o
                0x00004f00                OS_MutexGrpAdd
 .text.OS_MutexGrpRemove
                0x00004f20       0x38 .\CortexM0\ARM_GCC_541\Debug\os_mutex.o
                0x00004f20                OS_MutexGrpRemove
 .text.OS_MutexGrpPrioFindHighest
                0x00004f58       0x70 .\CortexM0\ARM_GCC_541\Debug\os_mutex.o
                0x00004f58                OS_MutexGrpPrioFindHighest
 .text.OS_MutexGrpPostAll
                0x00004fc8       0x94 .\CortexM0\ARM_GCC_541\Debug\os_mutex.o
                0x00004fc8                OS_MutexGrpPostAll
 .text          0x0000505c        0x0 .\CortexM0\ARM_GCC_541\Debug\os_pend_multi.o
 .text          0x0000505c        0x0 .\CortexM0\ARM_GCC_541\Debug\os_prio.o
 .text.OS_PrioInit
                0x0000505c       0x30 .\CortexM0\ARM_GCC_541\Debug\os_prio.o
                0x0000505c                OS_PrioInit
 .text.OS_PrioGetHighest
                0x0000508c       0x38 .\CortexM0\ARM_GCC_541\Debug\os_prio.o
                0x0000508c                OS_PrioGetHighest
 .text.OS_PrioInsert
                0x000050c4       0x54 .\CortexM0\ARM_GCC_541\Debug\os_prio.o
                0x000050c4                OS_PrioInsert
 .text.OS_PrioRemove
                0x00005118       0x58 .\CortexM0\ARM_GCC_541\Debug\os_prio.o
                0x00005118                OS_PrioRemove
 .text          0x00005170        0x0 .\CortexM0\ARM_GCC_541\Debug\os_q.o
 .text.OSQCreate
                0x00005170       0xbc .\CortexM0\ARM_GCC_541\Debug\os_q.o
                0x00005170                OSQCreate
 .text.OSQPend  0x0000522c      0x20c .\CortexM0\ARM_GCC_541\Debug\os_q.o
                0x0000522c                OSQPend
 .text.OSQPendAbort
                0x00005438      0x134 .\CortexM0\ARM_GCC_541\Debug\os_q.o
                0x00005438                OSQPendAbort
 .text.OSQPost  0x0000556c       0xb0 .\CortexM0\ARM_GCC_541\Debug\os_q.o
                0x0000556c                OSQPost
 .text.OS_QClr  0x0000561c       0x44 .\CortexM0\ARM_GCC_541\Debug\os_q.o
                0x0000561c                OS_QClr
 .text.OS_QDbgListAdd
                0x00005660       0x4c .\CortexM0\ARM_GCC_541\Debug\os_q.o
                0x00005660                OS_QDbgListAdd
 .text.OS_QDbgListRemove
                0x000056ac       0x6c .\CortexM0\ARM_GCC_541\Debug\os_q.o
                0x000056ac                OS_QDbgListRemove
 .text.OS_QPost
                0x00005718       0xe8 .\CortexM0\ARM_GCC_541\Debug\os_q.o
                0x00005718                OS_QPost
 .text          0x00005800        0x0 .\CortexM0\ARM_GCC_541\Debug\os_sem.o
 .text.OSSemCreate
                0x00005800       0xa0 .\CortexM0\ARM_GCC_541\Debug\os_sem.o
                0x00005800                OSSemCreate
 .text.OSSemPend
                0x000058a0      0x1fc .\CortexM0\ARM_GCC_541\Debug\os_sem.o
                0x000058a0                OSSemPend
 .text.OSSemPendAbort
                0x00005a9c      0x134 .\CortexM0\ARM_GCC_541\Debug\os_sem.o
                0x00005a9c                OSSemPendAbort
 .text.OSSemPost
                0x00005bd0       0x8c .\CortexM0\ARM_GCC_541\Debug\os_sem.o
                0x00005bd0                OSSemPost
 .text.OSSemSet
                0x00005c5c       0x90 .\CortexM0\ARM_GCC_541\Debug\os_sem.o
                0x00005c5c                OSSemSet
 .text.OS_SemClr
                0x00005cec       0x3c .\CortexM0\ARM_GCC_541\Debug\os_sem.o
                0x00005cec                OS_SemClr
 .text.OS_SemDbgListAdd
                0x00005d28       0x4c .\CortexM0\ARM_GCC_541\Debug\os_sem.o
                0x00005d28                OS_SemDbgListAdd
 .text.OS_SemDbgListRemove
                0x00005d74       0x6c .\CortexM0\ARM_GCC_541\Debug\os_sem.o
                0x00005d74                OS_SemDbgListRemove
 .text.OS_SemPost
                0x00005de0       0xec .\CortexM0\ARM_GCC_541\Debug\os_sem.o
                0x00005de0                OS_SemPost
 .text          0x00005ecc        0x0 .\CortexM0\ARM_GCC_541\Debug\os_stat.o
 .text.OSStatReset
                0x00005ecc      0x174 .\CortexM0\ARM_GCC_541\Debug\os_stat.o
                0x00005ecc                OSStatReset
 .text.OSStatTaskCPUUsageInit
                0x00006040      0x134 .\CortexM0\ARM_GCC_541\Debug\os_stat.o
                0x00006040                OSStatTaskCPUUsageInit
 .text.OS_StatTask
                0x00006174      0x388 .\CortexM0\ARM_GCC_541\Debug\os_stat.o
                0x00006174                OS_StatTask
 .text.OS_StatTaskInit
                0x000064fc       0xe0 .\CortexM0\ARM_GCC_541\Debug\os_stat.o
                0x000064fc                OS_StatTaskInit
 .text          0x000065dc        0x0 .\CortexM0\ARM_GCC_541\Debug\os_task.o
 .text.OSTaskChangePrio
                0x000065dc      0x124 .\CortexM0\ARM_GCC_541\Debug\os_task.o
                0x000065dc                OSTaskChangePrio
 .text.OSTaskCreate
                0x00006700      0x260 .\CortexM0\ARM_GCC_541\Debug\os_task.o
                0x00006700                OSTaskCreate
 .text.OSTaskQFlush
                0x00006960       0x8c .\CortexM0\ARM_GCC_541\Debug\os_task.o
                0x00006960                OSTaskQFlush
 .text.OSTaskQPend
                0x000069ec      0x228 .\CortexM0\ARM_GCC_541\Debug\os_task.o
                0x000069ec                OSTaskQPend
 .text.OSTaskQPost
                0x00006c14       0x70 .\CortexM0\ARM_GCC_541\Debug\os_task.o
                0x00006c14                OSTaskQPost
 .text.OSTaskRegGet
                0x00006c84       0x78 .\CortexM0\ARM_GCC_541\Debug\os_task.o
                0x00006c84                OSTaskRegGet
 .text.OSTaskRegGetID
                0x00006cfc       0x74 .\CortexM0\ARM_GCC_541\Debug\os_task.o
                0x00006cfc                OSTaskRegGetID
 .text.OSTaskRegSet
                0x00006d70       0x74 .\CortexM0\ARM_GCC_541\Debug\os_task.o
                0x00006d70                OSTaskRegSet
 .text.OSTaskResume
                0x00006de4       0x7c .\CortexM0\ARM_GCC_541\Debug\os_task.o
                0x00006de4                OSTaskResume
 .text.OSTaskSemPend
                0x00006e60      0x230 .\CortexM0\ARM_GCC_541\Debug\os_task.o
                0x00006e60                OSTaskSemPend
 .text.OSTaskSemPendAbort
                0x00007090      0x108 .\CortexM0\ARM_GCC_541\Debug\os_task.o
                0x00007090                OSTaskSemPendAbort
 .text.OSTaskSemPost
                0x00007198       0x5c .\CortexM0\ARM_GCC_541\Debug\os_task.o
                0x00007198                OSTaskSemPost
 .text.OSTaskSemSet
                0x000071f4       0xa0 .\CortexM0\ARM_GCC_541\Debug\os_task.o
                0x000071f4                OSTaskSemSet
 .text.OSTaskStkChk
                0x00007294      0x110 .\CortexM0\ARM_GCC_541\Debug\os_task.o
                0x00007294                OSTaskStkChk
 .text.OSTaskSuspend
                0x000073a4       0x4c .\CortexM0\ARM_GCC_541\Debug\os_task.o
                0x000073a4                OSTaskSuspend
 .text.OS_TaskDbgListAdd
                0x000073f0       0x48 .\CortexM0\ARM_GCC_541\Debug\os_task.o
                0x000073f0                OS_TaskDbgListAdd
 .text.OS_TaskDbgListRemove
                0x00007438       0x80 .\CortexM0\ARM_GCC_541\Debug\os_task.o
                0x00007438                OS_TaskDbgListRemove
 .text.OS_TaskInit
                0x000074b8       0x34 .\CortexM0\ARM_GCC_541\Debug\os_task.o
                0x000074b8                OS_TaskInit
 .text.OS_TaskInitTCB
                0x000074ec      0x1a8 .\CortexM0\ARM_GCC_541\Debug\os_task.o
                0x000074ec                OS_TaskInitTCB
 .text.OS_TaskQPost
                0x00007694      0x108 .\CortexM0\ARM_GCC_541\Debug\os_task.o
                0x00007694                OS_TaskQPost
 .text.OS_TaskResume
                0x0000779c      0x13c .\CortexM0\ARM_GCC_541\Debug\os_task.o
                0x0000779c                OS_TaskResume
 .text.OS_TaskReturn
                0x000078d8       0x28 .\CortexM0\ARM_GCC_541\Debug\os_task.o
                0x000078d8                OS_TaskReturn
 .text.OS_TaskSemPost
                0x00007900      0x140 .\CortexM0\ARM_GCC_541\Debug\os_task.o
                0x00007900                OS_TaskSemPost
 .text.OS_TaskSuspend
                0x00007a40      0x184 .\CortexM0\ARM_GCC_541\Debug\os_task.o
                0x00007a40                OS_TaskSuspend
 .text.OS_TaskChangePrio
                0x00007bc4      0x14c .\CortexM0\ARM_GCC_541\Debug\os_task.o
                0x00007bc4                OS_TaskChangePrio
 .text          0x00007d10        0x0 .\CortexM0\ARM_GCC_541\Debug\os_tick.o
 .text.OS_TickTask
                0x00007d10       0x84 .\CortexM0\ARM_GCC_541\Debug\os_tick.o
                0x00007d10                OS_TickTask
 .text.OS_TickTaskInit
                0x00007d94       0xe4 .\CortexM0\ARM_GCC_541\Debug\os_tick.o
                0x00007d94                OS_TickTaskInit
 .text.OS_TickListInsert
                0x00007e78      0x12c .\CortexM0\ARM_GCC_541\Debug\os_tick.o
                0x00007e78                OS_TickListInsert
 .text.OS_TickListInsertDly
                0x00007fa4      0x100 .\CortexM0\ARM_GCC_541\Debug\os_tick.o
                0x00007fa4                OS_TickListInsertDly
 .text.OS_TickListRemove
                0x000080a4       0xc8 .\CortexM0\ARM_GCC_541\Debug\os_tick.o
                0x000080a4                OS_TickListRemove
 .text.OS_TickListUpdateDly
                0x0000816c      0x110 .\CortexM0\ARM_GCC_541\Debug\os_tick.o
 .text.OS_TickListUpdateTimeout
                0x0000827c      0x1d0 .\CortexM0\ARM_GCC_541\Debug\os_tick.o
 .text          0x0000844c        0x0 .\CortexM0\ARM_GCC_541\Debug\os_time.o
 .text.OSTimeDly
                0x0000844c       0xe0 .\CortexM0\ARM_GCC_541\Debug\os_time.o
                0x0000844c                OSTimeDly
 .text.OSTimeDlyHMSM
                0x0000852c      0x260 .\CortexM0\ARM_GCC_541\Debug\os_time.o
                0x0000852c                OSTimeDlyHMSM
 .text.OSTimeGet
                0x0000878c       0x40 .\CortexM0\ARM_GCC_541\Debug\os_time.o
                0x0000878c                OSTimeGet
 .text.OSTimeSet
                0x000087cc       0x40 .\CortexM0\ARM_GCC_541\Debug\os_time.o
                0x000087cc                OSTimeSet
 .text.OSTimeTick
                0x0000880c       0x64 .\CortexM0\ARM_GCC_541\Debug\os_time.o
                0x0000880c                OSTimeTick
 .text          0x00008870        0x0 .\CortexM0\ARM_GCC_541\Debug\os_tmr.o
 .text.OSTmrCreate
                0x00008870      0x11c .\CortexM0\ARM_GCC_541\Debug\os_tmr.o
                0x00008870                OSTmrCreate
 .text.OSTmrRemainGet
                0x0000898c       0xd0 .\CortexM0\ARM_GCC_541\Debug\os_tmr.o
                0x0000898c                OSTmrRemainGet
 .text.OSTmrSet
                0x00008a5c       0xb4 .\CortexM0\ARM_GCC_541\Debug\os_tmr.o
                0x00008a5c                OSTmrSet
 .text.OSTmrStart
                0x00008b10      0x134 .\CortexM0\ARM_GCC_541\Debug\os_tmr.o
                0x00008b10                OSTmrStart
 .text.OSTmrStateGet
                0x00008c44       0x7c .\CortexM0\ARM_GCC_541\Debug\os_tmr.o
                0x00008c44                OSTmrStateGet
 .text.OSTmrStop
                0x00008cc0      0x148 .\CortexM0\ARM_GCC_541\Debug\os_tmr.o
                0x00008cc0                OSTmrStop
 .text.OS_TmrClr
                0x00008e08       0x5c .\CortexM0\ARM_GCC_541\Debug\os_tmr.o
                0x00008e08                OS_TmrClr
 .text.OS_TmrDbgListAdd
                0x00008e64       0x40 .\CortexM0\ARM_GCC_541\Debug\os_tmr.o
                0x00008e64                OS_TmrDbgListAdd
 .text.OS_TmrDbgListRemove
                0x00008ea4       0x6c .\CortexM0\ARM_GCC_541\Debug\os_tmr.o
                0x00008ea4                OS_TmrDbgListRemove
 .text.OS_TmrInit
                0x00008f10      0x150 .\CortexM0\ARM_GCC_541\Debug\os_tmr.o
                0x00008f10                OS_TmrInit
 .text.OS_TmrUnlink
                0x00009060       0x7c .\CortexM0\ARM_GCC_541\Debug\os_tmr.o
                0x00009060                OS_TmrUnlink
 .text.OS_TmrTask
                0x000090dc       0xd4 .\CortexM0\ARM_GCC_541\Debug\os_tmr.o
                0x000090dc                OS_TmrTask
 .text.OS_TmrLock
                0x000091b0       0x24 .\CortexM0\ARM_GCC_541\Debug\os_tmr.o
 .text.OS_TmrUnlock
                0x000091d4       0x20 .\CortexM0\ARM_GCC_541\Debug\os_tmr.o
 .text          0x000091f4        0x0 .\CortexM0\ARM_GCC_541\Debug\os_var.o
 .text          0x000091f4        0x0 .\CortexM0\ARM_GCC_541\Debug\lib_ascii.o
 .text.ASCII_IsAlpha
                0x000091f4       0x48 .\CortexM0\ARM_GCC_541\Debug\lib_ascii.o
                0x000091f4                ASCII_IsAlpha
 .text.ASCII_IsAlphaNum
                0x0000923c       0x58 .\CortexM0\ARM_GCC_541\Debug\lib_ascii.o
                0x0000923c                ASCII_IsAlphaNum
 .text.ASCII_IsLower
                0x00009294       0x38 .\CortexM0\ARM_GCC_541\Debug\lib_ascii.o
                0x00009294                ASCII_IsLower
 .text.ASCII_IsUpper
                0x000092cc       0x38 .\CortexM0\ARM_GCC_541\Debug\lib_ascii.o
                0x000092cc                ASCII_IsUpper
 .text.ASCII_IsDig
                0x00009304       0x38 .\CortexM0\ARM_GCC_541\Debug\lib_ascii.o
                0x00009304                ASCII_IsDig
 .text.ASCII_IsDigOct
                0x0000933c       0x38 .\CortexM0\ARM_GCC_541\Debug\lib_ascii.o
                0x0000933c                ASCII_IsDigOct
 .text.ASCII_IsDigHex
                0x00009374       0x58 .\CortexM0\ARM_GCC_541\Debug\lib_ascii.o
                0x00009374                ASCII_IsDigHex
 .text.ASCII_IsBlank
                0x000093cc       0x38 .\CortexM0\ARM_GCC_541\Debug\lib_ascii.o
                0x000093cc                ASCII_IsBlank
 .text.ASCII_IsSpace
                0x00009404       0x58 .\CortexM0\ARM_GCC_541\Debug\lib_ascii.o
                0x00009404                ASCII_IsSpace
 .text.ASCII_IsPrint
                0x0000945c       0x38 .\CortexM0\ARM_GCC_541\Debug\lib_ascii.o
                0x0000945c                ASCII_IsPrint
 .text.ASCII_IsGraph
                0x00009494       0x38 .\CortexM0\ARM_GCC_541\Debug\lib_ascii.o
                0x00009494                ASCII_IsGraph
 .text.ASCII_IsPunct
                0x000094cc       0x98 .\CortexM0\ARM_GCC_541\Debug\lib_ascii.o
                0x000094cc                ASCII_IsPunct
 .text.ASCII_IsCtrl
                0x00009564       0x40 .\CortexM0\ARM_GCC_541\Debug\lib_ascii.o
                0x00009564                ASCII_IsCtrl
 .text.ASCII_ToLower
                0x000095a4       0x40 .\CortexM0\ARM_GCC_541\Debug\lib_ascii.o
                0x000095a4                ASCII_ToLower
 .text.ASCII_ToUpper
                0x000095e4       0x40 .\CortexM0\ARM_GCC_541\Debug\lib_ascii.o
                0x000095e4                ASCII_ToUpper
 .text.ASCII_Cmp
                0x00009624       0x60 .\CortexM0\ARM_GCC_541\Debug\lib_ascii.o
                0x00009624                ASCII_Cmp
 .text          0x00009684        0x0 .\CortexM0\ARM_GCC_541\Debug\lib_math.o
 .text.Math_Init
                0x00009684       0x10 .\CortexM0\ARM_GCC_541\Debug\lib_math.o
                0x00009684                Math_Init
 .text.Math_RandSetSeed
                0x00009694       0x38 .\CortexM0\ARM_GCC_541\Debug\lib_math.o
                0x00009694                Math_RandSetSeed
 .text.Math_Rand
                0x000096cc       0x48 .\CortexM0\ARM_GCC_541\Debug\lib_math.o
                0x000096cc                Math_Rand
 .text.Math_RandSeed
                0x00009714       0x2c .\CortexM0\ARM_GCC_541\Debug\lib_math.o
                0x00009714                Math_RandSeed
 .text          0x00009740        0x0 .\CortexM0\ARM_GCC_541\Debug\lib_mem.o
 .text.Mem_Init
                0x00009740       0x54 .\CortexM0\ARM_GCC_541\Debug\lib_mem.o
                0x00009740                Mem_Init
 .text.Mem_Clr  0x00009794       0x20 .\CortexM0\ARM_GCC_541\Debug\lib_mem.o
                0x00009794                Mem_Clr
 .text.Mem_Set  0x000097b4       0xc0 .\CortexM0\ARM_GCC_541\Debug\lib_mem.o
                0x000097b4                Mem_Set
 .text.Mem_Copy
                0x00009874       0xdc .\CortexM0\ARM_GCC_541\Debug\lib_mem.o
                0x00009874                Mem_Copy
 .text.Mem_Move
                0x00009950      0x124 .\CortexM0\ARM_GCC_541\Debug\lib_mem.o
                0x00009950                Mem_Move
 .text.Mem_Cmp  0x00009a74      0x15c .\CortexM0\ARM_GCC_541\Debug\lib_mem.o
                0x00009a74                Mem_Cmp
 .text.Mem_HeapAlloc
                0x00009bd0       0x54 .\CortexM0\ARM_GCC_541\Debug\lib_mem.o
                0x00009bd0                Mem_HeapAlloc
 .text.Mem_HeapGetSizeRem
                0x00009c24       0x3c .\CortexM0\ARM_GCC_541\Debug\lib_mem.o
                0x00009c24                Mem_HeapGetSizeRem
 .text.Mem_SegCreate
                0x00009c60       0x50 .\CortexM0\ARM_GCC_541\Debug\lib_mem.o
                0x00009c60                Mem_SegCreate
 .text.Mem_SegClr
                0x00009cb0       0x40 .\CortexM0\ARM_GCC_541\Debug\lib_mem.o
                0x00009cb0                Mem_SegClr
 .text.Mem_SegRemSizeGet
                0x00009cf0       0xac .\CortexM0\ARM_GCC_541\Debug\lib_mem.o
                0x00009cf0                Mem_SegRemSizeGet
 .text.Mem_SegAlloc
                0x00009d9c       0x44 .\CortexM0\ARM_GCC_541\Debug\lib_mem.o
                0x00009d9c                Mem_SegAlloc
 .text.Mem_SegAllocExt
                0x00009de0       0x44 .\CortexM0\ARM_GCC_541\Debug\lib_mem.o
                0x00009de0                Mem_SegAllocExt
 .text.Mem_SegAllocHW
                0x00009e24       0x48 .\CortexM0\ARM_GCC_541\Debug\lib_mem.o
                0x00009e24                Mem_SegAllocHW
 .text.Mem_PoolCreate
                0x00009e6c      0x1b4 .\CortexM0\ARM_GCC_541\Debug\lib_mem.o
                0x00009e6c                Mem_PoolCreate
 .text.Mem_PoolClr
                0x0000a020       0x40 .\CortexM0\ARM_GCC_541\Debug\lib_mem.o
                0x0000a020                Mem_PoolClr
 .text.Mem_PoolBlkGet
                0x0000a060       0x84 .\CortexM0\ARM_GCC_541\Debug\lib_mem.o
                0x0000a060                Mem_PoolBlkGet
 .text.Mem_PoolBlkFree
                0x0000a0e4       0x78 .\CortexM0\ARM_GCC_541\Debug\lib_mem.o
                0x0000a0e4                Mem_PoolBlkFree
 .text.Mem_PoolBlkGetNbrAvail
                0x0000a15c       0x40 .\CortexM0\ARM_GCC_541\Debug\lib_mem.o
                0x0000a15c                Mem_PoolBlkGetNbrAvail
 .text.Mem_DynPoolCreate
                0x0000a19c       0x48 .\CortexM0\ARM_GCC_541\Debug\lib_mem.o
                0x0000a19c                Mem_DynPoolCreate
 .text.Mem_DynPoolCreateHW
                0x0000a1e4       0x4c .\CortexM0\ARM_GCC_541\Debug\lib_mem.o
                0x0000a1e4                Mem_DynPoolCreateHW
 .text.Mem_DynPoolBlkGet
                0x0000a230       0xec .\CortexM0\ARM_GCC_541\Debug\lib_mem.o
                0x0000a230                Mem_DynPoolBlkGet
 .text.Mem_DynPoolBlkFree
                0x0000a31c       0x90 .\CortexM0\ARM_GCC_541\Debug\lib_mem.o
                0x0000a31c                Mem_DynPoolBlkFree
 .text.Mem_DynPoolBlkNbrAvailGet
                0x0000a3ac       0x60 .\CortexM0\ARM_GCC_541\Debug\lib_mem.o
                0x0000a3ac                Mem_DynPoolBlkNbrAvailGet
 .text.Mem_SegCreateCritical
                0x0000a40c       0x48 .\CortexM0\ARM_GCC_541\Debug\lib_mem.o
 .text.Mem_SegOverlapChkCritical
                0x0000a454       0x98 .\CortexM0\ARM_GCC_541\Debug\lib_mem.o
 .text.Mem_SegAllocInternal
                0x0000a4ec       0x6c .\CortexM0\ARM_GCC_541\Debug\lib_mem.o
 .text.Mem_SegAllocExtCritical
                0x0000a558       0xb8 .\CortexM0\ARM_GCC_541\Debug\lib_mem.o
 .text.Mem_DynPoolCreateInternal
                0x0000a610      0x108 .\CortexM0\ARM_GCC_541\Debug\lib_mem.o
 .text          0x0000a718        0x0 .\CortexM0\ARM_GCC_541\Debug\lib_str.o
 .text.Str_Len  0x0000a718       0x24 .\CortexM0\ARM_GCC_541\Debug\lib_str.o
                0x0000a718                Str_Len
 .text.Str_Len_N
                0x0000a73c       0x40 .\CortexM0\ARM_GCC_541\Debug\lib_str.o
                0x0000a73c                Str_Len_N
 .text.Str_Copy
                0x0000a77c       0x28 .\CortexM0\ARM_GCC_541\Debug\lib_str.o
                0x0000a77c                Str_Copy
 .text.Str_Copy_N
                0x0000a7a4       0x8c .\CortexM0\ARM_GCC_541\Debug\lib_str.o
                0x0000a7a4                Str_Copy_N
 .text.Str_Cat  0x0000a830       0x28 .\CortexM0\ARM_GCC_541\Debug\lib_str.o
                0x0000a830                Str_Cat
 .text.Str_Cat_N
                0x0000a858       0xb0 .\CortexM0\ARM_GCC_541\Debug\lib_str.o
                0x0000a858                Str_Cat_N
 .text.Str_Cmp  0x0000a908       0x30 .\CortexM0\ARM_GCC_541\Debug\lib_str.o
                0x0000a908                Str_Cmp
 .text.Str_Cmp_N
                0x0000a938      0x148 .\CortexM0\ARM_GCC_541\Debug\lib_str.o
                0x0000a938                Str_Cmp_N
 .text.Str_CmpIgnoreCase
                0x0000aa80       0x30 .\CortexM0\ARM_GCC_541\Debug\lib_str.o
                0x0000aa80                Str_CmpIgnoreCase
 .text.Str_CmpIgnoreCase_N
                0x0000aab0      0x1ec .\CortexM0\ARM_GCC_541\Debug\lib_str.o
                0x0000aab0                Str_CmpIgnoreCase_N
 .text.Str_Char
                0x0000ac9c       0x2c .\CortexM0\ARM_GCC_541\Debug\lib_str.o
                0x0000ac9c                Str_Char
 .text.Str_Char_N
                0x0000acc8       0x8c .\CortexM0\ARM_GCC_541\Debug\lib_str.o
                0x0000acc8                Str_Char_N
 .text.Str_Char_Last
                0x0000ad54       0x2c .\CortexM0\ARM_GCC_541\Debug\lib_str.o
                0x0000ad54                Str_Char_Last
 .text.Str_Char_Last_N
                0x0000ad80       0x84 .\CortexM0\ARM_GCC_541\Debug\lib_str.o
                0x0000ad80                Str_Char_Last_N
 .text.Str_Char_Replace
                0x0000ae04       0x3c .\CortexM0\ARM_GCC_541\Debug\lib_str.o
                0x0000ae04                Str_Char_Replace
 .text.Str_Char_Replace_N
                0x0000ae40       0x80 .\CortexM0\ARM_GCC_541\Debug\lib_str.o
                0x0000ae40                Str_Char_Replace_N
 .text.Str_Str  0x0000aec0       0x28 .\CortexM0\ARM_GCC_541\Debug\lib_str.o
                0x0000aec0                Str_Str
 .text.Str_Str_N
                0x0000aee8      0x110 .\CortexM0\ARM_GCC_541\Debug\lib_str.o
                0x0000aee8                Str_Str_N
 .text.Str_FmtNbr_Int32U
                0x0000aff8       0x58 .\CortexM0\ARM_GCC_541\Debug\lib_str.o
                0x0000aff8                Str_FmtNbr_Int32U
 .text.Str_FmtNbr_Int32S
                0x0000b050       0x80 .\CortexM0\ARM_GCC_541\Debug\lib_str.o
                0x0000b050                Str_FmtNbr_Int32S
 .text.Str_ParseNbr_Int32U
                0x0000b0d0       0x30 .\CortexM0\ARM_GCC_541\Debug\lib_str.o
                0x0000b0d0                Str_ParseNbr_Int32U
 .text.Str_ParseNbr_Int32S
                0x0000b100       0x60 .\CortexM0\ARM_GCC_541\Debug\lib_str.o
                0x0000b100                Str_ParseNbr_Int32S
 .text.Str_FmtNbr_Int32
                0x0000b160      0x3a4 .\CortexM0\ARM_GCC_541\Debug\lib_str.o
 .text.Str_ParseNbr_Int32
                0x0000b504      0x32c .\CortexM0\ARM_GCC_541\Debug\lib_str.o
 .text          0x0000b830        0x0 .\CortexM0\ARM_GCC_541\Debug\cyfitter_cfg.o
 .text.CYMEMZERO
                0x0000b830       0x20 .\CortexM0\ARM_GCC_541\Debug\cyfitter_cfg.o
 .text.CYCONFIGCPY
                0x0000b850       0x20 .\CortexM0\ARM_GCC_541\Debug\cyfitter_cfg.o
 .text.CYCONFIGCPYCODE
                0x0000b870       0x20 .\CortexM0\ARM_GCC_541\Debug\cyfitter_cfg.o
 .text.cfg_write_bytes32
                0x0000b890       0x84 .\CortexM0\ARM_GCC_541\Debug\cyfitter_cfg.o
 .text.AnalogSetDefault
                0x0000b914       0x6c .\CortexM0\ARM_GCC_541\Debug\cyfitter_cfg.o
 .text.SetAnalogRoutingPumps
                0x0000b980       0x40 .\CortexM0\ARM_GCC_541\Debug\cyfitter_cfg.o
                0x0000b980                SetAnalogRoutingPumps
 .text          0x0000b9c0        0x0 .\CortexM0\ARM_GCC_541\Debug\cymetadata.o
 .text          0x0000b9c0        0x0 .\CortexM0\ARM_GCC_541\Debug\Cm0Start.o
 .text.IntDefaultHandler
                0x0000b9c0       0x14 .\CortexM0\ARM_GCC_541\Debug\Cm0Start.o
                0x0000b9c0                IntDefaultHandler
 .text._exit    0x0000b9d4       0x14 .\CortexM0\ARM_GCC_541\Debug\Cm0Start.o
                0x0000b9d4                _exit
 .text._sbrk    0x0000b9e8       0x50 .\CortexM0\ARM_GCC_541\Debug\Cm0Start.o
                0x0000b9e8                _sbrk
 .text.Start_c  0x0000ba38       0x98 .\CortexM0\ARM_GCC_541\Debug\Cm0Start.o
                0x0000ba38                Start_c
 .text.initialize_psoc
                0x0000bad0       0x70 .\CortexM0\ARM_GCC_541\Debug\Cm0Start.o
                0x0000bad0                initialize_psoc
 .text          0x0000bb40       0x20 .\CortexM0\ARM_GCC_541\Debug\cpu_a.o
                0x0000bb40                CPU_IntDis
                0x0000bb44                CPU_IntEn
                0x0000bb48                CPU_SR_Save
                0x0000bb50                CPU_SR_Restore
                0x0000bb56                CPU_WaitForInt
                0x0000bb5a                CPU_WaitForExcept
 .text          0x0000bb60       0xac .\CortexM0\ARM_GCC_541\Debug\os_cpu_a.o
                0x0000bb60                OSStartHighRdy
                0x0000bb84                OSCtxSw
                0x0000bb8c                OSIntCtxSw
                0x0000bb94                PendSV_Handler
 .text          0x0000bc0c        0x0 .\CortexM0\ARM_GCC_541\Debug\OS3.a(PWM_Blue.o)
 .text.PWM_Blue_Init
                0x0000bc0c       0x58 .\CortexM0\ARM_GCC_541\Debug\OS3.a(PWM_Blue.o)
                0x0000bc0c                PWM_Blue_Init
 .text.PWM_Blue_Enable
                0x0000bc64       0x3c .\CortexM0\ARM_GCC_541\Debug\OS3.a(PWM_Blue.o)
                0x0000bc64                PWM_Blue_Enable
 .text.PWM_Blue_Start
                0x0000bca0       0x24 .\CortexM0\ARM_GCC_541\Debug\OS3.a(PWM_Blue.o)
                0x0000bca0                PWM_Blue_Start
 .text.PWM_Blue_Stop
                0x0000bcc4       0x34 .\CortexM0\ARM_GCC_541\Debug\OS3.a(PWM_Blue.o)
                0x0000bcc4                PWM_Blue_Stop
 .text.PWM_Blue_SetMode
                0x0000bcf8       0x48 .\CortexM0\ARM_GCC_541\Debug\OS3.a(PWM_Blue.o)
                0x0000bcf8                PWM_Blue_SetMode
 .text.PWM_Blue_SetQDMode
                0x0000bd40       0x48 .\CortexM0\ARM_GCC_541\Debug\OS3.a(PWM_Blue.o)
                0x0000bd40                PWM_Blue_SetQDMode
 .text.PWM_Blue_SetPrescaler
                0x0000bd88       0x48 .\CortexM0\ARM_GCC_541\Debug\OS3.a(PWM_Blue.o)
                0x0000bd88                PWM_Blue_SetPrescaler
 .text.PWM_Blue_SetOneShot
                0x0000bdd0       0x50 .\CortexM0\ARM_GCC_541\Debug\OS3.a(PWM_Blue.o)
                0x0000bdd0                PWM_Blue_SetOneShot
 .text.PWM_Blue_SetPWMMode
                0x0000be20       0x20 .\CortexM0\ARM_GCC_541\Debug\OS3.a(PWM_Blue.o)
                0x0000be20                PWM_Blue_SetPWMMode
 .text.PWM_Blue_SetPWMSyncKill
                0x0000be40       0x4c .\CortexM0\ARM_GCC_541\Debug\OS3.a(PWM_Blue.o)
                0x0000be40                PWM_Blue_SetPWMSyncKill
 .text.PWM_Blue_SetPWMStopOnKill
                0x0000be8c       0x4c .\CortexM0\ARM_GCC_541\Debug\OS3.a(PWM_Blue.o)
                0x0000be8c                PWM_Blue_SetPWMStopOnKill
 .text.PWM_Blue_SetPWMDeadTime
                0x0000bed8       0x50 .\CortexM0\ARM_GCC_541\Debug\OS3.a(PWM_Blue.o)
                0x0000bed8                PWM_Blue_SetPWMDeadTime
 .text.PWM_Blue_SetPWMInvert
                0x0000bf28       0x48 .\CortexM0\ARM_GCC_541\Debug\OS3.a(PWM_Blue.o)
                0x0000bf28                PWM_Blue_SetPWMInvert
 .text.PWM_Blue_WriteCounter
                0x0000bf70       0x20 .\CortexM0\ARM_GCC_541\Debug\OS3.a(PWM_Blue.o)
                0x0000bf70                PWM_Blue_WriteCounter
 .text.PWM_Blue_ReadCounter
                0x0000bf90       0x18 .\CortexM0\ARM_GCC_541\Debug\OS3.a(PWM_Blue.o)
                0x0000bf90                PWM_Blue_ReadCounter
 .text.PWM_Blue_SetCounterMode
                0x0000bfa8       0x48 .\CortexM0\ARM_GCC_541\Debug\OS3.a(PWM_Blue.o)
                0x0000bfa8                PWM_Blue_SetCounterMode
 .text.PWM_Blue_WritePeriod
                0x0000bff0       0x20 .\CortexM0\ARM_GCC_541\Debug\OS3.a(PWM_Blue.o)
                0x0000bff0                PWM_Blue_WritePeriod
 .text.PWM_Blue_ReadPeriod
                0x0000c010       0x18 .\CortexM0\ARM_GCC_541\Debug\OS3.a(PWM_Blue.o)
                0x0000c010                PWM_Blue_ReadPeriod
 .text.PWM_Blue_SetCompareSwap
                0x0000c028       0x48 .\CortexM0\ARM_GCC_541\Debug\OS3.a(PWM_Blue.o)
                0x0000c028                PWM_Blue_SetCompareSwap
 .text.PWM_Blue_WritePeriodBuf
                0x0000c070       0x20 .\CortexM0\ARM_GCC_541\Debug\OS3.a(PWM_Blue.o)
                0x0000c070                PWM_Blue_WritePeriodBuf
 .text.PWM_Blue_ReadPeriodBuf
                0x0000c090       0x18 .\CortexM0\ARM_GCC_541\Debug\OS3.a(PWM_Blue.o)
                0x0000c090                PWM_Blue_ReadPeriodBuf
 .text.PWM_Blue_SetPeriodSwap
                0x0000c0a8       0x4c .\CortexM0\ARM_GCC_541\Debug\OS3.a(PWM_Blue.o)
                0x0000c0a8                PWM_Blue_SetPeriodSwap
 .text.PWM_Blue_WriteCompare
                0x0000c0f4       0x20 .\CortexM0\ARM_GCC_541\Debug\OS3.a(PWM_Blue.o)
                0x0000c0f4                PWM_Blue_WriteCompare
 .text.PWM_Blue_ReadCompare
                0x0000c114       0x18 .\CortexM0\ARM_GCC_541\Debug\OS3.a(PWM_Blue.o)
                0x0000c114                PWM_Blue_ReadCompare
 .text.PWM_Blue_WriteCompareBuf
                0x0000c12c       0x20 .\CortexM0\ARM_GCC_541\Debug\OS3.a(PWM_Blue.o)
                0x0000c12c                PWM_Blue_WriteCompareBuf
 .text.PWM_Blue_ReadCompareBuf
                0x0000c14c       0x18 .\CortexM0\ARM_GCC_541\Debug\OS3.a(PWM_Blue.o)
                0x0000c14c                PWM_Blue_ReadCompareBuf
 .text.PWM_Blue_ReadCapture
                0x0000c164       0x18 .\CortexM0\ARM_GCC_541\Debug\OS3.a(PWM_Blue.o)
                0x0000c164                PWM_Blue_ReadCapture
 .text.PWM_Blue_ReadCaptureBuf
                0x0000c17c       0x18 .\CortexM0\ARM_GCC_541\Debug\OS3.a(PWM_Blue.o)
                0x0000c17c                PWM_Blue_ReadCaptureBuf
 .text.PWM_Blue_SetCaptureMode
                0x0000c194       0x44 .\CortexM0\ARM_GCC_541\Debug\OS3.a(PWM_Blue.o)
                0x0000c194                PWM_Blue_SetCaptureMode
 .text.PWM_Blue_SetReloadMode
                0x0000c1d8       0x48 .\CortexM0\ARM_GCC_541\Debug\OS3.a(PWM_Blue.o)
                0x0000c1d8                PWM_Blue_SetReloadMode
 .text.PWM_Blue_SetStartMode
                0x0000c220       0x4c .\CortexM0\ARM_GCC_541\Debug\OS3.a(PWM_Blue.o)
                0x0000c220                PWM_Blue_SetStartMode
 .text.PWM_Blue_SetStopMode
                0x0000c26c       0x48 .\CortexM0\ARM_GCC_541\Debug\OS3.a(PWM_Blue.o)
                0x0000c26c                PWM_Blue_SetStopMode
 .text.PWM_Blue_SetCountMode
                0x0000c2b4       0x48 .\CortexM0\ARM_GCC_541\Debug\OS3.a(PWM_Blue.o)
                0x0000c2b4                PWM_Blue_SetCountMode
 .text.PWM_Blue_TriggerCommand
                0x0000c2fc       0x3c .\CortexM0\ARM_GCC_541\Debug\OS3.a(PWM_Blue.o)
                0x0000c2fc                PWM_Blue_TriggerCommand
 .text.PWM_Blue_ReadStatus
                0x0000c338       0x20 .\CortexM0\ARM_GCC_541\Debug\OS3.a(PWM_Blue.o)
                0x0000c338                PWM_Blue_ReadStatus
 .text.PWM_Blue_SetInterruptMode
                0x0000c358       0x1c .\CortexM0\ARM_GCC_541\Debug\OS3.a(PWM_Blue.o)
                0x0000c358                PWM_Blue_SetInterruptMode
 .text.PWM_Blue_GetInterruptSourceMasked
                0x0000c374       0x14 .\CortexM0\ARM_GCC_541\Debug\OS3.a(PWM_Blue.o)
                0x0000c374                PWM_Blue_GetInterruptSourceMasked
 .text.PWM_Blue_GetInterruptSource
                0x0000c388       0x14 .\CortexM0\ARM_GCC_541\Debug\OS3.a(PWM_Blue.o)
                0x0000c388                PWM_Blue_GetInterruptSource
 .text.PWM_Blue_ClearInterrupt
                0x0000c39c       0x1c .\CortexM0\ARM_GCC_541\Debug\OS3.a(PWM_Blue.o)
                0x0000c39c                PWM_Blue_ClearInterrupt
 .text.PWM_Blue_SetInterrupt
                0x0000c3b8       0x1c .\CortexM0\ARM_GCC_541\Debug\OS3.a(PWM_Blue.o)
                0x0000c3b8                PWM_Blue_SetInterrupt
 .text          0x0000c3d4        0x0 .\CortexM0\ARM_GCC_541\Debug\OS3.a(PWM_Green.o)
 .text.PWM_Green_Init
                0x0000c3d4       0x58 .\CortexM0\ARM_GCC_541\Debug\OS3.a(PWM_Green.o)
                0x0000c3d4                PWM_Green_Init
 .text.PWM_Green_Enable
                0x0000c42c       0x3c .\CortexM0\ARM_GCC_541\Debug\OS3.a(PWM_Green.o)
                0x0000c42c                PWM_Green_Enable
 .text.PWM_Green_Start
                0x0000c468       0x24 .\CortexM0\ARM_GCC_541\Debug\OS3.a(PWM_Green.o)
                0x0000c468                PWM_Green_Start
 .text.PWM_Green_Stop
                0x0000c48c       0x34 .\CortexM0\ARM_GCC_541\Debug\OS3.a(PWM_Green.o)
                0x0000c48c                PWM_Green_Stop
 .text.PWM_Green_SetMode
                0x0000c4c0       0x48 .\CortexM0\ARM_GCC_541\Debug\OS3.a(PWM_Green.o)
                0x0000c4c0                PWM_Green_SetMode
 .text.PWM_Green_SetQDMode
                0x0000c508       0x48 .\CortexM0\ARM_GCC_541\Debug\OS3.a(PWM_Green.o)
                0x0000c508                PWM_Green_SetQDMode
 .text.PWM_Green_SetPrescaler
                0x0000c550       0x48 .\CortexM0\ARM_GCC_541\Debug\OS3.a(PWM_Green.o)
                0x0000c550                PWM_Green_SetPrescaler
 .text.PWM_Green_SetOneShot
                0x0000c598       0x50 .\CortexM0\ARM_GCC_541\Debug\OS3.a(PWM_Green.o)
                0x0000c598                PWM_Green_SetOneShot
 .text.PWM_Green_SetPWMMode
                0x0000c5e8       0x20 .\CortexM0\ARM_GCC_541\Debug\OS3.a(PWM_Green.o)
                0x0000c5e8                PWM_Green_SetPWMMode
 .text.PWM_Green_SetPWMSyncKill
                0x0000c608       0x4c .\CortexM0\ARM_GCC_541\Debug\OS3.a(PWM_Green.o)
                0x0000c608                PWM_Green_SetPWMSyncKill
 .text.PWM_Green_SetPWMStopOnKill
                0x0000c654       0x4c .\CortexM0\ARM_GCC_541\Debug\OS3.a(PWM_Green.o)
                0x0000c654                PWM_Green_SetPWMStopOnKill
 .text.PWM_Green_SetPWMDeadTime
                0x0000c6a0       0x50 .\CortexM0\ARM_GCC_541\Debug\OS3.a(PWM_Green.o)
                0x0000c6a0                PWM_Green_SetPWMDeadTime
 .text.PWM_Green_SetPWMInvert
                0x0000c6f0       0x48 .\CortexM0\ARM_GCC_541\Debug\OS3.a(PWM_Green.o)
                0x0000c6f0                PWM_Green_SetPWMInvert
 .text.PWM_Green_WriteCounter
                0x0000c738       0x20 .\CortexM0\ARM_GCC_541\Debug\OS3.a(PWM_Green.o)
                0x0000c738                PWM_Green_WriteCounter
 .text.PWM_Green_ReadCounter
                0x0000c758       0x18 .\CortexM0\ARM_GCC_541\Debug\OS3.a(PWM_Green.o)
                0x0000c758                PWM_Green_ReadCounter
 .text.PWM_Green_SetCounterMode
                0x0000c770       0x48 .\CortexM0\ARM_GCC_541\Debug\OS3.a(PWM_Green.o)
                0x0000c770                PWM_Green_SetCounterMode
 .text.PWM_Green_WritePeriod
                0x0000c7b8       0x20 .\CortexM0\ARM_GCC_541\Debug\OS3.a(PWM_Green.o)
                0x0000c7b8                PWM_Green_WritePeriod
 .text.PWM_Green_ReadPeriod
                0x0000c7d8       0x18 .\CortexM0\ARM_GCC_541\Debug\OS3.a(PWM_Green.o)
                0x0000c7d8                PWM_Green_ReadPeriod
 .text.PWM_Green_SetCompareSwap
                0x0000c7f0       0x48 .\CortexM0\ARM_GCC_541\Debug\OS3.a(PWM_Green.o)
                0x0000c7f0                PWM_Green_SetCompareSwap
 .text.PWM_Green_WritePeriodBuf
                0x0000c838       0x20 .\CortexM0\ARM_GCC_541\Debug\OS3.a(PWM_Green.o)
                0x0000c838                PWM_Green_WritePeriodBuf
 .text.PWM_Green_ReadPeriodBuf
                0x0000c858       0x18 .\CortexM0\ARM_GCC_541\Debug\OS3.a(PWM_Green.o)
                0x0000c858                PWM_Green_ReadPeriodBuf
 .text.PWM_Green_SetPeriodSwap
                0x0000c870       0x4c .\CortexM0\ARM_GCC_541\Debug\OS3.a(PWM_Green.o)
                0x0000c870                PWM_Green_SetPeriodSwap
 .text.PWM_Green_WriteCompare
                0x0000c8bc       0x20 .\CortexM0\ARM_GCC_541\Debug\OS3.a(PWM_Green.o)
                0x0000c8bc                PWM_Green_WriteCompare
 .text.PWM_Green_ReadCompare
                0x0000c8dc       0x18 .\CortexM0\ARM_GCC_541\Debug\OS3.a(PWM_Green.o)
                0x0000c8dc                PWM_Green_ReadCompare
 .text.PWM_Green_WriteCompareBuf
                0x0000c8f4       0x20 .\CortexM0\ARM_GCC_541\Debug\OS3.a(PWM_Green.o)
                0x0000c8f4                PWM_Green_WriteCompareBuf
 .text.PWM_Green_ReadCompareBuf
                0x0000c914       0x18 .\CortexM0\ARM_GCC_541\Debug\OS3.a(PWM_Green.o)
                0x0000c914                PWM_Green_ReadCompareBuf
 .text.PWM_Green_ReadCapture
                0x0000c92c       0x18 .\CortexM0\ARM_GCC_541\Debug\OS3.a(PWM_Green.o)
                0x0000c92c                PWM_Green_ReadCapture
 .text.PWM_Green_ReadCaptureBuf
                0x0000c944       0x18 .\CortexM0\ARM_GCC_541\Debug\OS3.a(PWM_Green.o)
                0x0000c944                PWM_Green_ReadCaptureBuf
 .text.PWM_Green_SetCaptureMode
                0x0000c95c       0x44 .\CortexM0\ARM_GCC_541\Debug\OS3.a(PWM_Green.o)
                0x0000c95c                PWM_Green_SetCaptureMode
 .text.PWM_Green_SetReloadMode
                0x0000c9a0       0x48 .\CortexM0\ARM_GCC_541\Debug\OS3.a(PWM_Green.o)
                0x0000c9a0                PWM_Green_SetReloadMode
 .text.PWM_Green_SetStartMode
                0x0000c9e8       0x4c .\CortexM0\ARM_GCC_541\Debug\OS3.a(PWM_Green.o)
                0x0000c9e8                PWM_Green_SetStartMode
 .text.PWM_Green_SetStopMode
                0x0000ca34       0x48 .\CortexM0\ARM_GCC_541\Debug\OS3.a(PWM_Green.o)
                0x0000ca34                PWM_Green_SetStopMode
 .text.PWM_Green_SetCountMode
                0x0000ca7c       0x48 .\CortexM0\ARM_GCC_541\Debug\OS3.a(PWM_Green.o)
                0x0000ca7c                PWM_Green_SetCountMode
 .text.PWM_Green_TriggerCommand
                0x0000cac4       0x3c .\CortexM0\ARM_GCC_541\Debug\OS3.a(PWM_Green.o)
                0x0000cac4                PWM_Green_TriggerCommand
 .text.PWM_Green_ReadStatus
                0x0000cb00       0x20 .\CortexM0\ARM_GCC_541\Debug\OS3.a(PWM_Green.o)
                0x0000cb00                PWM_Green_ReadStatus
 .text.PWM_Green_SetInterruptMode
                0x0000cb20       0x1c .\CortexM0\ARM_GCC_541\Debug\OS3.a(PWM_Green.o)
                0x0000cb20                PWM_Green_SetInterruptMode
 .text.PWM_Green_GetInterruptSourceMasked
                0x0000cb3c       0x14 .\CortexM0\ARM_GCC_541\Debug\OS3.a(PWM_Green.o)
                0x0000cb3c                PWM_Green_GetInterruptSourceMasked
 .text.PWM_Green_GetInterruptSource
                0x0000cb50       0x14 .\CortexM0\ARM_GCC_541\Debug\OS3.a(PWM_Green.o)
                0x0000cb50                PWM_Green_GetInterruptSource
 .text.PWM_Green_ClearInterrupt
                0x0000cb64       0x1c .\CortexM0\ARM_GCC_541\Debug\OS3.a(PWM_Green.o)
                0x0000cb64                PWM_Green_ClearInterrupt
 .text.PWM_Green_SetInterrupt
                0x0000cb80       0x1c .\CortexM0\ARM_GCC_541\Debug\OS3.a(PWM_Green.o)
                0x0000cb80                PWM_Green_SetInterrupt
 .text          0x0000cb9c        0x0 .\CortexM0\ARM_GCC_541\Debug\OS3.a(PWM_Red.o)
 .text.PWM_Red_Init
                0x0000cb9c       0x58 .\CortexM0\ARM_GCC_541\Debug\OS3.a(PWM_Red.o)
                0x0000cb9c                PWM_Red_Init
 .text.PWM_Red_Enable
                0x0000cbf4       0x3c .\CortexM0\ARM_GCC_541\Debug\OS3.a(PWM_Red.o)
                0x0000cbf4                PWM_Red_Enable
 .text.PWM_Red_Start
                0x0000cc30       0x24 .\CortexM0\ARM_GCC_541\Debug\OS3.a(PWM_Red.o)
                0x0000cc30                PWM_Red_Start
 .text.PWM_Red_Stop
                0x0000cc54       0x34 .\CortexM0\ARM_GCC_541\Debug\OS3.a(PWM_Red.o)
                0x0000cc54                PWM_Red_Stop
 .text.PWM_Red_SetMode
                0x0000cc88       0x48 .\CortexM0\ARM_GCC_541\Debug\OS3.a(PWM_Red.o)
                0x0000cc88                PWM_Red_SetMode
 .text.PWM_Red_SetQDMode
                0x0000ccd0       0x48 .\CortexM0\ARM_GCC_541\Debug\OS3.a(PWM_Red.o)
                0x0000ccd0                PWM_Red_SetQDMode
 .text.PWM_Red_SetPrescaler
                0x0000cd18       0x48 .\CortexM0\ARM_GCC_541\Debug\OS3.a(PWM_Red.o)
                0x0000cd18                PWM_Red_SetPrescaler
 .text.PWM_Red_SetOneShot
                0x0000cd60       0x50 .\CortexM0\ARM_GCC_541\Debug\OS3.a(PWM_Red.o)
                0x0000cd60                PWM_Red_SetOneShot
 .text.PWM_Red_SetPWMMode
                0x0000cdb0       0x20 .\CortexM0\ARM_GCC_541\Debug\OS3.a(PWM_Red.o)
                0x0000cdb0                PWM_Red_SetPWMMode
 .text.PWM_Red_SetPWMSyncKill
                0x0000cdd0       0x4c .\CortexM0\ARM_GCC_541\Debug\OS3.a(PWM_Red.o)
                0x0000cdd0                PWM_Red_SetPWMSyncKill
 .text.PWM_Red_SetPWMStopOnKill
                0x0000ce1c       0x4c .\CortexM0\ARM_GCC_541\Debug\OS3.a(PWM_Red.o)
                0x0000ce1c                PWM_Red_SetPWMStopOnKill
 .text.PWM_Red_SetPWMDeadTime
                0x0000ce68       0x50 .\CortexM0\ARM_GCC_541\Debug\OS3.a(PWM_Red.o)
                0x0000ce68                PWM_Red_SetPWMDeadTime
 .text.PWM_Red_SetPWMInvert
                0x0000ceb8       0x48 .\CortexM0\ARM_GCC_541\Debug\OS3.a(PWM_Red.o)
                0x0000ceb8                PWM_Red_SetPWMInvert
 .text.PWM_Red_WriteCounter
                0x0000cf00       0x20 .\CortexM0\ARM_GCC_541\Debug\OS3.a(PWM_Red.o)
                0x0000cf00                PWM_Red_WriteCounter
 .text.PWM_Red_ReadCounter
                0x0000cf20       0x18 .\CortexM0\ARM_GCC_541\Debug\OS3.a(PWM_Red.o)
                0x0000cf20                PWM_Red_ReadCounter
 .text.PWM_Red_SetCounterMode
                0x0000cf38       0x48 .\CortexM0\ARM_GCC_541\Debug\OS3.a(PWM_Red.o)
                0x0000cf38                PWM_Red_SetCounterMode
 .text.PWM_Red_WritePeriod
                0x0000cf80       0x20 .\CortexM0\ARM_GCC_541\Debug\OS3.a(PWM_Red.o)
                0x0000cf80                PWM_Red_WritePeriod
 .text.PWM_Red_ReadPeriod
                0x0000cfa0       0x18 .\CortexM0\ARM_GCC_541\Debug\OS3.a(PWM_Red.o)
                0x0000cfa0                PWM_Red_ReadPeriod
 .text.PWM_Red_SetCompareSwap
                0x0000cfb8       0x48 .\CortexM0\ARM_GCC_541\Debug\OS3.a(PWM_Red.o)
                0x0000cfb8                PWM_Red_SetCompareSwap
 .text.PWM_Red_WritePeriodBuf
                0x0000d000       0x20 .\CortexM0\ARM_GCC_541\Debug\OS3.a(PWM_Red.o)
                0x0000d000                PWM_Red_WritePeriodBuf
 .text.PWM_Red_ReadPeriodBuf
                0x0000d020       0x18 .\CortexM0\ARM_GCC_541\Debug\OS3.a(PWM_Red.o)
                0x0000d020                PWM_Red_ReadPeriodBuf
 .text.PWM_Red_SetPeriodSwap
                0x0000d038       0x4c .\CortexM0\ARM_GCC_541\Debug\OS3.a(PWM_Red.o)
                0x0000d038                PWM_Red_SetPeriodSwap
 .text.PWM_Red_WriteCompare
                0x0000d084       0x20 .\CortexM0\ARM_GCC_541\Debug\OS3.a(PWM_Red.o)
                0x0000d084                PWM_Red_WriteCompare
 .text.PWM_Red_ReadCompare
                0x0000d0a4       0x18 .\CortexM0\ARM_GCC_541\Debug\OS3.a(PWM_Red.o)
                0x0000d0a4                PWM_Red_ReadCompare
 .text.PWM_Red_WriteCompareBuf
                0x0000d0bc       0x20 .\CortexM0\ARM_GCC_541\Debug\OS3.a(PWM_Red.o)
                0x0000d0bc                PWM_Red_WriteCompareBuf
 .text.PWM_Red_ReadCompareBuf
                0x0000d0dc       0x18 .\CortexM0\ARM_GCC_541\Debug\OS3.a(PWM_Red.o)
                0x0000d0dc                PWM_Red_ReadCompareBuf
 .text.PWM_Red_ReadCapture
                0x0000d0f4       0x18 .\CortexM0\ARM_GCC_541\Debug\OS3.a(PWM_Red.o)
                0x0000d0f4                PWM_Red_ReadCapture
 .text.PWM_Red_ReadCaptureBuf
                0x0000d10c       0x18 .\CortexM0\ARM_GCC_541\Debug\OS3.a(PWM_Red.o)
                0x0000d10c                PWM_Red_ReadCaptureBuf
 .text.PWM_Red_SetCaptureMode
                0x0000d124       0x44 .\CortexM0\ARM_GCC_541\Debug\OS3.a(PWM_Red.o)
                0x0000d124                PWM_Red_SetCaptureMode
 .text.PWM_Red_SetReloadMode
                0x0000d168       0x48 .\CortexM0\ARM_GCC_541\Debug\OS3.a(PWM_Red.o)
                0x0000d168                PWM_Red_SetReloadMode
 .text.PWM_Red_SetStartMode
                0x0000d1b0       0x4c .\CortexM0\ARM_GCC_541\Debug\OS3.a(PWM_Red.o)
                0x0000d1b0                PWM_Red_SetStartMode
 .text.PWM_Red_SetStopMode
                0x0000d1fc       0x48 .\CortexM0\ARM_GCC_541\Debug\OS3.a(PWM_Red.o)
                0x0000d1fc                PWM_Red_SetStopMode
 .text.PWM_Red_SetCountMode
                0x0000d244       0x48 .\CortexM0\ARM_GCC_541\Debug\OS3.a(PWM_Red.o)
                0x0000d244                PWM_Red_SetCountMode
 .text.PWM_Red_TriggerCommand
                0x0000d28c       0x3c .\CortexM0\ARM_GCC_541\Debug\OS3.a(PWM_Red.o)
                0x0000d28c                PWM_Red_TriggerCommand
 .text.PWM_Red_ReadStatus
                0x0000d2c8       0x20 .\CortexM0\ARM_GCC_541\Debug\OS3.a(PWM_Red.o)
                0x0000d2c8                PWM_Red_ReadStatus
 .text.PWM_Red_SetInterruptMode
                0x0000d2e8       0x1c .\CortexM0\ARM_GCC_541\Debug\OS3.a(PWM_Red.o)
                0x0000d2e8                PWM_Red_SetInterruptMode
 .text.PWM_Red_GetInterruptSourceMasked
                0x0000d304       0x14 .\CortexM0\ARM_GCC_541\Debug\OS3.a(PWM_Red.o)
                0x0000d304                PWM_Red_GetInterruptSourceMasked
 .text.PWM_Red_GetInterruptSource
                0x0000d318       0x14 .\CortexM0\ARM_GCC_541\Debug\OS3.a(PWM_Red.o)
                0x0000d318                PWM_Red_GetInterruptSource
 .text.PWM_Red_ClearInterrupt
                0x0000d32c       0x1c .\CortexM0\ARM_GCC_541\Debug\OS3.a(PWM_Red.o)
                0x0000d32c                PWM_Red_ClearInterrupt
 .text.PWM_Red_SetInterrupt
                0x0000d348       0x1c .\CortexM0\ARM_GCC_541\Debug\OS3.a(PWM_Red.o)
                0x0000d348                PWM_Red_SetInterrupt
 .text          0x0000d364        0x0 .\CortexM0\ARM_GCC_541\Debug\OS3.a(Accel_Pin.o)
 .text.Accel_Pin_SetDriveMode
                0x0000d364       0x30 .\CortexM0\ARM_GCC_541\Debug\OS3.a(Accel_Pin.o)
                0x0000d364                Accel_Pin_SetDriveMode
 .text.Accel_Pin_Write
                0x0000d394       0x50 .\CortexM0\ARM_GCC_541\Debug\OS3.a(Accel_Pin.o)
                0x0000d394                Accel_Pin_Write
 .text.Accel_Pin_Read
                0x0000d3e4       0x1c .\CortexM0\ARM_GCC_541\Debug\OS3.a(Accel_Pin.o)
                0x0000d3e4                Accel_Pin_Read
 .text.Accel_Pin_ReadDataReg
                0x0000d400       0x1c .\CortexM0\ARM_GCC_541\Debug\OS3.a(Accel_Pin.o)
                0x0000d400                Accel_Pin_ReadDataReg
 .text.Accel_Pin_SetInterruptMode
                0x0000d41c       0x44 .\CortexM0\ARM_GCC_541\Debug\OS3.a(Accel_Pin.o)
                0x0000d41c                Accel_Pin_SetInterruptMode
 .text.Accel_Pin_ClearInterrupt
                0x0000d460       0x30 .\CortexM0\ARM_GCC_541\Debug\OS3.a(Accel_Pin.o)
                0x0000d460                Accel_Pin_ClearInterrupt
 .text          0x0000d490        0x0 .\CortexM0\ARM_GCC_541\Debug\OS3.a(I2C.o)
 .text.I2C_Init
                0x0000d490       0x10 .\CortexM0\ARM_GCC_541\Debug\OS3.a(I2C.o)
                0x0000d490                I2C_Init
 .text.I2C_Enable
                0x0000d4a0       0x24 .\CortexM0\ARM_GCC_541\Debug\OS3.a(I2C.o)
                0x0000d4a0                I2C_Enable
 .text.I2C_Start
                0x0000d4c4       0x24 .\CortexM0\ARM_GCC_541\Debug\OS3.a(I2C.o)
                0x0000d4c4                I2C_Start
 .text.I2C_Stop
                0x0000d4e8       0x34 .\CortexM0\ARM_GCC_541\Debug\OS3.a(I2C.o)
                0x0000d4e8                I2C_Stop
 .text.I2C_SetRxFifoLevel
                0x0000d51c       0x34 .\CortexM0\ARM_GCC_541\Debug\OS3.a(I2C.o)
                0x0000d51c                I2C_SetRxFifoLevel
 .text.I2C_SetTxFifoLevel
                0x0000d550       0x34 .\CortexM0\ARM_GCC_541\Debug\OS3.a(I2C.o)
                0x0000d550                I2C_SetTxFifoLevel
 .text.I2C_SetCustomInterruptHandler
                0x0000d584       0x1c .\CortexM0\ARM_GCC_541\Debug\OS3.a(I2C.o)
                0x0000d584                I2C_SetCustomInterruptHandler
 .text.I2C_ScbEnableIntr
                0x0000d5a0       0x10 .\CortexM0\ARM_GCC_541\Debug\OS3.a(I2C.o)
 .text.I2C_ScbModePostEnable
                0x0000d5b0        0xc .\CortexM0\ARM_GCC_541\Debug\OS3.a(I2C.o)
 .text.I2C_ScbModeStop
                0x0000d5bc       0x10 .\CortexM0\ARM_GCC_541\Debug\OS3.a(I2C.o)
 .text          0x0000d5cc        0x0 .\CortexM0\ARM_GCC_541\Debug\OS3.a(I2C_I2C.o)
 .text.I2C_I2CInit
                0x0000d5cc       0xd8 .\CortexM0\ARM_GCC_541\Debug\OS3.a(I2C_I2C.o)
                0x0000d5cc                I2C_I2CInit
 .text.I2C_I2CStop
                0x0000d6a4       0x28 .\CortexM0\ARM_GCC_541\Debug\OS3.a(I2C_I2C.o)
                0x0000d6a4                I2C_I2CStop
 .text.I2C_I2CFwBlockReset
                0x0000d6cc       0x70 .\CortexM0\ARM_GCC_541\Debug\OS3.a(I2C_I2C.o)
                0x0000d6cc                I2C_I2CFwBlockReset
 .text          0x0000d73c        0x0 .\CortexM0\ARM_GCC_541\Debug\OS3.a(I2C_I2C_MASTER.o)
 .text.I2C_I2CMasterWriteBuf
                0x0000d73c      0x128 .\CortexM0\ARM_GCC_541\Debug\OS3.a(I2C_I2C_MASTER.o)
                0x0000d73c                I2C_I2CMasterWriteBuf
 .text.I2C_I2CMasterReadBuf
                0x0000d864      0x138 .\CortexM0\ARM_GCC_541\Debug\OS3.a(I2C_I2C_MASTER.o)
                0x0000d864                I2C_I2CMasterReadBuf
 .text.I2C_I2CMasterSendStart
                0x0000d99c       0xf4 .\CortexM0\ARM_GCC_541\Debug\OS3.a(I2C_I2C_MASTER.o)
                0x0000d99c                I2C_I2CMasterSendStart
 .text.I2C_I2CMasterSendRestart
                0x0000da90       0xa0 .\CortexM0\ARM_GCC_541\Debug\OS3.a(I2C_I2C_MASTER.o)
                0x0000da90                I2C_I2CMasterSendRestart
 .text.I2C_I2CMasterSendStop
                0x0000db30       0x84 .\CortexM0\ARM_GCC_541\Debug\OS3.a(I2C_I2C_MASTER.o)
                0x0000db30                I2C_I2CMasterSendStop
 .text.I2C_I2CMasterWriteByte
                0x0000dbb4       0x74 .\CortexM0\ARM_GCC_541\Debug\OS3.a(I2C_I2C_MASTER.o)
                0x0000dbb4                I2C_I2CMasterWriteByte
 .text.I2C_I2CMasterReadByte
                0x0000dc28       0xb4 .\CortexM0\ARM_GCC_541\Debug\OS3.a(I2C_I2C_MASTER.o)
                0x0000dc28                I2C_I2CMasterReadByte
 .text.I2C_I2CMasterGetReadBufSize
                0x0000dcdc       0x14 .\CortexM0\ARM_GCC_541\Debug\OS3.a(I2C_I2C_MASTER.o)
                0x0000dcdc                I2C_I2CMasterGetReadBufSize
 .text.I2C_I2CMasterGetWriteBufSize
                0x0000dcf0       0x14 .\CortexM0\ARM_GCC_541\Debug\OS3.a(I2C_I2C_MASTER.o)
                0x0000dcf0                I2C_I2CMasterGetWriteBufSize
 .text.I2C_I2CMasterClearReadBuf
                0x0000dd04       0x34 .\CortexM0\ARM_GCC_541\Debug\OS3.a(I2C_I2C_MASTER.o)
                0x0000dd04                I2C_I2CMasterClearReadBuf
 .text.I2C_I2CMasterClearWriteBuf
                0x0000dd38       0x34 .\CortexM0\ARM_GCC_541\Debug\OS3.a(I2C_I2C_MASTER.o)
                0x0000dd38                I2C_I2CMasterClearWriteBuf
 .text.I2C_I2CMasterStatus
                0x0000dd6c       0x44 .\CortexM0\ARM_GCC_541\Debug\OS3.a(I2C_I2C_MASTER.o)
                0x0000dd6c                I2C_I2CMasterStatus
 .text.I2C_I2CMasterClearStatus
                0x0000ddb0       0x30 .\CortexM0\ARM_GCC_541\Debug\OS3.a(I2C_I2C_MASTER.o)
                0x0000ddb0                I2C_I2CMasterClearStatus
 .text.I2C_I2CReStartGeneration
                0x0000dde0       0x38 .\CortexM0\ARM_GCC_541\Debug\OS3.a(I2C_I2C_MASTER.o)
                0x0000dde0                I2C_I2CReStartGeneration
 .text.I2C_I2CMasterHandleStatus
                0x0000de18      0x104 .\CortexM0\ARM_GCC_541\Debug\OS3.a(I2C_I2C_MASTER.o)
 .text.I2C_I2CMasterWaitOneUnit
                0x0000df1c       0x4c .\CortexM0\ARM_GCC_541\Debug\OS3.a(I2C_I2C_MASTER.o)
 .text          0x0000df68        0x0 .\CortexM0\ARM_GCC_541\Debug\OS3.a(SW2.o)
 .text.SW2_SetDriveMode
                0x0000df68       0x30 .\CortexM0\ARM_GCC_541\Debug\OS3.a(SW2.o)
                0x0000df68                SW2_SetDriveMode
 .text.SW2_Write
                0x0000df98       0x48 .\CortexM0\ARM_GCC_541\Debug\OS3.a(SW2.o)
                0x0000df98                SW2_Write
 .text.SW2_Read
                0x0000dfe0       0x1c .\CortexM0\ARM_GCC_541\Debug\OS3.a(SW2.o)
                0x0000dfe0                SW2_Read
 .text.SW2_ReadDataReg
                0x0000dffc       0x1c .\CortexM0\ARM_GCC_541\Debug\OS3.a(SW2.o)
                0x0000dffc                SW2_ReadDataReg
 .text.SW2_SetInterruptMode
                0x0000e018       0x44 .\CortexM0\ARM_GCC_541\Debug\OS3.a(SW2.o)
                0x0000e018                SW2_SetInterruptMode
 .text.SW2_ClearInterrupt
                0x0000e05c       0x30 .\CortexM0\ARM_GCC_541\Debug\OS3.a(SW2.o)
                0x0000e05c                SW2_ClearInterrupt
 .text          0x0000e08c        0x0 .\CortexM0\ARM_GCC_541\Debug\OS3.a(Accel_ISR.o)
 .text.Accel_ISR_Start
                0x0000e08c       0x24 .\CortexM0\ARM_GCC_541\Debug\OS3.a(Accel_ISR.o)
                0x0000e08c                Accel_ISR_Start
 .text.Accel_ISR_StartEx
                0x0000e0b0       0x28 .\CortexM0\ARM_GCC_541\Debug\OS3.a(Accel_ISR.o)
                0x0000e0b0                Accel_ISR_StartEx
 .text.Accel_ISR_Stop
                0x0000e0d8       0x1c .\CortexM0\ARM_GCC_541\Debug\OS3.a(Accel_ISR.o)
                0x0000e0d8                Accel_ISR_Stop
 .text.Accel_ISR_Interrupt
                0x0000e0f4        0xc .\CortexM0\ARM_GCC_541\Debug\OS3.a(Accel_ISR.o)
                0x0000e0f4                Accel_ISR_Interrupt
 .text.Accel_ISR_SetVector
                0x0000e100       0x1c .\CortexM0\ARM_GCC_541\Debug\OS3.a(Accel_ISR.o)
                0x0000e100                Accel_ISR_SetVector
 .text.Accel_ISR_GetVector
                0x0000e11c       0x14 .\CortexM0\ARM_GCC_541\Debug\OS3.a(Accel_ISR.o)
                0x0000e11c                Accel_ISR_GetVector
 .text.Accel_ISR_SetPriority
                0x0000e130       0x50 .\CortexM0\ARM_GCC_541\Debug\OS3.a(Accel_ISR.o)
                0x0000e130                Accel_ISR_SetPriority
 .text.Accel_ISR_GetPriority
                0x0000e180       0x2c .\CortexM0\ARM_GCC_541\Debug\OS3.a(Accel_ISR.o)
                0x0000e180                Accel_ISR_GetPriority
 .text.Accel_ISR_Enable
                0x0000e1ac       0x14 .\CortexM0\ARM_GCC_541\Debug\OS3.a(Accel_ISR.o)
                0x0000e1ac                Accel_ISR_Enable
 .text.Accel_ISR_GetState
                0x0000e1c0       0x20 .\CortexM0\ARM_GCC_541\Debug\OS3.a(Accel_ISR.o)
                0x0000e1c0                Accel_ISR_GetState
 .text.Accel_ISR_Disable
                0x0000e1e0       0x14 .\CortexM0\ARM_GCC_541\Debug\OS3.a(Accel_ISR.o)
                0x0000e1e0                Accel_ISR_Disable
 .text.Accel_ISR_SetPending
                0x0000e1f4       0x14 .\CortexM0\ARM_GCC_541\Debug\OS3.a(Accel_ISR.o)
                0x0000e1f4                Accel_ISR_SetPending
 .text.Accel_ISR_ClearPending
                0x0000e208       0x14 .\CortexM0\ARM_GCC_541\Debug\OS3.a(Accel_ISR.o)
                0x0000e208                Accel_ISR_ClearPending
 .text          0x0000e21c        0x0 .\CortexM0\ARM_GCC_541\Debug\OS3.a(Temp_Sensor.o)
 .text.Temp_Sensor_Start
                0x0000e21c       0x24 .\CortexM0\ARM_GCC_541\Debug\OS3.a(Temp_Sensor.o)
                0x0000e21c                Temp_Sensor_Start
 .text.Temp_Sensor_Stop
                0x0000e240       0x44 .\CortexM0\ARM_GCC_541\Debug\OS3.a(Temp_Sensor.o)
                0x0000e240                Temp_Sensor_Stop
 .text.Temp_Sensor_Init
                0x0000e284       0x20 .\CortexM0\ARM_GCC_541\Debug\OS3.a(Temp_Sensor.o)
                0x0000e284                Temp_Sensor_Init
 .text.Temp_Sensor_Enable
                0x0000e2a4       0x78 .\CortexM0\ARM_GCC_541\Debug\OS3.a(Temp_Sensor.o)
                0x0000e2a4                Temp_Sensor_Enable
 .text.Temp_Sensor_Trigger
                0x0000e31c       0x4c .\CortexM0\ARM_GCC_541\Debug\OS3.a(Temp_Sensor.o)
                0x0000e31c                Temp_Sensor_Trigger
 .text.Temp_Sensor_GetTemperature
                0x0000e368       0x70 .\CortexM0\ARM_GCC_541\Debug\OS3.a(Temp_Sensor.o)
                0x0000e368                Temp_Sensor_GetTemperature
 .text.Temp_Sensor_ConversionStatus
                0x0000e3d8       0x1c .\CortexM0\ARM_GCC_541\Debug\OS3.a(Temp_Sensor.o)
                0x0000e3d8                Temp_Sensor_ConversionStatus
 .text.Temp_Sensor_SetMode
                0x0000e3f4       0x20 .\CortexM0\ARM_GCC_541\Debug\OS3.a(Temp_Sensor.o)
                0x0000e3f4                Temp_Sensor_SetMode
 .text.Temp_Sensor_DiscoverSensors
                0x0000e414      0x10c .\CortexM0\ARM_GCC_541\Debug\OS3.a(Temp_Sensor.o)
                0x0000e414                Temp_Sensor_DiscoverSensors
 .text          0x0000e520        0x0 .\CortexM0\ARM_GCC_541\Debug\OS3.a(Temp_Sensor_INT.o)
 .text.Temp_Sensor_EOC_ISR_Int
                0x0000e520       0xc0 .\CortexM0\ARM_GCC_541\Debug\OS3.a(Temp_Sensor_INT.o)
                0x0000e520                Temp_Sensor_EOC_ISR_Int
 .text          0x0000e5e0        0x0 .\CortexM0\ARM_GCC_541\Debug\OS3.a(DMA.o)
 .text.DMA_ChEnable
                0x0000e5e0       0x10 .\CortexM0\ARM_GCC_541\Debug\OS3.a(DMA.o)
 .text.DMA_ValidateDescriptor
                0x0000e5f0       0x1c .\CortexM0\ARM_GCC_541\Debug\OS3.a(DMA.o)
 .text.DMA_SetSrcAddress
                0x0000e60c       0x20 .\CortexM0\ARM_GCC_541\Debug\OS3.a(DMA.o)
 .text.DMA_SetDstAddress
                0x0000e62c       0x20 .\CortexM0\ARM_GCC_541\Debug\OS3.a(DMA.o)
 .text.DMA_Start
                0x0000e64c       0x4c .\CortexM0\ARM_GCC_541\Debug\OS3.a(DMA.o)
                0x0000e64c                DMA_Start
 .text.DMA_Init
                0x0000e698       0x28 .\CortexM0\ARM_GCC_541\Debug\OS3.a(DMA.o)
                0x0000e698                DMA_Init
 .text          0x0000e6c0        0x0 .\CortexM0\ARM_GCC_541\Debug\OS3.a(Opamp.o)
 .text.Opamp_Init
                0x0000e6c0       0x34 .\CortexM0\ARM_GCC_541\Debug\OS3.a(Opamp.o)
                0x0000e6c0                Opamp_Init
 .text.Opamp_Enable
                0x0000e6f4       0x28 .\CortexM0\ARM_GCC_541\Debug\OS3.a(Opamp.o)
                0x0000e6f4                Opamp_Enable
 .text.Opamp_Start
                0x0000e71c       0x24 .\CortexM0\ARM_GCC_541\Debug\OS3.a(Opamp.o)
                0x0000e71c                Opamp_Start
 .text.Opamp_Stop
                0x0000e740       0x20 .\CortexM0\ARM_GCC_541\Debug\OS3.a(Opamp.o)
                0x0000e740                Opamp_Stop
 .text.Opamp_SetPower
                0x0000e760       0x38 .\CortexM0\ARM_GCC_541\Debug\OS3.a(Opamp.o)
                0x0000e760                Opamp_SetPower
 .text.Opamp_PumpControl
                0x0000e798       0x3c .\CortexM0\ARM_GCC_541\Debug\OS3.a(Opamp.o)
                0x0000e798                Opamp_PumpControl
 .text          0x0000e7d4        0x0 .\CortexM0\ARM_GCC_541\Debug\OS3.a(ADC.o)
 .text.ADC_Start
                0x0000e7d4       0x24 .\CortexM0\ARM_GCC_541\Debug\OS3.a(ADC.o)
                0x0000e7d4                ADC_Start
 .text.ADC_Init
                0x0000e7f8      0x1bc .\CortexM0\ARM_GCC_541\Debug\OS3.a(ADC.o)
                0x0000e7f8                ADC_Init
 .text.ADC_Enable
                0x0000e9b4       0x38 .\CortexM0\ARM_GCC_541\Debug\OS3.a(ADC.o)
                0x0000e9b4                ADC_Enable
 .text.ADC_Stop
                0x0000e9ec       0x1c .\CortexM0\ARM_GCC_541\Debug\OS3.a(ADC.o)
                0x0000e9ec                ADC_Stop
 .text.ADC_StartConvert
                0x0000ea08       0x1c .\CortexM0\ARM_GCC_541\Debug\OS3.a(ADC.o)
                0x0000ea08                ADC_StartConvert
 .text.ADC_StopConvert
                0x0000ea24       0x20 .\CortexM0\ARM_GCC_541\Debug\OS3.a(ADC.o)
                0x0000ea24                ADC_StopConvert
 .text.ADC_IsEndConversion
                0x0000ea44       0x48 .\CortexM0\ARM_GCC_541\Debug\OS3.a(ADC.o)
                0x0000ea44                ADC_IsEndConversion
 .text.ADC_GetResult16
                0x0000ea8c       0x44 .\CortexM0\ARM_GCC_541\Debug\OS3.a(ADC.o)
                0x0000ea8c                ADC_GetResult16
 .text.ADC_SetChanMask
                0x0000ead0       0x20 .\CortexM0\ARM_GCC_541\Debug\OS3.a(ADC.o)
                0x0000ead0                ADC_SetChanMask
 .text.ADC_SetLowLimit
                0x0000eaf0       0x30 .\CortexM0\ARM_GCC_541\Debug\OS3.a(ADC.o)
                0x0000eaf0                ADC_SetLowLimit
 .text.ADC_SetHighLimit
                0x0000eb20       0x30 .\CortexM0\ARM_GCC_541\Debug\OS3.a(ADC.o)
                0x0000eb20                ADC_SetHighLimit
 .text.ADC_SetLimitMask
                0x0000eb50       0x20 .\CortexM0\ARM_GCC_541\Debug\OS3.a(ADC.o)
                0x0000eb50                ADC_SetLimitMask
 .text.ADC_SetSatMask
                0x0000eb70       0x20 .\CortexM0\ARM_GCC_541\Debug\OS3.a(ADC.o)
                0x0000eb70                ADC_SetSatMask
 .text.ADC_SetOffset
                0x0000eb90       0x34 .\CortexM0\ARM_GCC_541\Debug\OS3.a(ADC.o)
                0x0000eb90                ADC_SetOffset
 .text.ADC_SetGain
                0x0000ebc4       0x2c .\CortexM0\ARM_GCC_541\Debug\OS3.a(ADC.o)
                0x0000ebc4                ADC_SetGain
 .text.ADC_CountsTo_mVolts
                0x0000ebf0       0xa0 .\CortexM0\ARM_GCC_541\Debug\OS3.a(ADC.o)
                0x0000ebf0                ADC_CountsTo_mVolts
 .text.ADC_CountsTo_uVolts