ARM GAS  C:\Users\ADMINI~1\AppData\Local\Temp\ccm6JR1i.s 			page 1


   1              		.syntax unified
   2              		.cpu cortex-m0
   3              		.fpu softvfp
   4              		.eabi_attribute 20, 1
   5              		.eabi_attribute 21, 1
   6              		.eabi_attribute 23, 3
   7              		.eabi_attribute 24, 1
   8              		.eabi_attribute 25, 1
   9              		.eabi_attribute 26, 1
  10              		.eabi_attribute 30, 6
  11              		.eabi_attribute 34, 0
  12              		.eabi_attribute 18, 4
  13              		.thumb
  14              		.syntax unified
  15              		.file	"PWM_Blue_PM.c"
  16              		.text
  17              	.Ltext0:
  18              		.cfi_sections	.debug_frame
  19              		.bss
  20              		.align	2
  21              	PWM_Blue_backup:
  22 0000 00       		.space	1
  23              		.section	.text.PWM_Blue_SaveConfig,"ax",%progbits
  24              		.align	2
  25              		.global	PWM_Blue_SaveConfig
  26              		.code	16
  27              		.thumb_func
  28              		.type	PWM_Blue_SaveConfig, %function
  29              	PWM_Blue_SaveConfig:
  30              	.LFB1:
  31              		.file 1 "Generated_Source\\PSoC4\\PWM_Blue_PM.c"
   1:Generated_Source\PSoC4/PWM_Blue_PM.c **** /*******************************************************************************
   2:Generated_Source\PSoC4/PWM_Blue_PM.c **** * File Name: PWM_Blue_PM.c
   3:Generated_Source\PSoC4/PWM_Blue_PM.c **** * Version 2.10
   4:Generated_Source\PSoC4/PWM_Blue_PM.c **** *
   5:Generated_Source\PSoC4/PWM_Blue_PM.c **** * Description:
   6:Generated_Source\PSoC4/PWM_Blue_PM.c **** *  This file contains the setup, control, and status commands to support
   7:Generated_Source\PSoC4/PWM_Blue_PM.c **** *  the component operations in the low power mode.
   8:Generated_Source\PSoC4/PWM_Blue_PM.c **** *
   9:Generated_Source\PSoC4/PWM_Blue_PM.c **** * Note:
  10:Generated_Source\PSoC4/PWM_Blue_PM.c **** *  None
  11:Generated_Source\PSoC4/PWM_Blue_PM.c **** *
  12:Generated_Source\PSoC4/PWM_Blue_PM.c **** ********************************************************************************
  13:Generated_Source\PSoC4/PWM_Blue_PM.c **** * Copyright 2013-2015, Cypress Semiconductor Corporation.  All rights reserved.
  14:Generated_Source\PSoC4/PWM_Blue_PM.c **** * You may use this file only in accordance with the license, terms, conditions,
  15:Generated_Source\PSoC4/PWM_Blue_PM.c **** * disclaimers, and limitations in the end user license agreement accompanying
  16:Generated_Source\PSoC4/PWM_Blue_PM.c **** * the software package with which this file was provided.
  17:Generated_Source\PSoC4/PWM_Blue_PM.c **** *******************************************************************************/
  18:Generated_Source\PSoC4/PWM_Blue_PM.c **** 
  19:Generated_Source\PSoC4/PWM_Blue_PM.c **** #include "PWM_Blue.h"
  20:Generated_Source\PSoC4/PWM_Blue_PM.c **** 
  21:Generated_Source\PSoC4/PWM_Blue_PM.c **** static PWM_Blue_BACKUP_STRUCT PWM_Blue_backup;
  22:Generated_Source\PSoC4/PWM_Blue_PM.c **** 
  23:Generated_Source\PSoC4/PWM_Blue_PM.c **** 
  24:Generated_Source\PSoC4/PWM_Blue_PM.c **** /*******************************************************************************
  25:Generated_Source\PSoC4/PWM_Blue_PM.c **** * Function Name: PWM_Blue_SaveConfig
  26:Generated_Source\PSoC4/PWM_Blue_PM.c **** ********************************************************************************
ARM GAS  C:\Users\ADMINI~1\AppData\Local\Temp\ccm6JR1i.s 			page 2


  27:Generated_Source\PSoC4/PWM_Blue_PM.c **** *
  28:Generated_Source\PSoC4/PWM_Blue_PM.c **** * Summary:
  29:Generated_Source\PSoC4/PWM_Blue_PM.c **** *  All configuration registers are retention. Nothing to save here.
  30:Generated_Source\PSoC4/PWM_Blue_PM.c **** *
  31:Generated_Source\PSoC4/PWM_Blue_PM.c **** * Parameters:
  32:Generated_Source\PSoC4/PWM_Blue_PM.c **** *  None
  33:Generated_Source\PSoC4/PWM_Blue_PM.c **** *
  34:Generated_Source\PSoC4/PWM_Blue_PM.c **** * Return:
  35:Generated_Source\PSoC4/PWM_Blue_PM.c **** *  None
  36:Generated_Source\PSoC4/PWM_Blue_PM.c **** *
  37:Generated_Source\PSoC4/PWM_Blue_PM.c **** *******************************************************************************/
  38:Generated_Source\PSoC4/PWM_Blue_PM.c **** void PWM_Blue_SaveConfig(void)
  39:Generated_Source\PSoC4/PWM_Blue_PM.c **** {
  32              		.loc 1 39 0
  33              		.cfi_startproc
  34              		@ args = 0, pretend = 0, frame = 0
  35              		@ frame_needed = 1, uses_anonymous_args = 0
  36 0000 80B5     		push	{r7, lr}
  37              		.cfi_def_cfa_offset 8
  38              		.cfi_offset 7, -8
  39              		.cfi_offset 14, -4
  40 0002 00AF     		add	r7, sp, #0
  41              		.cfi_def_cfa_register 7
  40:Generated_Source\PSoC4/PWM_Blue_PM.c **** 
  41:Generated_Source\PSoC4/PWM_Blue_PM.c **** }
  42              		.loc 1 41 0
  43 0004 C046     		nop
  44 0006 BD46     		mov	sp, r7
  45              		@ sp needed
  46 0008 80BD     		pop	{r7, pc}
  47              		.cfi_endproc
  48              	.LFE1:
  49              		.size	PWM_Blue_SaveConfig, .-PWM_Blue_SaveConfig
  50 000a C046     		.section	.text.PWM_Blue_Sleep,"ax",%progbits
  51              		.align	2
  52              		.global	PWM_Blue_Sleep
  53              		.code	16
  54              		.thumb_func
  55              		.type	PWM_Blue_Sleep, %function
  56              	PWM_Blue_Sleep:
  57              	.LFB2:
  42:Generated_Source\PSoC4/PWM_Blue_PM.c **** 
  43:Generated_Source\PSoC4/PWM_Blue_PM.c **** 
  44:Generated_Source\PSoC4/PWM_Blue_PM.c **** /*******************************************************************************
  45:Generated_Source\PSoC4/PWM_Blue_PM.c **** * Function Name: PWM_Blue_Sleep
  46:Generated_Source\PSoC4/PWM_Blue_PM.c **** ********************************************************************************
  47:Generated_Source\PSoC4/PWM_Blue_PM.c **** *
  48:Generated_Source\PSoC4/PWM_Blue_PM.c **** * Summary:
  49:Generated_Source\PSoC4/PWM_Blue_PM.c **** *  Stops the component operation and saves the user configuration.
  50:Generated_Source\PSoC4/PWM_Blue_PM.c **** *
  51:Generated_Source\PSoC4/PWM_Blue_PM.c **** * Parameters:
  52:Generated_Source\PSoC4/PWM_Blue_PM.c **** *  None
  53:Generated_Source\PSoC4/PWM_Blue_PM.c **** *
  54:Generated_Source\PSoC4/PWM_Blue_PM.c **** * Return:
  55:Generated_Source\PSoC4/PWM_Blue_PM.c **** *  None
  56:Generated_Source\PSoC4/PWM_Blue_PM.c **** *
  57:Generated_Source\PSoC4/PWM_Blue_PM.c **** *******************************************************************************/
ARM GAS  C:\Users\ADMINI~1\AppData\Local\Temp\ccm6JR1i.s 			page 3


  58:Generated_Source\PSoC4/PWM_Blue_PM.c **** void PWM_Blue_Sleep(void)
  59:Generated_Source\PSoC4/PWM_Blue_PM.c **** {
  58              		.loc 1 59 0
  59              		.cfi_startproc
  60              		@ args = 0, pretend = 0, frame = 0
  61              		@ frame_needed = 1, uses_anonymous_args = 0
  62 0000 80B5     		push	{r7, lr}
  63              		.cfi_def_cfa_offset 8
  64              		.cfi_offset 7, -8
  65              		.cfi_offset 14, -4
  66 0002 00AF     		add	r7, sp, #0
  67              		.cfi_def_cfa_register 7
  60:Generated_Source\PSoC4/PWM_Blue_PM.c ****     if(0u != (PWM_Blue_BLOCK_CONTROL_REG & PWM_Blue_MASK))
  68              		.loc 1 60 0
  69 0004 094B     		ldr	r3, .L5
  70 0006 1B68     		ldr	r3, [r3]
  71 0008 4022     		movs	r2, #64
  72 000a 1340     		ands	r3, r2
  73 000c 03D0     		beq	.L3
  61:Generated_Source\PSoC4/PWM_Blue_PM.c ****     {
  62:Generated_Source\PSoC4/PWM_Blue_PM.c ****         PWM_Blue_backup.enableState = 1u;
  74              		.loc 1 62 0
  75 000e 084B     		ldr	r3, .L5+4
  76 0010 0122     		movs	r2, #1
  77 0012 1A70     		strb	r2, [r3]
  78 0014 02E0     		b	.L4
  79              	.L3:
  63:Generated_Source\PSoC4/PWM_Blue_PM.c ****     }
  64:Generated_Source\PSoC4/PWM_Blue_PM.c ****     else
  65:Generated_Source\PSoC4/PWM_Blue_PM.c ****     {
  66:Generated_Source\PSoC4/PWM_Blue_PM.c ****         PWM_Blue_backup.enableState = 0u;
  80              		.loc 1 66 0
  81 0016 064B     		ldr	r3, .L5+4
  82 0018 0022     		movs	r2, #0
  83 001a 1A70     		strb	r2, [r3]
  84              	.L4:
  67:Generated_Source\PSoC4/PWM_Blue_PM.c ****     }
  68:Generated_Source\PSoC4/PWM_Blue_PM.c **** 
  69:Generated_Source\PSoC4/PWM_Blue_PM.c ****     PWM_Blue_Stop();
  85              		.loc 1 69 0
  86 001c FFF7FEFF 		bl	PWM_Blue_Stop
  70:Generated_Source\PSoC4/PWM_Blue_PM.c ****     PWM_Blue_SaveConfig();
  87              		.loc 1 70 0
  88 0020 FFF7FEFF 		bl	PWM_Blue_SaveConfig
  71:Generated_Source\PSoC4/PWM_Blue_PM.c **** }
  89              		.loc 1 71 0
  90 0024 C046     		nop
  91 0026 BD46     		mov	sp, r7
  92              		@ sp needed
  93 0028 80BD     		pop	{r7, pc}
  94              	.L6:
  95 002a C046     		.align	2
  96              	.L5:
  97 002c 00002040 		.word	1075838976
  98 0030 00000000 		.word	PWM_Blue_backup
  99              		.cfi_endproc
 100              	.LFE2:
ARM GAS  C:\Users\ADMINI~1\AppData\Local\Temp\ccm6JR1i.s 			page 4


 101              		.size	PWM_Blue_Sleep, .-PWM_Blue_Sleep
 102              		.section	.text.PWM_Blue_RestoreConfig,"ax",%progbits
 103              		.align	2
 104              		.global	PWM_Blue_RestoreConfig
 105              		.code	16
 106              		.thumb_func
 107              		.type	PWM_Blue_RestoreConfig, %function
 108              	PWM_Blue_RestoreConfig:
 109              	.LFB3:
  72:Generated_Source\PSoC4/PWM_Blue_PM.c **** 
  73:Generated_Source\PSoC4/PWM_Blue_PM.c **** 
  74:Generated_Source\PSoC4/PWM_Blue_PM.c **** /*******************************************************************************
  75:Generated_Source\PSoC4/PWM_Blue_PM.c **** * Function Name: PWM_Blue_RestoreConfig
  76:Generated_Source\PSoC4/PWM_Blue_PM.c **** ********************************************************************************
  77:Generated_Source\PSoC4/PWM_Blue_PM.c **** *
  78:Generated_Source\PSoC4/PWM_Blue_PM.c **** * Summary:
  79:Generated_Source\PSoC4/PWM_Blue_PM.c **** *  All configuration registers are retention. Nothing to restore here.
  80:Generated_Source\PSoC4/PWM_Blue_PM.c **** *
  81:Generated_Source\PSoC4/PWM_Blue_PM.c **** * Parameters:
  82:Generated_Source\PSoC4/PWM_Blue_PM.c **** *  None
  83:Generated_Source\PSoC4/PWM_Blue_PM.c **** *
  84:Generated_Source\PSoC4/PWM_Blue_PM.c **** * Return:
  85:Generated_Source\PSoC4/PWM_Blue_PM.c **** *  None
  86:Generated_Source\PSoC4/PWM_Blue_PM.c **** *
  87:Generated_Source\PSoC4/PWM_Blue_PM.c **** *******************************************************************************/
  88:Generated_Source\PSoC4/PWM_Blue_PM.c **** void PWM_Blue_RestoreConfig(void)
  89:Generated_Source\PSoC4/PWM_Blue_PM.c **** {
 110              		.loc 1 89 0
 111              		.cfi_startproc
 112              		@ args = 0, pretend = 0, frame = 0
 113              		@ frame_needed = 1, uses_anonymous_args = 0
 114 0000 80B5     		push	{r7, lr}
 115              		.cfi_def_cfa_offset 8
 116              		.cfi_offset 7, -8
 117              		.cfi_offset 14, -4
 118 0002 00AF     		add	r7, sp, #0
 119              		.cfi_def_cfa_register 7
  90:Generated_Source\PSoC4/PWM_Blue_PM.c **** 
  91:Generated_Source\PSoC4/PWM_Blue_PM.c **** }
 120              		.loc 1 91 0
 121 0004 C046     		nop
 122 0006 BD46     		mov	sp, r7
 123              		@ sp needed
 124 0008 80BD     		pop	{r7, pc}
 125              		.cfi_endproc
 126              	.LFE3:
 127              		.size	PWM_Blue_RestoreConfig, .-PWM_Blue_RestoreConfig
 128              		.section	.text.PWM_Blue_Wakeup,"ax",%progbits
 129              		.align	2
 130              		.global	PWM_Blue_Wakeup
 131              		.code	16
 132              		.thumb_func
 133              		.type	PWM_Blue_Wakeup, %function
 134              	PWM_Blue_Wakeup:
 135              	.LFB4:
  92:Generated_Source\PSoC4/PWM_Blue_PM.c **** 
  93:Generated_Source\PSoC4/PWM_Blue_PM.c **** 
ARM GAS  C:\Users\ADMINI~1\AppData\Local\Temp\ccm6JR1i.s 			page 5


  94:Generated_Source\PSoC4/PWM_Blue_PM.c **** /*******************************************************************************
  95:Generated_Source\PSoC4/PWM_Blue_PM.c **** * Function Name: PWM_Blue_Wakeup
  96:Generated_Source\PSoC4/PWM_Blue_PM.c **** ********************************************************************************
  97:Generated_Source\PSoC4/PWM_Blue_PM.c **** *
  98:Generated_Source\PSoC4/PWM_Blue_PM.c **** * Summary:
  99:Generated_Source\PSoC4/PWM_Blue_PM.c **** *  Restores the user configuration and restores the enable state.
 100:Generated_Source\PSoC4/PWM_Blue_PM.c **** *
 101:Generated_Source\PSoC4/PWM_Blue_PM.c **** * Parameters:
 102:Generated_Source\PSoC4/PWM_Blue_PM.c **** *  None
 103:Generated_Source\PSoC4/PWM_Blue_PM.c **** *
 104:Generated_Source\PSoC4/PWM_Blue_PM.c **** * Return:
 105:Generated_Source\PSoC4/PWM_Blue_PM.c **** *  None
 106:Generated_Source\PSoC4/PWM_Blue_PM.c **** *
 107:Generated_Source\PSoC4/PWM_Blue_PM.c **** *******************************************************************************/
 108:Generated_Source\PSoC4/PWM_Blue_PM.c **** void PWM_Blue_Wakeup(void)
 109:Generated_Source\PSoC4/PWM_Blue_PM.c **** {
 136              		.loc 1 109 0
 137              		.cfi_startproc
 138              		@ args = 0, pretend = 0, frame = 0
 139              		@ frame_needed = 1, uses_anonymous_args = 0
 140 0000 80B5     		push	{r7, lr}
 141              		.cfi_def_cfa_offset 8
 142              		.cfi_offset 7, -8
 143              		.cfi_offset 14, -4
 144 0002 00AF     		add	r7, sp, #0
 145              		.cfi_def_cfa_register 7
 110:Generated_Source\PSoC4/PWM_Blue_PM.c ****     PWM_Blue_RestoreConfig();
 146              		.loc 1 110 0
 147 0004 FFF7FEFF 		bl	PWM_Blue_RestoreConfig
 111:Generated_Source\PSoC4/PWM_Blue_PM.c **** 
 112:Generated_Source\PSoC4/PWM_Blue_PM.c ****     if(0u != PWM_Blue_backup.enableState)
 148              		.loc 1 112 0
 149 0008 044B     		ldr	r3, .L11
 150 000a 1B78     		ldrb	r3, [r3]
 151 000c 002B     		cmp	r3, #0
 152 000e 01D0     		beq	.L10
 113:Generated_Source\PSoC4/PWM_Blue_PM.c ****     {
 114:Generated_Source\PSoC4/PWM_Blue_PM.c ****         PWM_Blue_Enable();
 153              		.loc 1 114 0
 154 0010 FFF7FEFF 		bl	PWM_Blue_Enable
 155              	.L10:
 115:Generated_Source\PSoC4/PWM_Blue_PM.c ****     }
 116:Generated_Source\PSoC4/PWM_Blue_PM.c **** }
 156              		.loc 1 116 0
 157 0014 C046     		nop
 158 0016 BD46     		mov	sp, r7
 159              		@ sp needed
 160 0018 80BD     		pop	{r7, pc}
 161              	.L12:
 162 001a C046     		.align	2
 163              	.L11:
 164 001c 00000000 		.word	PWM_Blue_backup
 165              		.cfi_endproc
 166              	.LFE4:
 167              		.size	PWM_Blue_Wakeup, .-PWM_Blue_Wakeup
 168              		.text
 169              	.Letext0:
ARM GAS  C:\Users\ADMINI~1\AppData\Local\Temp\ccm6JR1i.s 			page 6


 170              		.file 2 "Generated_Source\\PSoC4\\cytypes.h"
 171              		.file 3 "Generated_Source\\PSoC4\\PWM_Blue.h"
 172              		.section	.debug_info,"",%progbits
 173              	.Ldebug_info0:
 174 0000 29010000 		.4byte	0x129
 175 0004 0400     		.2byte	0x4
 176 0006 00000000 		.4byte	.Ldebug_abbrev0
 177 000a 04       		.byte	0x4
 178 000b 01       		.uleb128 0x1
 179 000c 95010000 		.4byte	.LASF22
 180 0010 0C       		.byte	0xc
 181 0011 D4000000 		.4byte	.LASF23
 182 0015 2E000000 		.4byte	.LASF24
 183 0019 00000000 		.4byte	.Ldebug_ranges0+0
 184 001d 00000000 		.4byte	0
 185 0021 00000000 		.4byte	.Ldebug_line0
 186 0025 02       		.uleb128 0x2
 187 0026 01       		.byte	0x1
 188 0027 06       		.byte	0x6
 189 0028 4C010000 		.4byte	.LASF0
 190 002c 02       		.uleb128 0x2
 191 002d 01       		.byte	0x1
 192 002e 08       		.byte	0x8
 193 002f F9000000 		.4byte	.LASF1
 194 0033 02       		.uleb128 0x2
 195 0034 02       		.byte	0x2
 196 0035 05       		.byte	0x5
 197 0036 8B010000 		.4byte	.LASF2
 198 003a 02       		.uleb128 0x2
 199 003b 02       		.byte	0x2
 200 003c 07       		.byte	0x7
 201 003d 39010000 		.4byte	.LASF3
 202 0041 02       		.uleb128 0x2
 203 0042 04       		.byte	0x4
 204 0043 05       		.byte	0x5
 205 0044 0C010000 		.4byte	.LASF4
 206 0048 02       		.uleb128 0x2
 207 0049 04       		.byte	0x4
 208 004a 07       		.byte	0x7
 209 004b 86000000 		.4byte	.LASF5
 210 004f 02       		.uleb128 0x2
 211 0050 08       		.byte	0x8
 212 0051 05       		.byte	0x5
 213 0052 00000000 		.4byte	.LASF6
 214 0056 02       		.uleb128 0x2
 215 0057 08       		.byte	0x8
 216 0058 07       		.byte	0x7
 217 0059 A8000000 		.4byte	.LASF7
 218 005d 03       		.uleb128 0x3
 219 005e 04       		.byte	0x4
 220 005f 05       		.byte	0x5
 221 0060 696E7400 		.ascii	"int\000"
 222 0064 02       		.uleb128 0x2
 223 0065 04       		.byte	0x4
 224 0066 07       		.byte	0x7
 225 0067 21000000 		.4byte	.LASF8
 226 006b 04       		.uleb128 0x4
ARM GAS  C:\Users\ADMINI~1\AppData\Local\Temp\ccm6JR1i.s 			page 7


 227 006c 80000000 		.4byte	.LASF9
 228 0070 02       		.byte	0x2
 229 0071 E401     		.2byte	0x1e4
 230 0073 2C000000 		.4byte	0x2c
 231 0077 04       		.uleb128 0x4
 232 0078 0E000000 		.4byte	.LASF10
 233 007c 02       		.byte	0x2
 234 007d E601     		.2byte	0x1e6
 235 007f 48000000 		.4byte	0x48
 236 0083 02       		.uleb128 0x2
 237 0084 04       		.byte	0x4
 238 0085 04       		.byte	0x4
 239 0086 BF000000 		.4byte	.LASF11
 240 008a 02       		.uleb128 0x2
 241 008b 08       		.byte	0x8
 242 008c 04       		.byte	0x4
 243 008d 2C010000 		.4byte	.LASF12
 244 0091 02       		.uleb128 0x2
 245 0092 01       		.byte	0x1
 246 0093 08       		.byte	0x8
 247 0094 07010000 		.4byte	.LASF13
 248 0098 04       		.uleb128 0x4
 249 0099 33010000 		.4byte	.LASF14
 250 009d 02       		.byte	0x2
 251 009e 9002     		.2byte	0x290
 252 00a0 A4000000 		.4byte	0xa4
 253 00a4 05       		.uleb128 0x5
 254 00a5 77000000 		.4byte	0x77
 255 00a9 02       		.uleb128 0x2
 256 00aa 08       		.byte	0x8
 257 00ab 04       		.byte	0x4
 258 00ac 6F010000 		.4byte	.LASF15
 259 00b0 02       		.uleb128 0x2
 260 00b1 04       		.byte	0x4
 261 00b2 07       		.byte	0x7
 262 00b3 37020000 		.4byte	.LASF16
 263 00b7 06       		.uleb128 0x6
 264 00b8 01       		.byte	0x1
 265 00b9 03       		.byte	0x3
 266 00ba 21       		.byte	0x21
 267 00bb CC000000 		.4byte	0xcc
 268 00bf 07       		.uleb128 0x7
 269 00c0 15000000 		.4byte	.LASF25
 270 00c4 03       		.byte	0x3
 271 00c5 23       		.byte	0x23
 272 00c6 6B000000 		.4byte	0x6b
 273 00ca 00       		.byte	0
 274 00cb 00       		.byte	0
 275 00cc 08       		.uleb128 0x8
 276 00cd 15010000 		.4byte	.LASF17
 277 00d1 03       		.byte	0x3
 278 00d2 24       		.byte	0x24
 279 00d3 B7000000 		.4byte	0xb7
 280 00d7 09       		.uleb128 0x9
 281 00d8 23020000 		.4byte	.LASF18
 282 00dc 01       		.byte	0x1
 283 00dd 26       		.byte	0x26
ARM GAS  C:\Users\ADMINI~1\AppData\Local\Temp\ccm6JR1i.s 			page 8


 284 00de 00000000 		.4byte	.LFB1
 285 00e2 0A000000 		.4byte	.LFE1-.LFB1
 286 00e6 01       		.uleb128 0x1
 287 00e7 9C       		.byte	0x9c
 288 00e8 0A       		.uleb128 0xa
 289 00e9 C5000000 		.4byte	.LASF19
 290 00ed 01       		.byte	0x1
 291 00ee 3A       		.byte	0x3a
 292 00ef 00000000 		.4byte	.LFB2
 293 00f3 34000000 		.4byte	.LFE2-.LFB2
 294 00f7 01       		.uleb128 0x1
 295 00f8 9C       		.byte	0x9c
 296 00f9 09       		.uleb128 0x9
 297 00fa 58010000 		.4byte	.LASF20
 298 00fe 01       		.byte	0x1
 299 00ff 58       		.byte	0x58
 300 0100 00000000 		.4byte	.LFB3
 301 0104 0A000000 		.4byte	.LFE3-.LFB3
 302 0108 01       		.uleb128 0x1
 303 0109 9C       		.byte	0x9c
 304 010a 0A       		.uleb128 0xa
 305 010b 7B010000 		.4byte	.LASF21
 306 010f 01       		.byte	0x1
 307 0110 6C       		.byte	0x6c
 308 0111 00000000 		.4byte	.LFB4
 309 0115 20000000 		.4byte	.LFE4-.LFB4
 310 0119 01       		.uleb128 0x1
 311 011a 9C       		.byte	0x9c
 312 011b 0B       		.uleb128 0xb
 313 011c 98000000 		.4byte	.LASF26
 314 0120 01       		.byte	0x1
 315 0121 15       		.byte	0x15
 316 0122 CC000000 		.4byte	0xcc
 317 0126 05       		.uleb128 0x5
 318 0127 03       		.byte	0x3
 319 0128 00000000 		.4byte	PWM_Blue_backup
 320 012c 00       		.byte	0
 321              		.section	.debug_abbrev,"",%progbits
 322              	.Ldebug_abbrev0:
 323 0000 01       		.uleb128 0x1
 324 0001 11       		.uleb128 0x11
 325 0002 01       		.byte	0x1
 326 0003 25       		.uleb128 0x25
 327 0004 0E       		.uleb128 0xe
 328 0005 13       		.uleb128 0x13
 329 0006 0B       		.uleb128 0xb
 330 0007 03       		.uleb128 0x3
 331 0008 0E       		.uleb128 0xe
 332 0009 1B       		.uleb128 0x1b
 333 000a 0E       		.uleb128 0xe
 334 000b 55       		.uleb128 0x55
 335 000c 17       		.uleb128 0x17
 336 000d 11       		.uleb128 0x11
 337 000e 01       		.uleb128 0x1
 338 000f 10       		.uleb128 0x10
 339 0010 17       		.uleb128 0x17
 340 0011 00       		.byte	0
ARM GAS  C:\Users\ADMINI~1\AppData\Local\Temp\ccm6JR1i.s 			page 9


 341 0012 00       		.byte	0
 342 0013 02       		.uleb128 0x2
 343 0014 24       		.uleb128 0x24
 344 0015 00       		.byte	0
 345 0016 0B       		.uleb128 0xb
 346 0017 0B       		.uleb128 0xb
 347 0018 3E       		.uleb128 0x3e
 348 0019 0B       		.uleb128 0xb
 349 001a 03       		.uleb128 0x3
 350 001b 0E       		.uleb128 0xe
 351 001c 00       		.byte	0
 352 001d 00       		.byte	0
 353 001e 03       		.uleb128 0x3
 354 001f 24       		.uleb128 0x24
 355 0020 00       		.byte	0
 356 0021 0B       		.uleb128 0xb
 357 0022 0B       		.uleb128 0xb
 358 0023 3E       		.uleb128 0x3e
 359 0024 0B       		.uleb128 0xb
 360 0025 03       		.uleb128 0x3
 361 0026 08       		.uleb128 0x8
 362 0027 00       		.byte	0
 363 0028 00       		.byte	0
 364 0029 04       		.uleb128 0x4
 365 002a 16       		.uleb128 0x16
 366 002b 00       		.byte	0
 367 002c 03       		.uleb128 0x3
 368 002d 0E       		.uleb128 0xe
 369 002e 3A       		.uleb128 0x3a
 370 002f 0B       		.uleb128 0xb
 371 0030 3B       		.uleb128 0x3b
 372 0031 05       		.uleb128 0x5
 373 0032 49       		.uleb128 0x49
 374 0033 13       		.uleb128 0x13
 375 0034 00       		.byte	0
 376 0035 00       		.byte	0
 377 0036 05       		.uleb128 0x5
 378 0037 35       		.uleb128 0x35
 379 0038 00       		.byte	0
 380 0039 49       		.uleb128 0x49
 381 003a 13       		.uleb128 0x13
 382 003b 00       		.byte	0
 383 003c 00       		.byte	0
 384 003d 06       		.uleb128 0x6
 385 003e 13       		.uleb128 0x13
 386 003f 01       		.byte	0x1
 387 0040 0B       		.uleb128 0xb
 388 0041 0B       		.uleb128 0xb
 389 0042 3A       		.uleb128 0x3a
 390 0043 0B       		.uleb128 0xb
 391 0044 3B       		.uleb128 0x3b
 392 0045 0B       		.uleb128 0xb
 393 0046 01       		.uleb128 0x1
 394 0047 13       		.uleb128 0x13
 395 0048 00       		.byte	0
 396 0049 00       		.byte	0
 397 004a 07       		.uleb128 0x7
ARM GAS  C:\Users\ADMINI~1\AppData\Local\Temp\ccm6JR1i.s 			page 10


 398 004b 0D       		.uleb128 0xd
 399 004c 00       		.byte	0
 400 004d 03       		.uleb128 0x3
 401 004e 0E       		.uleb128 0xe
 402 004f 3A       		.uleb128 0x3a
 403 0050 0B       		.uleb128 0xb
 404 0051 3B       		.uleb128 0x3b
 405 0052 0B       		.uleb128 0xb
 406 0053 49       		.uleb128 0x49
 407 0054 13       		.uleb128 0x13
 408 0055 38       		.uleb128 0x38
 409 0056 0B       		.uleb128 0xb
 410 0057 00       		.byte	0
 411 0058 00       		.byte	0
 412 0059 08       		.uleb128 0x8
 413 005a 16       		.uleb128 0x16
 414 005b 00       		.byte	0
 415 005c 03       		.uleb128 0x3
 416 005d 0E       		.uleb128 0xe
 417 005e 3A       		.uleb128 0x3a
 418 005f 0B       		.uleb128 0xb
 419 0060 3B       		.uleb128 0x3b
 420 0061 0B       		.uleb128 0xb
 421 0062 49       		.uleb128 0x49
 422 0063 13       		.uleb128 0x13
 423 0064 00       		.byte	0
 424 0065 00       		.byte	0
 425 0066 09       		.uleb128 0x9
 426 0067 2E       		.uleb128 0x2e
 427 0068 00       		.byte	0
 428 0069 3F       		.uleb128 0x3f
 429 006a 19       		.uleb128 0x19
 430 006b 03       		.uleb128 0x3
 431 006c 0E       		.uleb128 0xe
 432 006d 3A       		.uleb128 0x3a
 433 006e 0B       		.uleb128 0xb
 434 006f 3B       		.uleb128 0x3b
 435 0070 0B       		.uleb128 0xb
 436 0071 27       		.uleb128 0x27
 437 0072 19       		.uleb128 0x19
 438 0073 11       		.uleb128 0x11
 439 0074 01       		.uleb128 0x1
 440 0075 12       		.uleb128 0x12
 441 0076 06       		.uleb128 0x6
 442 0077 40       		.uleb128 0x40
 443 0078 18       		.uleb128 0x18
 444 0079 9742     		.uleb128 0x2117
 445 007b 19       		.uleb128 0x19
 446 007c 00       		.byte	0
 447 007d 00       		.byte	0
 448 007e 0A       		.uleb128 0xa
 449 007f 2E       		.uleb128 0x2e
 450 0080 00       		.byte	0
 451 0081 3F       		.uleb128 0x3f
 452 0082 19       		.uleb128 0x19
 453 0083 03       		.uleb128 0x3
 454 0084 0E       		.uleb128 0xe
ARM GAS  C:\Users\ADMINI~1\AppData\Local\Temp\ccm6JR1i.s 			page 11


 455 0085 3A       		.uleb128 0x3a
 456 0086 0B       		.uleb128 0xb
 457 0087 3B       		.uleb128 0x3b
 458 0088 0B       		.uleb128 0xb
 459 0089 27       		.uleb128 0x27
 460 008a 19       		.uleb128 0x19
 461 008b 11       		.uleb128 0x11
 462 008c 01       		.uleb128 0x1
 463 008d 12       		.uleb128 0x12
 464 008e 06       		.uleb128 0x6
 465 008f 40       		.uleb128 0x40
 466 0090 18       		.uleb128 0x18
 467 0091 9642     		.uleb128 0x2116
 468 0093 19       		.uleb128 0x19
 469 0094 00       		.byte	0
 470 0095 00       		.byte	0
 471 0096 0B       		.uleb128 0xb
 472 0097 34       		.uleb128 0x34
 473 0098 00       		.byte	0
 474 0099 03       		.uleb128 0x3
 475 009a 0E       		.uleb128 0xe
 476 009b 3A       		.uleb128 0x3a
 477 009c 0B       		.uleb128 0xb
 478 009d 3B       		.uleb128 0x3b
 479 009e 0B       		.uleb128 0xb
 480 009f 49       		.uleb128 0x49
 481 00a0 13       		.uleb128 0x13
 482 00a1 02       		.uleb128 0x2
 483 00a2 18       		.uleb128 0x18
 484 00a3 00       		.byte	0
 485 00a4 00       		.byte	0
 486 00a5 00       		.byte	0
 487              		.section	.debug_aranges,"",%progbits
 488 0000 34000000 		.4byte	0x34
 489 0004 0200     		.2byte	0x2
 490 0006 00000000 		.4byte	.Ldebug_info0
 491 000a 04       		.byte	0x4
 492 000b 00       		.byte	0
 493 000c 0000     		.2byte	0
 494 000e 0000     		.2byte	0
 495 0010 00000000 		.4byte	.LFB1
 496 0014 0A000000 		.4byte	.LFE1-.LFB1
 497 0018 00000000 		.4byte	.LFB2
 498 001c 34000000 		.4byte	.LFE2-.LFB2
 499 0020 00000000 		.4byte	.LFB3
 500 0024 0A000000 		.4byte	.LFE3-.LFB3
 501 0028 00000000 		.4byte	.LFB4
 502 002c 20000000 		.4byte	.LFE4-.LFB4
 503 0030 00000000 		.4byte	0
 504 0034 00000000 		.4byte	0
 505              		.section	.debug_ranges,"",%progbits
 506              	.Ldebug_ranges0:
 507 0000 00000000 		.4byte	.LFB1
 508 0004 0A000000 		.4byte	.LFE1
 509 0008 00000000 		.4byte	.LFB2
 510 000c 34000000 		.4byte	.LFE2
 511 0010 00000000 		.4byte	.LFB3
ARM GAS  C:\Users\ADMINI~1\AppData\Local\Temp\ccm6JR1i.s 			page 12


 512 0014 0A000000 		.4byte	.LFE3
 513 0018 00000000 		.4byte	.LFB4
 514 001c 20000000 		.4byte	.LFE4
 515 0020 00000000 		.4byte	0
 516 0024 00000000 		.4byte	0
 517              		.section	.debug_line,"",%progbits
 518              	.Ldebug_line0:
 519 0000 A6000000 		.section	.debug_str,"MS",%progbits,1
 519      02005600 
 519      00000201 
 519      FB0E0D00 
 519      01010101 
 520              	.LASF6:
 521 0000 6C6F6E67 		.ascii	"long long int\000"
 521      206C6F6E 
 521      6720696E 
 521      7400
 522              	.LASF10:
 523 000e 75696E74 		.ascii	"uint32\000"
 523      333200
 524              	.LASF25:
 525 0015 656E6162 		.ascii	"enableState\000"
 525      6C655374 
 525      61746500 
 526              	.LASF8:
 527 0021 756E7369 		.ascii	"unsigned int\000"
 527      676E6564 
 527      20696E74 
 527      00
 528              	.LASF24:
 529 002e 443A5C43 		.ascii	"D:\\CYTEST\\Micrium_CY8CKIT-044_OS3\\Examples\\Cypr"
 529      59544553 
 529      545C4D69 
 529      63726975 
 529      6D5F4359 
 530 005d 6573735C 		.ascii	"ess\\CY8CKIT-044\\OS3\\PSoC\\OS3.cydsn\000"
 530      43593843 
 530      4B49542D 
 530      3034345C 
 530      4F53335C 
 531              	.LASF9:
 532 0080 75696E74 		.ascii	"uint8\000"
 532      3800
 533              	.LASF5:
 534 0086 6C6F6E67 		.ascii	"long unsigned int\000"
 534      20756E73 
 534      69676E65 
 534      6420696E 
 534      7400
 535              	.LASF26:
 536 0098 50574D5F 		.ascii	"PWM_Blue_backup\000"
 536      426C7565 
 536      5F626163 
 536      6B757000 
 537              	.LASF7:
 538 00a8 6C6F6E67 		.ascii	"long long unsigned int\000"
 538      206C6F6E 
ARM GAS  C:\Users\ADMINI~1\AppData\Local\Temp\ccm6JR1i.s 			page 13


 538      6720756E 
 538      7369676E 
 538      65642069 
 539              	.LASF11:
 540 00bf 666C6F61 		.ascii	"float\000"
 540      7400
 541              	.LASF19:
 542 00c5 50574D5F 		.ascii	"PWM_Blue_Sleep\000"
 542      426C7565 
 542      5F536C65 
 542      657000
 543              	.LASF23:
 544 00d4 47656E65 		.ascii	"Generated_Source\\PSoC4\\PWM_Blue_PM.c\000"
 544      72617465 
 544      645F536F 
 544      75726365 
 544      5C50536F 
 545              	.LASF1:
 546 00f9 756E7369 		.ascii	"unsigned char\000"
 546      676E6564 
 546      20636861 
 546      7200
 547              	.LASF13:
 548 0107 63686172 		.ascii	"char\000"
 548      00
 549              	.LASF4:
 550 010c 6C6F6E67 		.ascii	"long int\000"
 550      20696E74 
 550      00
 551              	.LASF17:
 552 0115 50574D5F 		.ascii	"PWM_Blue_BACKUP_STRUCT\000"
 552      426C7565 
 552      5F424143 
 552      4B55505F 
 552      53545255 
 553              	.LASF12:
 554 012c 646F7562 		.ascii	"double\000"
 554      6C6500
 555              	.LASF14:
 556 0133 72656733 		.ascii	"reg32\000"
 556      3200
 557              	.LASF3:
 558 0139 73686F72 		.ascii	"short unsigned int\000"
 558      7420756E 
 558      7369676E 
 558      65642069 
 558      6E7400
 559              	.LASF0:
 560 014c 7369676E 		.ascii	"signed char\000"
 560      65642063 
 560      68617200 
 561              	.LASF20:
 562 0158 50574D5F 		.ascii	"PWM_Blue_RestoreConfig\000"
 562      426C7565 
 562      5F526573 
 562      746F7265 
 562      436F6E66 
ARM GAS  C:\Users\ADMINI~1\AppData\Local\Temp\ccm6JR1i.s 			page 14


 563              	.LASF15:
 564 016f 6C6F6E67 		.ascii	"long double\000"
 564      20646F75 
 564      626C6500 
 565              	.LASF21:
 566 017b 50574D5F 		.ascii	"PWM_Blue_Wakeup\000"
 566      426C7565 
 566      5F57616B 
 566      65757000 
 567              	.LASF2:
 568 018b 73686F72 		.ascii	"short int\000"
 568      7420696E 
 568      7400
 569              	.LASF22:
 570 0195 474E5520 		.ascii	"GNU C11 5.4.1 20160609 (release) [ARM/embedded-5-br"
 570      43313120 
 570      352E342E 
 570      31203230 
 570      31363036 
 571 01c8 616E6368 		.ascii	"anch revision 237715] -mcpu=cortex-m0 -mthumb -g -O"
 571      20726576 
 571      6973696F 
 571      6E203233 
 571      37373135 
 572 01fb 30202D66 		.ascii	"0 -ffunction-sections -ffat-lto-objects\000"
 572      66756E63 
 572      74696F6E 
 572      2D736563 
 572      74696F6E 
 573              	.LASF18:
 574 0223 50574D5F 		.ascii	"PWM_Blue_SaveConfig\000"
 574      426C7565 
 574      5F536176 
 574      65436F6E 
 574      66696700 
 575              	.LASF16:
 576 0237 73697A65 		.ascii	"sizetype\000"
 576      74797065 
 576      00
 577              		.ident	"GCC: (GNU Tools for ARM Embedded Processors) 5.4.1 20160609 (release) [ARM/embedded-5-bran
