ARM GAS  C:\Users\ADMINI~1\AppData\Local\Temp\ccCqyxMb.s 			page 1


   1              		.syntax unified
   2              		.cpu cortex-m0
   3              		.fpu softvfp
   4              		.eabi_attribute 20, 1
   5              		.eabi_attribute 21, 1
   6              		.eabi_attribute 23, 3
   7              		.eabi_attribute 24, 1
   8              		.eabi_attribute 25, 1
   9              		.eabi_attribute 26, 1
  10              		.eabi_attribute 30, 6
  11              		.eabi_attribute 34, 0
  12              		.eabi_attribute 18, 4
  13              		.thumb
  14              		.syntax unified
  15              		.file	"Temp_Sensor_PM.c"
  16              		.text
  17              	.Ltext0:
  18              		.cfi_sections	.debug_frame
  19              		.bss
  20              		.align	2
  21              	Temp_Sensor_backup:
  22 0000 00       		.space	1
  23              		.section	.text.Temp_Sensor_SaveConfig,"ax",%progbits
  24              		.align	2
  25              		.global	Temp_Sensor_SaveConfig
  26              		.code	16
  27              		.thumb_func
  28              		.type	Temp_Sensor_SaveConfig, %function
  29              	Temp_Sensor_SaveConfig:
  30              	.LFB1:
  31              		.file 1 "Generated_Source\\PSoC4\\Temp_Sensor_PM.c"
   1:Generated_Source\PSoC4/Temp_Sensor_PM.c **** /*******************************************************************************
   2:Generated_Source\PSoC4/Temp_Sensor_PM.c **** * File Name: Temp_Sensor_PM.c
   3:Generated_Source\PSoC4/Temp_Sensor_PM.c **** * Version 1.10
   4:Generated_Source\PSoC4/Temp_Sensor_PM.c **** *
   5:Generated_Source\PSoC4/Temp_Sensor_PM.c **** * Description:
   6:Generated_Source\PSoC4/Temp_Sensor_PM.c **** *  This file contains the setup, control and status commands to support
   7:Generated_Source\PSoC4/Temp_Sensor_PM.c **** *  component operations in low power mode.
   8:Generated_Source\PSoC4/Temp_Sensor_PM.c **** *
   9:Generated_Source\PSoC4/Temp_Sensor_PM.c **** * Note:
  10:Generated_Source\PSoC4/Temp_Sensor_PM.c **** *  None
  11:Generated_Source\PSoC4/Temp_Sensor_PM.c **** *
  12:Generated_Source\PSoC4/Temp_Sensor_PM.c **** ********************************************************************************
  13:Generated_Source\PSoC4/Temp_Sensor_PM.c **** * Copyright 2012-2013, Cypress Semiconductor Corporation.  All rights reserved.
  14:Generated_Source\PSoC4/Temp_Sensor_PM.c **** * You may use this file only in accordance with the license, terms, conditions,
  15:Generated_Source\PSoC4/Temp_Sensor_PM.c **** * disclaimers, and limitations in the end user license agreement accompanying
  16:Generated_Source\PSoC4/Temp_Sensor_PM.c **** * the software package with which this file was provided.
  17:Generated_Source\PSoC4/Temp_Sensor_PM.c **** *******************************************************************************/
  18:Generated_Source\PSoC4/Temp_Sensor_PM.c **** 
  19:Generated_Source\PSoC4/Temp_Sensor_PM.c **** #include "Temp_Sensor_PVT.h"
  20:Generated_Source\PSoC4/Temp_Sensor_PM.c **** 
  21:Generated_Source\PSoC4/Temp_Sensor_PM.c **** static Temp_Sensor_BACKUP_STRUCT Temp_Sensor_backup;
  22:Generated_Source\PSoC4/Temp_Sensor_PM.c **** 
  23:Generated_Source\PSoC4/Temp_Sensor_PM.c **** 
  24:Generated_Source\PSoC4/Temp_Sensor_PM.c **** /*******************************************************************************
  25:Generated_Source\PSoC4/Temp_Sensor_PM.c **** * Function Name: Temp_Sensor_SaveConfig
  26:Generated_Source\PSoC4/Temp_Sensor_PM.c **** ********************************************************************************
ARM GAS  C:\Users\ADMINI~1\AppData\Local\Temp\ccCqyxMb.s 			page 2


  27:Generated_Source\PSoC4/Temp_Sensor_PM.c **** *
  28:Generated_Source\PSoC4/Temp_Sensor_PM.c **** * Summary:
  29:Generated_Source\PSoC4/Temp_Sensor_PM.c **** *  All configuration registers are retention. Nothing to save here.
  30:Generated_Source\PSoC4/Temp_Sensor_PM.c **** *
  31:Generated_Source\PSoC4/Temp_Sensor_PM.c **** * Parameters:
  32:Generated_Source\PSoC4/Temp_Sensor_PM.c **** *  None
  33:Generated_Source\PSoC4/Temp_Sensor_PM.c **** *
  34:Generated_Source\PSoC4/Temp_Sensor_PM.c **** * Return:
  35:Generated_Source\PSoC4/Temp_Sensor_PM.c **** *  None
  36:Generated_Source\PSoC4/Temp_Sensor_PM.c **** *
  37:Generated_Source\PSoC4/Temp_Sensor_PM.c **** *******************************************************************************/
  38:Generated_Source\PSoC4/Temp_Sensor_PM.c **** void Temp_Sensor_SaveConfig(void) 
  39:Generated_Source\PSoC4/Temp_Sensor_PM.c **** {
  32              		.loc 1 39 0
  33              		.cfi_startproc
  34              		@ args = 0, pretend = 0, frame = 0
  35              		@ frame_needed = 1, uses_anonymous_args = 0
  36 0000 80B5     		push	{r7, lr}
  37              		.cfi_def_cfa_offset 8
  38              		.cfi_offset 7, -8
  39              		.cfi_offset 14, -4
  40 0002 00AF     		add	r7, sp, #0
  41              		.cfi_def_cfa_register 7
  40:Generated_Source\PSoC4/Temp_Sensor_PM.c **** 
  41:Generated_Source\PSoC4/Temp_Sensor_PM.c **** }
  42              		.loc 1 41 0
  43 0004 C046     		nop
  44 0006 BD46     		mov	sp, r7
  45              		@ sp needed
  46 0008 80BD     		pop	{r7, pc}
  47              		.cfi_endproc
  48              	.LFE1:
  49              		.size	Temp_Sensor_SaveConfig, .-Temp_Sensor_SaveConfig
  50 000a C046     		.section	.text.Temp_Sensor_Sleep,"ax",%progbits
  51              		.align	2
  52              		.global	Temp_Sensor_Sleep
  53              		.code	16
  54              		.thumb_func
  55              		.type	Temp_Sensor_Sleep, %function
  56              	Temp_Sensor_Sleep:
  57              	.LFB2:
  42:Generated_Source\PSoC4/Temp_Sensor_PM.c **** 
  43:Generated_Source\PSoC4/Temp_Sensor_PM.c **** 
  44:Generated_Source\PSoC4/Temp_Sensor_PM.c **** /*******************************************************************************
  45:Generated_Source\PSoC4/Temp_Sensor_PM.c **** * Function Name: Temp_Sensor_Sleep
  46:Generated_Source\PSoC4/Temp_Sensor_PM.c **** ********************************************************************************
  47:Generated_Source\PSoC4/Temp_Sensor_PM.c **** *
  48:Generated_Source\PSoC4/Temp_Sensor_PM.c **** * Summary:
  49:Generated_Source\PSoC4/Temp_Sensor_PM.c **** *  Stops the TMP05 operation and saves the user configuration.
  50:Generated_Source\PSoC4/Temp_Sensor_PM.c **** *
  51:Generated_Source\PSoC4/Temp_Sensor_PM.c **** * Parameters:
  52:Generated_Source\PSoC4/Temp_Sensor_PM.c **** *  None
  53:Generated_Source\PSoC4/Temp_Sensor_PM.c **** *
  54:Generated_Source\PSoC4/Temp_Sensor_PM.c **** * Return:
  55:Generated_Source\PSoC4/Temp_Sensor_PM.c **** *  None
  56:Generated_Source\PSoC4/Temp_Sensor_PM.c **** *
  57:Generated_Source\PSoC4/Temp_Sensor_PM.c **** *******************************************************************************/
ARM GAS  C:\Users\ADMINI~1\AppData\Local\Temp\ccCqyxMb.s 			page 3


  58:Generated_Source\PSoC4/Temp_Sensor_PM.c **** void Temp_Sensor_Sleep(void) 
  59:Generated_Source\PSoC4/Temp_Sensor_PM.c **** {
  58              		.loc 1 59 0
  59              		.cfi_startproc
  60              		@ args = 0, pretend = 0, frame = 0
  61              		@ frame_needed = 1, uses_anonymous_args = 0
  62 0000 80B5     		push	{r7, lr}
  63              		.cfi_def_cfa_offset 8
  64              		.cfi_offset 7, -8
  65              		.cfi_offset 14, -4
  66 0002 00AF     		add	r7, sp, #0
  67              		.cfi_def_cfa_register 7
  60:Generated_Source\PSoC4/Temp_Sensor_PM.c ****     if(0u != (Temp_Sensor_CONTROL_REG & Temp_Sensor_CTRL_REG_ENABLE))
  68              		.loc 1 60 0
  69 0004 094B     		ldr	r3, .L5
  70 0006 1B78     		ldrb	r3, [r3]
  71 0008 DBB2     		uxtb	r3, r3
  72 000a 5BB2     		sxtb	r3, r3
  73 000c 002B     		cmp	r3, #0
  74 000e 03DA     		bge	.L3
  61:Generated_Source\PSoC4/Temp_Sensor_PM.c ****     {
  62:Generated_Source\PSoC4/Temp_Sensor_PM.c ****         Temp_Sensor_backup.enableState = 1u;
  75              		.loc 1 62 0
  76 0010 074B     		ldr	r3, .L5+4
  77 0012 0122     		movs	r2, #1
  78 0014 1A70     		strb	r2, [r3]
  79 0016 02E0     		b	.L4
  80              	.L3:
  63:Generated_Source\PSoC4/Temp_Sensor_PM.c ****     }
  64:Generated_Source\PSoC4/Temp_Sensor_PM.c ****     else /* The TMP05 block is disabled */
  65:Generated_Source\PSoC4/Temp_Sensor_PM.c ****     {
  66:Generated_Source\PSoC4/Temp_Sensor_PM.c ****         Temp_Sensor_backup.enableState = 0u;
  81              		.loc 1 66 0
  82 0018 054B     		ldr	r3, .L5+4
  83 001a 0022     		movs	r2, #0
  84 001c 1A70     		strb	r2, [r3]
  85              	.L4:
  67:Generated_Source\PSoC4/Temp_Sensor_PM.c ****     }
  68:Generated_Source\PSoC4/Temp_Sensor_PM.c **** 
  69:Generated_Source\PSoC4/Temp_Sensor_PM.c ****     Temp_Sensor_Stop();
  86              		.loc 1 69 0
  87 001e FFF7FEFF 		bl	Temp_Sensor_Stop
  70:Generated_Source\PSoC4/Temp_Sensor_PM.c ****     Temp_Sensor_SaveConfig();
  88              		.loc 1 70 0
  89 0022 FFF7FEFF 		bl	Temp_Sensor_SaveConfig
  71:Generated_Source\PSoC4/Temp_Sensor_PM.c **** }
  90              		.loc 1 71 0
  91 0026 C046     		nop
  92 0028 BD46     		mov	sp, r7
  93              		@ sp needed
  94 002a 80BD     		pop	{r7, pc}
  95              	.L6:
  96              		.align	2
  97              	.L5:
  98 002c 72000F40 		.word	1074724978
  99 0030 00000000 		.word	Temp_Sensor_backup
 100              		.cfi_endproc
ARM GAS  C:\Users\ADMINI~1\AppData\Local\Temp\ccCqyxMb.s 			page 4


 101              	.LFE2:
 102              		.size	Temp_Sensor_Sleep, .-Temp_Sensor_Sleep
 103              		.section	.text.Temp_Sensor_RestoreConfig,"ax",%progbits
 104              		.align	2
 105              		.global	Temp_Sensor_RestoreConfig
 106              		.code	16
 107              		.thumb_func
 108              		.type	Temp_Sensor_RestoreConfig, %function
 109              	Temp_Sensor_RestoreConfig:
 110              	.LFB3:
  72:Generated_Source\PSoC4/Temp_Sensor_PM.c **** 
  73:Generated_Source\PSoC4/Temp_Sensor_PM.c **** 
  74:Generated_Source\PSoC4/Temp_Sensor_PM.c **** /*******************************************************************************
  75:Generated_Source\PSoC4/Temp_Sensor_PM.c **** * Function Name: Temp_Sensor_RestoreConfig
  76:Generated_Source\PSoC4/Temp_Sensor_PM.c **** ********************************************************************************
  77:Generated_Source\PSoC4/Temp_Sensor_PM.c **** *
  78:Generated_Source\PSoC4/Temp_Sensor_PM.c **** * Summary:
  79:Generated_Source\PSoC4/Temp_Sensor_PM.c **** *  All configuration registers are retention. Nothing to restore here.
  80:Generated_Source\PSoC4/Temp_Sensor_PM.c **** *
  81:Generated_Source\PSoC4/Temp_Sensor_PM.c **** * Parameters:
  82:Generated_Source\PSoC4/Temp_Sensor_PM.c **** *  None
  83:Generated_Source\PSoC4/Temp_Sensor_PM.c **** *
  84:Generated_Source\PSoC4/Temp_Sensor_PM.c **** * Return:
  85:Generated_Source\PSoC4/Temp_Sensor_PM.c **** *  None
  86:Generated_Source\PSoC4/Temp_Sensor_PM.c **** *
  87:Generated_Source\PSoC4/Temp_Sensor_PM.c **** *******************************************************************************/
  88:Generated_Source\PSoC4/Temp_Sensor_PM.c **** void Temp_Sensor_RestoreConfig(void) 
  89:Generated_Source\PSoC4/Temp_Sensor_PM.c **** {
 111              		.loc 1 89 0
 112              		.cfi_startproc
 113              		@ args = 0, pretend = 0, frame = 0
 114              		@ frame_needed = 1, uses_anonymous_args = 0
 115 0000 80B5     		push	{r7, lr}
 116              		.cfi_def_cfa_offset 8
 117              		.cfi_offset 7, -8
 118              		.cfi_offset 14, -4
 119 0002 00AF     		add	r7, sp, #0
 120              		.cfi_def_cfa_register 7
  90:Generated_Source\PSoC4/Temp_Sensor_PM.c **** 
  91:Generated_Source\PSoC4/Temp_Sensor_PM.c **** }
 121              		.loc 1 91 0
 122 0004 C046     		nop
 123 0006 BD46     		mov	sp, r7
 124              		@ sp needed
 125 0008 80BD     		pop	{r7, pc}
 126              		.cfi_endproc
 127              	.LFE3:
 128              		.size	Temp_Sensor_RestoreConfig, .-Temp_Sensor_RestoreConfig
 129              		.section	.text.Temp_Sensor_Wakeup,"ax",%progbits
 130              		.align	2
 131              		.global	Temp_Sensor_Wakeup
 132              		.code	16
 133              		.thumb_func
 134              		.type	Temp_Sensor_Wakeup, %function
 135              	Temp_Sensor_Wakeup:
 136              	.LFB4:
  92:Generated_Source\PSoC4/Temp_Sensor_PM.c **** 
ARM GAS  C:\Users\ADMINI~1\AppData\Local\Temp\ccCqyxMb.s 			page 5


  93:Generated_Source\PSoC4/Temp_Sensor_PM.c **** 
  94:Generated_Source\PSoC4/Temp_Sensor_PM.c **** /*******************************************************************************
  95:Generated_Source\PSoC4/Temp_Sensor_PM.c **** * Function Name: Temp_Sensor_Wakeup
  96:Generated_Source\PSoC4/Temp_Sensor_PM.c **** ********************************************************************************
  97:Generated_Source\PSoC4/Temp_Sensor_PM.c **** *
  98:Generated_Source\PSoC4/Temp_Sensor_PM.c **** * Summary:
  99:Generated_Source\PSoC4/Temp_Sensor_PM.c **** *  Restores the user configuration and restores the enable state.
 100:Generated_Source\PSoC4/Temp_Sensor_PM.c **** *
 101:Generated_Source\PSoC4/Temp_Sensor_PM.c **** * Parameters:
 102:Generated_Source\PSoC4/Temp_Sensor_PM.c **** *  None
 103:Generated_Source\PSoC4/Temp_Sensor_PM.c **** *
 104:Generated_Source\PSoC4/Temp_Sensor_PM.c **** * Return:
 105:Generated_Source\PSoC4/Temp_Sensor_PM.c **** *  None
 106:Generated_Source\PSoC4/Temp_Sensor_PM.c **** *
 107:Generated_Source\PSoC4/Temp_Sensor_PM.c **** *******************************************************************************/
 108:Generated_Source\PSoC4/Temp_Sensor_PM.c **** void Temp_Sensor_Wakeup(void) 
 109:Generated_Source\PSoC4/Temp_Sensor_PM.c **** {
 137              		.loc 1 109 0
 138              		.cfi_startproc
 139              		@ args = 0, pretend = 0, frame = 0
 140              		@ frame_needed = 1, uses_anonymous_args = 0
 141 0000 80B5     		push	{r7, lr}
 142              		.cfi_def_cfa_offset 8
 143              		.cfi_offset 7, -8
 144              		.cfi_offset 14, -4
 145 0002 00AF     		add	r7, sp, #0
 146              		.cfi_def_cfa_register 7
 110:Generated_Source\PSoC4/Temp_Sensor_PM.c ****     Temp_Sensor_RestoreConfig();
 147              		.loc 1 110 0
 148 0004 FFF7FEFF 		bl	Temp_Sensor_RestoreConfig
 111:Generated_Source\PSoC4/Temp_Sensor_PM.c **** 
 112:Generated_Source\PSoC4/Temp_Sensor_PM.c ****     if(0u != Temp_Sensor_backup.enableState)
 149              		.loc 1 112 0
 150 0008 064B     		ldr	r3, .L12
 151 000a 1B78     		ldrb	r3, [r3]
 152 000c 002B     		cmp	r3, #0
 153 000e 04D0     		beq	.L9
 113:Generated_Source\PSoC4/Temp_Sensor_PM.c ****     {
 114:Generated_Source\PSoC4/Temp_Sensor_PM.c ****         /* Enable component's operation */
 115:Generated_Source\PSoC4/Temp_Sensor_PM.c ****         Temp_Sensor_Enable();
 154              		.loc 1 115 0
 155 0010 FFF7FEFF 		bl	Temp_Sensor_Enable
 116:Generated_Source\PSoC4/Temp_Sensor_PM.c ****         Temp_Sensor_Trigger();
 156              		.loc 1 116 0
 157 0014 FFF7FEFF 		bl	Temp_Sensor_Trigger
 117:Generated_Source\PSoC4/Temp_Sensor_PM.c ****     } /* Do nothing if component's block was disabled before */
 118:Generated_Source\PSoC4/Temp_Sensor_PM.c ****     else
 119:Generated_Source\PSoC4/Temp_Sensor_PM.c ****     {
 120:Generated_Source\PSoC4/Temp_Sensor_PM.c ****         Temp_Sensor_Enable();
 121:Generated_Source\PSoC4/Temp_Sensor_PM.c ****     }
 122:Generated_Source\PSoC4/Temp_Sensor_PM.c **** }
 158              		.loc 1 122 0
 159 0018 01E0     		b	.L11
 160              	.L9:
 120:Generated_Source\PSoC4/Temp_Sensor_PM.c ****     }
 161              		.loc 1 120 0
 162 001a FFF7FEFF 		bl	Temp_Sensor_Enable
ARM GAS  C:\Users\ADMINI~1\AppData\Local\Temp\ccCqyxMb.s 			page 6


 163              	.L11:
 164              		.loc 1 122 0
 165 001e C046     		nop
 166 0020 BD46     		mov	sp, r7
 167              		@ sp needed
 168 0022 80BD     		pop	{r7, pc}
 169              	.L13:
 170              		.align	2
 171              	.L12:
 172 0024 00000000 		.word	Temp_Sensor_backup
 173              		.cfi_endproc
 174              	.LFE4:
 175              		.size	Temp_Sensor_Wakeup, .-Temp_Sensor_Wakeup
 176              		.text
 177              	.Letext0:
 178              		.file 2 "Generated_Source\\PSoC4\\cytypes.h"
 179              		.file 3 "Generated_Source\\PSoC4\\Temp_Sensor_PVT.h"
 180              		.section	.debug_info,"",%progbits
 181              	.Ldebug_info0:
 182 0000 1D010000 		.4byte	0x11d
 183 0004 0400     		.2byte	0x4
 184 0006 00000000 		.4byte	.Ldebug_abbrev0
 185 000a 04       		.byte	0x4
 186 000b 01       		.uleb128 0x1
 187 000c B6010000 		.4byte	.LASF21
 188 0010 0C       		.byte	0xc
 189 0011 A2000000 		.4byte	.LASF22
 190 0015 50000000 		.4byte	.LASF23
 191 0019 00000000 		.4byte	.Ldebug_ranges0+0
 192 001d 00000000 		.4byte	0
 193 0021 00000000 		.4byte	.Ldebug_line0
 194 0025 02       		.uleb128 0x2
 195 0026 01       		.byte	0x1
 196 0027 06       		.byte	0x6
 197 0028 7A010000 		.4byte	.LASF0
 198 002c 02       		.uleb128 0x2
 199 002d 01       		.byte	0x1
 200 002e 08       		.byte	0x8
 201 002f 17010000 		.4byte	.LASF1
 202 0033 02       		.uleb128 0x2
 203 0034 02       		.byte	0x2
 204 0035 05       		.byte	0x5
 205 0036 AC010000 		.4byte	.LASF2
 206 003a 02       		.uleb128 0x2
 207 003b 02       		.byte	0x2
 208 003c 07       		.byte	0x7
 209 003d 67010000 		.4byte	.LASF3
 210 0041 02       		.uleb128 0x2
 211 0042 04       		.byte	0x4
 212 0043 05       		.byte	0x5
 213 0044 2A010000 		.4byte	.LASF4
 214 0048 02       		.uleb128 0x2
 215 0049 04       		.byte	0x4
 216 004a 07       		.byte	0x7
 217 004b D5000000 		.4byte	.LASF5
 218 004f 02       		.uleb128 0x2
 219 0050 08       		.byte	0x8
ARM GAS  C:\Users\ADMINI~1\AppData\Local\Temp\ccCqyxMb.s 			page 7


 220 0051 05       		.byte	0x5
 221 0052 00000000 		.4byte	.LASF6
 222 0056 02       		.uleb128 0x2
 223 0057 08       		.byte	0x8
 224 0058 07       		.byte	0x7
 225 0059 E7000000 		.4byte	.LASF7
 226 005d 03       		.uleb128 0x3
 227 005e 04       		.byte	0x4
 228 005f 05       		.byte	0x5
 229 0060 696E7400 		.ascii	"int\000"
 230 0064 02       		.uleb128 0x2
 231 0065 04       		.byte	0x4
 232 0066 07       		.byte	0x7
 233 0067 1A000000 		.4byte	.LASF8
 234 006b 04       		.uleb128 0x4
 235 006c CF000000 		.4byte	.LASF12
 236 0070 02       		.byte	0x2
 237 0071 E401     		.2byte	0x1e4
 238 0073 2C000000 		.4byte	0x2c
 239 0077 02       		.uleb128 0x2
 240 0078 04       		.byte	0x4
 241 0079 04       		.byte	0x4
 242 007a FE000000 		.4byte	.LASF9
 243 007e 02       		.uleb128 0x2
 244 007f 08       		.byte	0x8
 245 0080 04       		.byte	0x4
 246 0081 33010000 		.4byte	.LASF10
 247 0085 02       		.uleb128 0x2
 248 0086 01       		.byte	0x1
 249 0087 08       		.byte	0x8
 250 0088 25010000 		.4byte	.LASF11
 251 008c 04       		.uleb128 0x4
 252 008d CA000000 		.4byte	.LASF13
 253 0091 02       		.byte	0x2
 254 0092 8E02     		.2byte	0x28e
 255 0094 98000000 		.4byte	0x98
 256 0098 05       		.uleb128 0x5
 257 0099 6B000000 		.4byte	0x6b
 258 009d 02       		.uleb128 0x2
 259 009e 08       		.byte	0x8
 260 009f 04       		.byte	0x4
 261 00a0 A0010000 		.4byte	.LASF14
 262 00a4 02       		.uleb128 0x2
 263 00a5 04       		.byte	0x4
 264 00a6 07       		.byte	0x7
 265 00a7 44020000 		.4byte	.LASF15
 266 00ab 06       		.uleb128 0x6
 267 00ac 01       		.byte	0x1
 268 00ad 03       		.byte	0x3
 269 00ae 27       		.byte	0x27
 270 00af C0000000 		.4byte	0xc0
 271 00b3 07       		.uleb128 0x7
 272 00b4 0E000000 		.4byte	.LASF24
 273 00b8 03       		.byte	0x3
 274 00b9 29       		.byte	0x29
 275 00ba 6B000000 		.4byte	0x6b
 276 00be 00       		.byte	0
ARM GAS  C:\Users\ADMINI~1\AppData\Local\Temp\ccCqyxMb.s 			page 8


 277 00bf 00       		.byte	0
 278 00c0 08       		.uleb128 0x8
 279 00c1 86010000 		.4byte	.LASF16
 280 00c5 03       		.byte	0x3
 281 00c6 2A       		.byte	0x2a
 282 00c7 AB000000 		.4byte	0xab
 283 00cb 09       		.uleb128 0x9
 284 00cc 27000000 		.4byte	.LASF17
 285 00d0 01       		.byte	0x1
 286 00d1 26       		.byte	0x26
 287 00d2 00000000 		.4byte	.LFB1
 288 00d6 0A000000 		.4byte	.LFE1-.LFB1
 289 00da 01       		.uleb128 0x1
 290 00db 9C       		.byte	0x9c
 291 00dc 0A       		.uleb128 0xa
 292 00dd 3E000000 		.4byte	.LASF18
 293 00e1 01       		.byte	0x1
 294 00e2 3A       		.byte	0x3a
 295 00e3 00000000 		.4byte	.LFB2
 296 00e7 34000000 		.4byte	.LFE2-.LFB2
 297 00eb 01       		.uleb128 0x1
 298 00ec 9C       		.byte	0x9c
 299 00ed 09       		.uleb128 0x9
 300 00ee 4D010000 		.4byte	.LASF19
 301 00f2 01       		.byte	0x1
 302 00f3 58       		.byte	0x58
 303 00f4 00000000 		.4byte	.LFB3
 304 00f8 0A000000 		.4byte	.LFE3-.LFB3
 305 00fc 01       		.uleb128 0x1
 306 00fd 9C       		.byte	0x9c
 307 00fe 0A       		.uleb128 0xa
 308 00ff 04010000 		.4byte	.LASF20
 309 0103 01       		.byte	0x1
 310 0104 6C       		.byte	0x6c
 311 0105 00000000 		.4byte	.LFB4
 312 0109 28000000 		.4byte	.LFE4-.LFB4
 313 010d 01       		.uleb128 0x1
 314 010e 9C       		.byte	0x9c
 315 010f 0B       		.uleb128 0xb
 316 0110 3A010000 		.4byte	.LASF25
 317 0114 01       		.byte	0x1
 318 0115 15       		.byte	0x15
 319 0116 C0000000 		.4byte	0xc0
 320 011a 05       		.uleb128 0x5
 321 011b 03       		.byte	0x3
 322 011c 00000000 		.4byte	Temp_Sensor_backup
 323 0120 00       		.byte	0
 324              		.section	.debug_abbrev,"",%progbits
 325              	.Ldebug_abbrev0:
 326 0000 01       		.uleb128 0x1
 327 0001 11       		.uleb128 0x11
 328 0002 01       		.byte	0x1
 329 0003 25       		.uleb128 0x25
 330 0004 0E       		.uleb128 0xe
 331 0005 13       		.uleb128 0x13
 332 0006 0B       		.uleb128 0xb
 333 0007 03       		.uleb128 0x3
ARM GAS  C:\Users\ADMINI~1\AppData\Local\Temp\ccCqyxMb.s 			page 9


 334 0008 0E       		.uleb128 0xe
 335 0009 1B       		.uleb128 0x1b
 336 000a 0E       		.uleb128 0xe
 337 000b 55       		.uleb128 0x55
 338 000c 17       		.uleb128 0x17
 339 000d 11       		.uleb128 0x11
 340 000e 01       		.uleb128 0x1
 341 000f 10       		.uleb128 0x10
 342 0010 17       		.uleb128 0x17
 343 0011 00       		.byte	0
 344 0012 00       		.byte	0
 345 0013 02       		.uleb128 0x2
 346 0014 24       		.uleb128 0x24
 347 0015 00       		.byte	0
 348 0016 0B       		.uleb128 0xb
 349 0017 0B       		.uleb128 0xb
 350 0018 3E       		.uleb128 0x3e
 351 0019 0B       		.uleb128 0xb
 352 001a 03       		.uleb128 0x3
 353 001b 0E       		.uleb128 0xe
 354 001c 00       		.byte	0
 355 001d 00       		.byte	0
 356 001e 03       		.uleb128 0x3
 357 001f 24       		.uleb128 0x24
 358 0020 00       		.byte	0
 359 0021 0B       		.uleb128 0xb
 360 0022 0B       		.uleb128 0xb
 361 0023 3E       		.uleb128 0x3e
 362 0024 0B       		.uleb128 0xb
 363 0025 03       		.uleb128 0x3
 364 0026 08       		.uleb128 0x8
 365 0027 00       		.byte	0
 366 0028 00       		.byte	0
 367 0029 04       		.uleb128 0x4
 368 002a 16       		.uleb128 0x16
 369 002b 00       		.byte	0
 370 002c 03       		.uleb128 0x3
 371 002d 0E       		.uleb128 0xe
 372 002e 3A       		.uleb128 0x3a
 373 002f 0B       		.uleb128 0xb
 374 0030 3B       		.uleb128 0x3b
 375 0031 05       		.uleb128 0x5
 376 0032 49       		.uleb128 0x49
 377 0033 13       		.uleb128 0x13
 378 0034 00       		.byte	0
 379 0035 00       		.byte	0
 380 0036 05       		.uleb128 0x5
 381 0037 35       		.uleb128 0x35
 382 0038 00       		.byte	0
 383 0039 49       		.uleb128 0x49
 384 003a 13       		.uleb128 0x13
 385 003b 00       		.byte	0
 386 003c 00       		.byte	0
 387 003d 06       		.uleb128 0x6
 388 003e 13       		.uleb128 0x13
 389 003f 01       		.byte	0x1
 390 0040 0B       		.uleb128 0xb
ARM GAS  C:\Users\ADMINI~1\AppData\Local\Temp\ccCqyxMb.s 			page 10


 391 0041 0B       		.uleb128 0xb
 392 0042 3A       		.uleb128 0x3a
 393 0043 0B       		.uleb128 0xb
 394 0044 3B       		.uleb128 0x3b
 395 0045 0B       		.uleb128 0xb
 396 0046 01       		.uleb128 0x1
 397 0047 13       		.uleb128 0x13
 398 0048 00       		.byte	0
 399 0049 00       		.byte	0
 400 004a 07       		.uleb128 0x7
 401 004b 0D       		.uleb128 0xd
 402 004c 00       		.byte	0
 403 004d 03       		.uleb128 0x3
 404 004e 0E       		.uleb128 0xe
 405 004f 3A       		.uleb128 0x3a
 406 0050 0B       		.uleb128 0xb
 407 0051 3B       		.uleb128 0x3b
 408 0052 0B       		.uleb128 0xb
 409 0053 49       		.uleb128 0x49
 410 0054 13       		.uleb128 0x13
 411 0055 38       		.uleb128 0x38
 412 0056 0B       		.uleb128 0xb
 413 0057 00       		.byte	0
 414 0058 00       		.byte	0
 415 0059 08       		.uleb128 0x8
 416 005a 16       		.uleb128 0x16
 417 005b 00       		.byte	0
 418 005c 03       		.uleb128 0x3
 419 005d 0E       		.uleb128 0xe
 420 005e 3A       		.uleb128 0x3a
 421 005f 0B       		.uleb128 0xb
 422 0060 3B       		.uleb128 0x3b
 423 0061 0B       		.uleb128 0xb
 424 0062 49       		.uleb128 0x49
 425 0063 13       		.uleb128 0x13
 426 0064 00       		.byte	0
 427 0065 00       		.byte	0
 428 0066 09       		.uleb128 0x9
 429 0067 2E       		.uleb128 0x2e
 430 0068 00       		.byte	0
 431 0069 3F       		.uleb128 0x3f
 432 006a 19       		.uleb128 0x19
 433 006b 03       		.uleb128 0x3
 434 006c 0E       		.uleb128 0xe
 435 006d 3A       		.uleb128 0x3a
 436 006e 0B       		.uleb128 0xb
 437 006f 3B       		.uleb128 0x3b
 438 0070 0B       		.uleb128 0xb
 439 0071 27       		.uleb128 0x27
 440 0072 19       		.uleb128 0x19
 441 0073 11       		.uleb128 0x11
 442 0074 01       		.uleb128 0x1
 443 0075 12       		.uleb128 0x12
 444 0076 06       		.uleb128 0x6
 445 0077 40       		.uleb128 0x40
 446 0078 18       		.uleb128 0x18
 447 0079 9742     		.uleb128 0x2117
ARM GAS  C:\Users\ADMINI~1\AppData\Local\Temp\ccCqyxMb.s 			page 11


 448 007b 19       		.uleb128 0x19
 449 007c 00       		.byte	0
 450 007d 00       		.byte	0
 451 007e 0A       		.uleb128 0xa
 452 007f 2E       		.uleb128 0x2e
 453 0080 00       		.byte	0
 454 0081 3F       		.uleb128 0x3f
 455 0082 19       		.uleb128 0x19
 456 0083 03       		.uleb128 0x3
 457 0084 0E       		.uleb128 0xe
 458 0085 3A       		.uleb128 0x3a
 459 0086 0B       		.uleb128 0xb
 460 0087 3B       		.uleb128 0x3b
 461 0088 0B       		.uleb128 0xb
 462 0089 27       		.uleb128 0x27
 463 008a 19       		.uleb128 0x19
 464 008b 11       		.uleb128 0x11
 465 008c 01       		.uleb128 0x1
 466 008d 12       		.uleb128 0x12
 467 008e 06       		.uleb128 0x6
 468 008f 40       		.uleb128 0x40
 469 0090 18       		.uleb128 0x18
 470 0091 9642     		.uleb128 0x2116
 471 0093 19       		.uleb128 0x19
 472 0094 00       		.byte	0
 473 0095 00       		.byte	0
 474 0096 0B       		.uleb128 0xb
 475 0097 34       		.uleb128 0x34
 476 0098 00       		.byte	0
 477 0099 03       		.uleb128 0x3
 478 009a 0E       		.uleb128 0xe
 479 009b 3A       		.uleb128 0x3a
 480 009c 0B       		.uleb128 0xb
 481 009d 3B       		.uleb128 0x3b
 482 009e 0B       		.uleb128 0xb
 483 009f 49       		.uleb128 0x49
 484 00a0 13       		.uleb128 0x13
 485 00a1 02       		.uleb128 0x2
 486 00a2 18       		.uleb128 0x18
 487 00a3 00       		.byte	0
 488 00a4 00       		.byte	0
 489 00a5 00       		.byte	0
 490              		.section	.debug_aranges,"",%progbits
 491 0000 34000000 		.4byte	0x34
 492 0004 0200     		.2byte	0x2
 493 0006 00000000 		.4byte	.Ldebug_info0
 494 000a 04       		.byte	0x4
 495 000b 00       		.byte	0
 496 000c 0000     		.2byte	0
 497 000e 0000     		.2byte	0
 498 0010 00000000 		.4byte	.LFB1
 499 0014 0A000000 		.4byte	.LFE1-.LFB1
 500 0018 00000000 		.4byte	.LFB2
 501 001c 34000000 		.4byte	.LFE2-.LFB2
 502 0020 00000000 		.4byte	.LFB3
 503 0024 0A000000 		.4byte	.LFE3-.LFB3
 504 0028 00000000 		.4byte	.LFB4
ARM GAS  C:\Users\ADMINI~1\AppData\Local\Temp\ccCqyxMb.s 			page 12


 505 002c 28000000 		.4byte	.LFE4-.LFB4
 506 0030 00000000 		.4byte	0
 507 0034 00000000 		.4byte	0
 508              		.section	.debug_ranges,"",%progbits
 509              	.Ldebug_ranges0:
 510 0000 00000000 		.4byte	.LFB1
 511 0004 0A000000 		.4byte	.LFE1
 512 0008 00000000 		.4byte	.LFB2
 513 000c 34000000 		.4byte	.LFE2
 514 0010 00000000 		.4byte	.LFB3
 515 0014 0A000000 		.4byte	.LFE3
 516 0018 00000000 		.4byte	.LFB4
 517 001c 28000000 		.4byte	.LFE4
 518 0020 00000000 		.4byte	0
 519 0024 00000000 		.4byte	0
 520              		.section	.debug_line,"",%progbits
 521              	.Ldebug_line0:
 522 0000 B3000000 		.section	.debug_str,"MS",%progbits,1
 522      02006000 
 522      00000201 
 522      FB0E0D00 
 522      01010101 
 523              	.LASF6:
 524 0000 6C6F6E67 		.ascii	"long long int\000"
 524      206C6F6E 
 524      6720696E 
 524      7400
 525              	.LASF24:
 526 000e 656E6162 		.ascii	"enableState\000"
 526      6C655374 
 526      61746500 
 527              	.LASF8:
 528 001a 756E7369 		.ascii	"unsigned int\000"
 528      676E6564 
 528      20696E74 
 528      00
 529              	.LASF17:
 530 0027 54656D70 		.ascii	"Temp_Sensor_SaveConfig\000"
 530      5F53656E 
 530      736F725F 
 530      53617665 
 530      436F6E66 
 531              	.LASF18:
 532 003e 54656D70 		.ascii	"Temp_Sensor_Sleep\000"
 532      5F53656E 
 532      736F725F 
 532      536C6565 
 532      7000
 533              	.LASF23:
 534 0050 443A5C43 		.ascii	"D:\\CYTEST\\Micrium_CY8CKIT-044_OS3\\Examples\\Cypr"
 534      59544553 
 534      545C4D69 
 534      63726975 
 534      6D5F4359 
 535 007f 6573735C 		.ascii	"ess\\CY8CKIT-044\\OS3\\PSoC\\OS3.cydsn\000"
 535      43593843 
 535      4B49542D 
ARM GAS  C:\Users\ADMINI~1\AppData\Local\Temp\ccCqyxMb.s 			page 13


 535      3034345C 
 535      4F53335C 
 536              	.LASF22:
 537 00a2 47656E65 		.ascii	"Generated_Source\\PSoC4\\Temp_Sensor_PM.c\000"
 537      72617465 
 537      645F536F 
 537      75726365 
 537      5C50536F 
 538              	.LASF13:
 539 00ca 72656738 		.ascii	"reg8\000"
 539      00
 540              	.LASF12:
 541 00cf 75696E74 		.ascii	"uint8\000"
 541      3800
 542              	.LASF5:
 543 00d5 6C6F6E67 		.ascii	"long unsigned int\000"
 543      20756E73 
 543      69676E65 
 543      6420696E 
 543      7400
 544              	.LASF7:
 545 00e7 6C6F6E67 		.ascii	"long long unsigned int\000"
 545      206C6F6E 
 545      6720756E 
 545      7369676E 
 545      65642069 
 546              	.LASF9:
 547 00fe 666C6F61 		.ascii	"float\000"
 547      7400
 548              	.LASF20:
 549 0104 54656D70 		.ascii	"Temp_Sensor_Wakeup\000"
 549      5F53656E 
 549      736F725F 
 549      57616B65 
 549      757000
 550              	.LASF1:
 551 0117 756E7369 		.ascii	"unsigned char\000"
 551      676E6564 
 551      20636861 
 551      7200
 552              	.LASF11:
 553 0125 63686172 		.ascii	"char\000"
 553      00
 554              	.LASF4:
 555 012a 6C6F6E67 		.ascii	"long int\000"
 555      20696E74 
 555      00
 556              	.LASF10:
 557 0133 646F7562 		.ascii	"double\000"
 557      6C6500
 558              	.LASF25:
 559 013a 54656D70 		.ascii	"Temp_Sensor_backup\000"
 559      5F53656E 
 559      736F725F 
 559      6261636B 
 559      757000
 560              	.LASF19:
ARM GAS  C:\Users\ADMINI~1\AppData\Local\Temp\ccCqyxMb.s 			page 14


 561 014d 54656D70 		.ascii	"Temp_Sensor_RestoreConfig\000"
 561      5F53656E 
 561      736F725F 
 561      52657374 
 561      6F726543 
 562              	.LASF3:
 563 0167 73686F72 		.ascii	"short unsigned int\000"
 563      7420756E 
 563      7369676E 
 563      65642069 
 563      6E7400
 564              	.LASF0:
 565 017a 7369676E 		.ascii	"signed char\000"
 565      65642063 
 565      68617200 
 566              	.LASF16:
 567 0186 54656D70 		.ascii	"Temp_Sensor_BACKUP_STRUCT\000"
 567      5F53656E 
 567      736F725F 
 567      4241434B 
 567      55505F53 
 568              	.LASF14:
 569 01a0 6C6F6E67 		.ascii	"long double\000"
 569      20646F75 
 569      626C6500 
 570              	.LASF2:
 571 01ac 73686F72 		.ascii	"short int\000"
 571      7420696E 
 571      7400
 572              	.LASF21:
 573 01b6 474E5520 		.ascii	"GNU C11 5.4.1 20160609 (release) [ARM/embedded-5-br"
 573      43313120 
 573      352E342E 
 573      31203230 
 573      31363036 
 574 01e9 616E6368 		.ascii	"anch revision 237715] -mcpu=cortex-m0 -mthumb -g -O"
 574      20726576 
 574      6973696F 
 574      6E203233 
 574      37373135 
 575 021c 30202D66 		.ascii	"0 -ffunction-sections -ffat-lto-objects\000"
 575      66756E63 
 575      74696F6E 
 575      2D736563 
 575      74696F6E 
 576              	.LASF15:
 577 0244 73697A65 		.ascii	"sizetype\000"
 577      74797065 
 577      00
 578              		.ident	"GCC: (GNU Tools for ARM Embedded Processors) 5.4.1 20160609 (release) [ARM/embedded-5-bran
